Loading checkpoint shards:   0%|          | 0/3 [00:00<?, ?it/s]Loading checkpoint shards:  67%|██████▋   | 2/3 [00:00<00:00, 17.14it/s]Loading checkpoint shards: 100%|██████████| 3/3 [00:00<00:00, 17.82it/s]
Rank [0]: 24.24(GB) memory occupied by model
Rank [0]: Created 1 blocks.
Rank [0]: Block 0 in GPU: -4.887580871582031e-06
[rank0]:[W105 08:52:34.082109810 ProcessGroupNCCL.cpp:4115] [PG ID 0 PG GUID 0 Rank 0]  using GPU 0 to perform barrier as devices used by this process are currently unknown. This can potentially cause a hang if this rank to GPU mapping is incorrect.Specify device_ids in barrier() to force use of a particular device,or call init_process_group() with a device_id.
dgx-35:3897795:3897795 [0] NCCL INFO Bootstrap : Using ibp24s0:10.23.1.29<0>
dgx-35:3897795:3897795 [0] NCCL INFO NET/Plugin: No plugin found (libnccl-net.so)
dgx-35:3897795:3897795 [0] NCCL INFO NET/Plugin: Plugin load returned 2 : libnccl-net.so: cannot open shared object file: No such file or directory : when loading libnccl-net.so
dgx-35:3897795:3897795 [0] NCCL INFO NET/Plugin: Using internal network plugin.
dgx-35:3897795:3897795 [0] NCCL INFO cudaDriverVersion 12020
NCCL version 2.21.5+cuda11.8
dgx-35:3897795:3897795 [0] NCCL INFO init.cc:1785 Cuda Host Alloc Size 4 pointer 0x1543d5a00200
dgx-35:3897795:3901282 [0] NCCL INFO NCCL_IB_DISABLE set by environment to 0.
dgx-35:3897795:3901282 [0] NCCL INFO NCCL_IB_HCA set to mlx5_0
dgx-35:3897795:3901282 [0] NCCL INFO NET/IB : Using [0]mlx5_0:1/IB [RO]; OOB ibp24s0:10.23.1.29<0>
dgx-35:3897795:3901282 [0] NCCL INFO Using non-device net plugin version 0
dgx-35:3897795:3901282 [0] NCCL INFO Using network IB
dgx-35:3897795:3901282 [0] NCCL INFO ncclCommInitRank comm 0x9255540 rank 0 nranks 2 cudaDev 0 nvmlDev 0 busId 1b000 commId 0x61c99bdb9614d42 - Init START
dgx-35:3897795:3901282 [0] NCCL INFO NET/IB : GPU Direct RDMA Enabled for HCA 0 'mlx5_0'
dgx-35:3897795:3901282 [0] NCCL INFO NCCL_TOPO_DUMP_FILE set by environment to /scratch/infattllm/fgscaling/rui/slurm_nodes/workspace/RDMC-GDR/slurm/baseline/logs/hkust/01_04_25/nccl-test-166881/topo.xml
dgx-35:3897795:3901282 [0] NCCL INFO NCCL_NET_GDR_LEVEL set by environment to PHB
dgx-35:3897795:3901282 [0] NCCL INFO GPU Direct RDMA Enabled for GPU 1b000 / HCA 0 (distance 4 <= 6), read 0
dgx-35:3897795:3901282 [0] NCCL INFO GPU Direct RDMA Enabled for GPU 1b000 / HCA 0 (distance 4 <= 6), read 0
dgx-35:3897795:3901282 [0] NCCL INFO === System : maxBw 48.0 totalBw 164.8 ===
dgx-35:3897795:3901282 [0] NCCL INFO CPU/0-0 (1/1/2)
dgx-35:3897795:3901282 [0] NCCL INFO + PCI[48.0] - PCI/0-16000 (15b3197900000000)
dgx-35:3897795:3901282 [0] NCCL INFO               + PCI[48.0] - NIC/0-18000
dgx-35:3897795:3901282 [0] NCCL INFO                             + NET[50.0] - NET/0 (d47f0a0003c288a0/1/50.000000)
dgx-35:3897795:3901282 [0] NCCL INFO               + PCI[48.0] - PCI/0-19000 (15b3197900000000)
dgx-35:3897795:3901282 [0] NCCL INFO                             + PCI[48.0] - GPU/0-1b000 (0)
dgx-35:3897795:3901282 [0] NCCL INFO                                           + NVL[164.8] - NVS/0
dgx-35:3897795:3901282 [0] NCCL INFO ==========================================
dgx-35:3897795:3901282 [0] NCCL INFO GPU/1B000 :GPU/0-1b000 (0/5000.0/LOC) NVS/0-0 (1/164.8/NVL) CPU/0-0 (3/48.0/PHB) NET/0-0 (4/48.0/PXB) 
dgx-35:3897795:3901282 [0] NCCL INFO NET/0 :GPU/0-1b000 (4/48.0/PXB) CPU/0-0 (3/48.0/PHB) NET/0-0 (0/5000.0/LOC) 
dgx-35:3897795:3901282 [0] NCCL INFO Setting affinity for GPU 0 to 070000,00000000,00000000,00000007
dgx-35:3897795:3901282 [0] NCCL INFO Pattern 4, crossNic 0, nChannels 2, bw 24.000000/24.000000, type LOC/PXB, sameChannels 1
dgx-35:3897795:3901282 [0] NCCL INFO  0 : NET/0 GPU/0 NET/0
dgx-35:3897795:3901282 [0] NCCL INFO  1 : NET/0 GPU/0 NET/0
dgx-35:3897795:3901282 [0] NCCL INFO Pattern 3, crossNic 0, nChannels 2, bw 48.000000/24.000000, type LOC/PXB, sameChannels 1
dgx-35:3897795:3901282 [0] NCCL INFO  0 : NET/0 GPU/0 NET/0
dgx-35:3897795:3901282 [0] NCCL INFO  1 : NET/0 GPU/0 NET/0
dgx-35:3897795:3901282 [0] NCCL INFO comm 0x9255540 rank 0 nRanks 2 nNodes 2 localRanks 1 localRank 0 MNNVL 0
dgx-35:3897795:3901282 [0] NCCL INFO Tree 0 : -1 -> 0 -> 1/-1/-1
dgx-35:3897795:3901282 [0] NCCL INFO Tree 2 : 1 -> 0 -> -1/-1/-1
dgx-35:3897795:3901282 [0] NCCL INFO Tree 1 : -1 -> 0 -> 1/-1/-1
dgx-35:3897795:3901282 [0] NCCL INFO Tree 3 : 1 -> 0 -> -1/-1/-1
dgx-35:3897795:3901282 [0] NCCL INFO Channel 00/04 :    0   1
dgx-35:3897795:3901282 [0] NCCL INFO Channel 01/04 :    0   1
dgx-35:3897795:3901282 [0] NCCL INFO Channel 02/04 :    0   1
dgx-35:3897795:3901282 [0] NCCL INFO Channel 03/04 :    0   1
dgx-35:3897795:3901282 [0] NCCL INFO Ring 00 : 1 -> 0 -> 1
dgx-35:3897795:3901282 [0] NCCL INFO Ring 01 : 1 -> 0 -> 1
dgx-35:3897795:3901282 [0] NCCL INFO Ring 02 : 1 -> 0 -> 1
dgx-35:3897795:3901282 [0] NCCL INFO Ring 03 : 1 -> 0 -> 1
dgx-35:3897795:3901282 [0] NCCL INFO Trees [0] 1/-1/-1->0->-1 [1] 1/-1/-1->0->-1 [2] -1/-1/-1->0->1 [3] -1/-1/-1->0->1
dgx-35:3897795:3901282 [0] NCCL INFO P2P Chunksize set to 131072
dgx-35:3897795:3901282 [0] NCCL INFO UDS: Creating service thread comm 0x9255540 rank 0
dgx-35:3897795:3901282 [0] NCCL INFO misc/utils.cc:235 memory stack hunk malloc(65536)
dgx-35:3897795:3901282 [0] NCCL INFO channel.cc:41 Cuda Alloc Size 1216 pointer 0x154c17800000
dgx-35:3897795:3901282 [0] NCCL INFO channel.cc:44 Cuda Alloc Size 32 pointer 0x154c17a00000
dgx-35:3897795:3901282 [0] NCCL INFO channel.cc:55 Cuda Alloc Size 8 pointer 0x154c17c00000
dgx-35:3897795:3901282 [0] NCCL INFO channel.cc:41 Cuda Alloc Size 1216 pointer 0x154c17e00000
dgx-35:3897795:3901282 [0] NCCL INFO channel.cc:44 Cuda Alloc Size 32 pointer 0x302000000
dgx-35:3897795:3901282 [0] NCCL INFO channel.cc:55 Cuda Alloc Size 8 pointer 0x302200000
dgx-35:3897795:3901282 [0] NCCL INFO channel.cc:41 Cuda Alloc Size 1216 pointer 0x302400000
dgx-35:3897795:3901282 [0] NCCL INFO channel.cc:44 Cuda Alloc Size 32 pointer 0x302600000
dgx-35:3897795:3901282 [0] NCCL INFO channel.cc:55 Cuda Alloc Size 8 pointer 0x302800000
dgx-35:3897795:3901282 [0] NCCL INFO channel.cc:41 Cuda Alloc Size 1216 pointer 0x302a00000
dgx-35:3897795:3901282 [0] NCCL INFO channel.cc:44 Cuda Alloc Size 32 pointer 0x302c00000
dgx-35:3897795:3901282 [0] NCCL INFO channel.cc:55 Cuda Alloc Size 8 pointer 0x302e00000
dgx-35:3897795:3901282 [0] NCCL INFO GPU Direct RDMA Enabled for GPU 1b000 / HCA 0 (distance 4 <= 6), read 0
dgx-35:3897795:3901284 [0] NCCL INFO Mem Realloc old size 0, new size 8 pointer 0x154c0c000bf0
dgx-35:3897795:3901284 [0] NCCL INFO Allocated 7340388 bytes of shared memory in /dev/shm/nccl-6gHtTp
dgx-35:3897795:3901284 [0] NCCL INFO New proxy recv connection 0 from local rank 0, transport 2
dgx-35:3897795:3901284 [0] NCCL INFO proxyProgressAsync opId=0x154bdfa93cd0 op.type=1 op.reqBuff=0x154c0c000bb0 op.respSize=16 done
dgx-35:3897795:3901282 [0] NCCL INFO ncclPollProxyResponse Received new opId=0x154bdfa93cd0
dgx-35:3897795:3901282 [0] NCCL INFO resp.opId=0x154bdfa93cd0 matches expected opId=0x154bdfa93cd0
dgx-35:3897795:3901284 [0] NCCL INFO Received and initiated operation=Init res=0
dgx-35:3897795:3901282 [0] NCCL INFO Connected to proxy localRank 0 -> connection 0x154c0c005dc0
dgx-35:3897795:3901284 [0] NCCL INFO proxyProgressAsync opId=0x154bdfa93cd0 op.type=3 op.reqBuff=0x154c0c009d20 op.respSize=128 done
dgx-35:3897795:3901282 [0] NCCL INFO ncclPollProxyResponse Received new opId=0x154bdfa93cd0
dgx-35:3897795:3901284 [0] NCCL INFO Received and initiated operation=Setup res=0
dgx-35:3897795:3901282 [0] NCCL INFO resp.opId=0x154bdfa93cd0 matches expected opId=0x154bdfa93cd0
dgx-35:3897795:3901282 [0] NCCL INFO Channel 00/0 : 1[0] -> 0[0] [receive] via NET/IB/0/GDRDMA
dgx-35:3897795:3901282 [0] NCCL INFO GPU Direct RDMA Enabled for GPU 1b000 / HCA 0 (distance 4 <= 6), read 0
dgx-35:3897795:3901284 [0] NCCL INFO New proxy recv connection 1 from local rank 0, transport 2
dgx-35:3897795:3901284 [0] NCCL INFO proxyProgressAsync opId=0x154bdfa93cd0 op.type=1 op.reqBuff=0x154c0c00f1b0 op.respSize=16 done
dgx-35:3897795:3901282 [0] NCCL INFO ncclPollProxyResponse Received new opId=0x154bdfa93cd0
dgx-35:3897795:3901284 [0] NCCL INFO Received and initiated operation=Init res=0
dgx-35:3897795:3901282 [0] NCCL INFO resp.opId=0x154bdfa93cd0 matches expected opId=0x154bdfa93cd0
dgx-35:3897795:3901282 [0] NCCL INFO Connected to proxy localRank 0 -> connection 0x154c0c005e38
dgx-35:3897795:3901284 [0] NCCL INFO proxyProgressAsync opId=0x154bdfa93cd0 op.type=3 op.reqBuff=0x154c0c00f230 op.respSize=128 done
dgx-35:3897795:3901282 [0] NCCL INFO ncclPollProxyResponse Received new opId=0x154bdfa93cd0
dgx-35:3897795:3901284 [0] NCCL INFO Received and initiated operation=Setup res=0
dgx-35:3897795:3901282 [0] NCCL INFO resp.opId=0x154bdfa93cd0 matches expected opId=0x154bdfa93cd0
dgx-35:3897795:3901282 [0] NCCL INFO Channel 01/0 : 1[0] -> 0[0] [receive] via NET/IB/0/GDRDMA
dgx-35:3897795:3901282 [0] NCCL INFO GPU Direct RDMA Enabled for GPU 1b000 / HCA 0 (distance 4 <= 6), read 0
dgx-35:3897795:3901284 [0] NCCL INFO New proxy recv connection 2 from local rank 0, transport 2
dgx-35:3897795:3901284 [0] NCCL INFO proxyProgressAsync opId=0x154bdfa93cd0 op.type=1 op.reqBuff=0x154c0c0146c0 op.respSize=16 done
dgx-35:3897795:3901282 [0] NCCL INFO ncclPollProxyResponse Received new opId=0x154bdfa93cd0
dgx-35:3897795:3901284 [0] NCCL INFO Received and initiated operation=Init res=0
dgx-35:3897795:3901282 [0] NCCL INFO resp.opId=0x154bdfa93cd0 matches expected opId=0x154bdfa93cd0
dgx-35:3897795:3901282 [0] NCCL INFO Connected to proxy localRank 0 -> connection 0x154c0c005eb0
dgx-35:3897795:3901284 [0] NCCL INFO proxyProgressAsync opId=0x154bdfa93cd0 op.type=3 op.reqBuff=0x154c0c014740 op.respSize=128 done
dgx-35:3897795:3901282 [0] NCCL INFO ncclPollProxyResponse Received new opId=0x154bdfa93cd0
dgx-35:3897795:3901284 [0] NCCL INFO Received and initiated operation=Setup res=0
dgx-35:3897795:3901282 [0] NCCL INFO resp.opId=0x154bdfa93cd0 matches expected opId=0x154bdfa93cd0
dgx-35:3897795:3901282 [0] NCCL INFO Channel 02/0 : 1[0] -> 0[0] [receive] via NET/IB/0/GDRDMA
dgx-35:3897795:3901282 [0] NCCL INFO GPU Direct RDMA Enabled for GPU 1b000 / HCA 0 (distance 4 <= 6), read 0
dgx-35:3897795:3901284 [0] NCCL INFO New proxy recv connection 3 from local rank 0, transport 2
dgx-35:3897795:3901284 [0] NCCL INFO proxyProgressAsync opId=0x154bdfa93cd0 op.type=1 op.reqBuff=0x154c0c019bd0 op.respSize=16 done
dgx-35:3897795:3901282 [0] NCCL INFO ncclPollProxyResponse Received new opId=0x154bdfa93cd0
dgx-35:3897795:3901284 [0] NCCL INFO Received and initiated operation=Init res=0
dgx-35:3897795:3901282 [0] NCCL INFO resp.opId=0x154bdfa93cd0 matches expected opId=0x154bdfa93cd0
dgx-35:3897795:3901282 [0] NCCL INFO Connected to proxy localRank 0 -> connection 0x154c0c005f28
dgx-35:3897795:3901284 [0] NCCL INFO proxyProgressAsync opId=0x154bdfa93cd0 op.type=3 op.reqBuff=0x154c0c019c50 op.respSize=128 done
dgx-35:3897795:3901282 [0] NCCL INFO ncclPollProxyResponse Received new opId=0x154bdfa93cd0
dgx-35:3897795:3901284 [0] NCCL INFO Received and initiated operation=Setup res=0
dgx-35:3897795:3901282 [0] NCCL INFO resp.opId=0x154bdfa93cd0 matches expected opId=0x154bdfa93cd0
dgx-35:3897795:3901282 [0] NCCL INFO Channel 03/0 : 1[0] -> 0[0] [receive] via NET/IB/0/GDRDMA
dgx-35:3897795:3901282 [0] NCCL INFO GPU Direct RDMA Enabled for GPU 1b000 / HCA 0 (distance 4 <= 6), read 1
dgx-35:3897795:3901284 [0] NCCL INFO New proxy send connection 4 from local rank 0, transport 2
dgx-35:3897795:3901284 [0] NCCL INFO proxyProgressAsync opId=0x154bdfa93cd0 op.type=1 op.reqBuff=0x154c0c019bf0 op.respSize=16 done
dgx-35:3897795:3901282 [0] NCCL INFO ncclPollProxyResponse Received new opId=0x154bdfa93cd0
dgx-35:3897795:3901284 [0] NCCL INFO Received and initiated operation=Init res=0
dgx-35:3897795:3901282 [0] NCCL INFO resp.opId=0x154bdfa93cd0 matches expected opId=0x154bdfa93cd0
dgx-35:3897795:3901282 [0] NCCL INFO Connected to proxy localRank 0 -> connection 0x154c0c005fa0
dgx-35:3897795:3901284 [0] NCCL INFO proxyProgressAsync opId=0x154bdfa93cd0 op.type=3 op.reqBuff=0x154c0c01f0c0 op.respSize=0 done
dgx-35:3897795:3901284 [0] NCCL INFO Received and initiated operation=Setup res=0
dgx-35:3897795:3901282 [0] NCCL INFO ncclPollProxyResponse Received new opId=0x154bdfa93cd0
dgx-35:3897795:3901282 [0] NCCL INFO resp.opId=0x154bdfa93cd0 matches expected opId=0x154bdfa93cd0
dgx-35:3897795:3901282 [0] NCCL INFO Channel 00/0 : 0[0] -> 1[0] [send] via NET/IB/0/GDRDMA
dgx-35:3897795:3901282 [0] NCCL INFO GPU Direct RDMA Enabled for GPU 1b000 / HCA 0 (distance 4 <= 6), read 1
dgx-35:3897795:3901284 [0] NCCL INFO New proxy send connection 5 from local rank 0, transport 2
dgx-35:3897795:3901284 [0] NCCL INFO proxyProgressAsync opId=0x154bdfa93cd0 op.type=1 op.reqBuff=0x154c0c01f0a0 op.respSize=16 done
dgx-35:3897795:3901282 [0] NCCL INFO ncclPollProxyResponse Received new opId=0x154bdfa93cd0
dgx-35:3897795:3901284 [0] NCCL INFO Received and initiated operation=Init res=0
dgx-35:3897795:3901282 [0] NCCL INFO resp.opId=0x154bdfa93cd0 matches expected opId=0x154bdfa93cd0
dgx-35:3897795:3901282 [0] NCCL INFO Connected to proxy localRank 0 -> connection 0x154c0c006018
dgx-35:3897795:3901284 [0] NCCL INFO proxyProgressAsync opId=0x154bdfa93cd0 op.type=3 op.reqBuff=0x154c0c0243e0 op.respSize=0 done
dgx-35:3897795:3901284 [0] NCCL INFO Received and initiated operation=Setup res=0
dgx-35:3897795:3901282 [0] NCCL INFO ncclPollProxyResponse Received new opId=0x154bdfa93cd0
dgx-35:3897795:3901282 [0] NCCL INFO resp.opId=0x154bdfa93cd0 matches expected opId=0x154bdfa93cd0
dgx-35:3897795:3901282 [0] NCCL INFO Channel 01/0 : 0[0] -> 1[0] [send] via NET/IB/0/GDRDMA
dgx-35:3897795:3901282 [0] NCCL INFO GPU Direct RDMA Enabled for GPU 1b000 / HCA 0 (distance 4 <= 6), read 1
dgx-35:3897795:3901284 [0] NCCL INFO New proxy send connection 6 from local rank 0, transport 2
dgx-35:3897795:3901284 [0] NCCL INFO proxyProgressAsync opId=0x154bdfa93cd0 op.type=1 op.reqBuff=0x154c0c019bf0 op.respSize=16 done
dgx-35:3897795:3901282 [0] NCCL INFO ncclPollProxyResponse Received new opId=0x154bdfa93cd0
dgx-35:3897795:3901284 [0] NCCL INFO Received and initiated operation=Init res=0
dgx-35:3897795:3901282 [0] NCCL INFO resp.opId=0x154bdfa93cd0 matches expected opId=0x154bdfa93cd0
dgx-35:3897795:3901282 [0] NCCL INFO Connected to proxy localRank 0 -> connection 0x154c0c006090
dgx-35:3897795:3901284 [0] NCCL INFO proxyProgressAsync opId=0x154bdfa93cd0 op.type=3 op.reqBuff=0x154c0c029700 op.respSize=0 done
dgx-35:3897795:3901284 [0] NCCL INFO Received and initiated operation=Setup res=0
dgx-35:3897795:3901282 [0] NCCL INFO ncclPollProxyResponse Received new opId=0x154bdfa93cd0
dgx-35:3897795:3901282 [0] NCCL INFO resp.opId=0x154bdfa93cd0 matches expected opId=0x154bdfa93cd0
dgx-35:3897795:3901282 [0] NCCL INFO Channel 02/0 : 0[0] -> 1[0] [send] via NET/IB/0/GDRDMA
dgx-35:3897795:3901282 [0] NCCL INFO GPU Direct RDMA Enabled for GPU 1b000 / HCA 0 (distance 4 <= 6), read 1
dgx-35:3897795:3901284 [0] NCCL INFO New proxy send connection 7 from local rank 0, transport 2
dgx-35:3897795:3901284 [0] NCCL INFO proxyProgressAsync opId=0x154bdfa93cd0 op.type=1 op.reqBuff=0x154c0c01f0a0 op.respSize=16 done
dgx-35:3897795:3901282 [0] NCCL INFO ncclPollProxyResponse Received new opId=0x154bdfa93cd0
dgx-35:3897795:3901284 [0] NCCL INFO Received and initiated operation=Init res=0
dgx-35:3897795:3901282 [0] NCCL INFO resp.opId=0x154bdfa93cd0 matches expected opId=0x154bdfa93cd0
dgx-35:3897795:3901282 [0] NCCL INFO Connected to proxy localRank 0 -> connection 0x154c0c006108
dgx-35:3897795:3901284 [0] NCCL INFO proxyProgressAsync opId=0x154bdfa93cd0 op.type=3 op.reqBuff=0x154c0c02ea20 op.respSize=0 done
dgx-35:3897795:3901284 [0] NCCL INFO Received and initiated operation=Setup res=0
dgx-35:3897795:3901282 [0] NCCL INFO ncclPollProxyResponse Received new opId=0x154bdfa93cd0
dgx-35:3897795:3901282 [0] NCCL INFO resp.opId=0x154bdfa93cd0 matches expected opId=0x154bdfa93cd0
dgx-35:3897795:3901282 [0] NCCL INFO Channel 03/0 : 0[0] -> 1[0] [send] via NET/IB/0/GDRDMA
dgx-35:3897795:3901282 [0] NCCL INFO sendConnect ncclProxyCallAsync opId=0x154bdfa957b8
dgx-35:3897795:3901282 [0] NCCL INFO recvConnect ncclProxyCallAsync opId=0x154bdfa95958 &recv->proxyConn=0x154bdfa95960 connectInfo=0x154bdfadc540
dgx-35:3897795:3901282 [0] NCCL INFO sendConnect ncclProxyCallAsync opId=0x154bdfacdda8
dgx-35:3897795:3901282 [0] NCCL INFO recvConnect ncclProxyCallAsync opId=0x154bdfacdf48 &recv->proxyConn=0x154bdfacdf50 connectInfo=0x154bdfadc5c0
dgx-35:3897795:3901282 [0] NCCL INFO sendConnect ncclProxyCallAsync opId=0x154bdfad2978
dgx-35:3897795:3901284 [0] NCCL INFO transport/net_ib.cc:985 Ib Alloc Size 181568 pointer 0x154c0c03a000
dgx-35:3897795:3901282 [0] NCCL INFO recvConnect ncclProxyCallAsync opId=0x154bdfad2b18 &recv->proxyConn=0x154bdfad2b20 connectInfo=0x154bdfadc640
dgx-35:3897795:3901282 [0] NCCL INFO sendConnect ncclProxyCallAsync opId=0x154bdfad71e8
dgx-35:3897795:3901282 [0] NCCL INFO recvConnect ncclProxyCallAsync opId=0x154bdfad7388 &recv->proxyConn=0x154bdfad7390 connectInfo=0x154bdfadc6c0
dgx-35:3897795:3901284 [0] NCCL INFO NET/IB: NCCL Dev 0 IbDev 0 Port 1 qpn 7796 mtu 5 LID 494 fifoRkey=0x179250 fifoLkey=0x179250
dgx-35:3897795:3901284 [0] NCCL INFO transport/net_ib.cc:1077 Ib Alloc Size 3336 pointer 0x154c0c0ad000
dgx-35:3897795:3901284 [0] NCCL INFO Received and initiated operation=Connect res=0
dgx-35:3897795:3901284 [0] NCCL INFO transport/net_ib.cc:1191 Ib Alloc Size 164448 pointer 0x154c0c0b4000
dgx-35:3897795:3901284 [0] NCCL INFO transport/net_ib.cc:1204 Ib Alloc Size 3336 pointer 0x154c0c0de000
dgx-35:3897795:3901284 [0] NCCL INFO Received and initiated operation=Connect res=0
dgx-35:3897795:3901284 [0] NCCL INFO transport/net_ib.cc:985 Ib Alloc Size 181568 pointer 0x154c0c0e5000
dgx-35:3897795:3901284 [0] NCCL INFO NET/IB: NCCL Dev 0 IbDev 0 Port 1 qpn 7797 mtu 5 LID 494 fifoRkey=0x17da9a fifoLkey=0x17da9a
dgx-35:3897795:3901284 [0] NCCL INFO transport/net_ib.cc:1077 Ib Alloc Size 3336 pointer 0x154c0c14e000
dgx-35:3897795:3901284 [0] NCCL INFO Received and initiated operation=Connect res=0
dgx-35:3897795:3901284 [0] NCCL INFO transport/net_ib.cc:1191 Ib Alloc Size 164448 pointer 0x154c0c155000
dgx-35:3897795:3901284 [0] NCCL INFO Received and initiated operation=Connect res=0
dgx-35:3897795:3901284 [0] NCCL INFO transport/net_ib.cc:985 Ib Alloc Size 181568 pointer 0x154c0c184000
dgx-35:3897795:3901284 [0] NCCL INFO NET/IB: NCCL Dev 0 IbDev 0 Port 1 qpn 7798 mtu 5 LID 494 fifoRkey=0x176a2a fifoLkey=0x176a2a
dgx-35:3897795:3901284 [0] NCCL INFO transport/net_ib.cc:1077 Ib Alloc Size 3336 pointer 0x154c0c1ed000
dgx-35:3897795:3901284 [0] NCCL INFO Received and initiated operation=Connect res=0
dgx-35:3897795:3901284 [0] NCCL INFO transport/net_ib.cc:1345 Ib Alloc Size 3336 pointer 0x154c0c254000
dgx-35:3897795:3901284 [0] NCCL INFO transport/net_ib.cc:1191 Ib Alloc Size 164448 pointer 0x154c0c25b000
dgx-35:3897795:3901284 [0] NCCL INFO Received and initiated operation=Connect res=0
dgx-35:3897795:3901284 [0] NCCL INFO transport/net_ib.cc:985 Ib Alloc Size 181568 pointer 0x154c0c28a000
dgx-35:3897795:3901284 [0] NCCL INFO NET/IB: NCCL Dev 0 IbDev 0 Port 1 qpn 7801 mtu 5 LID 494 fifoRkey=0x175e1f fifoLkey=0x175e1f
dgx-35:3897795:3901284 [0] NCCL INFO transport/net_ib.cc:1077 Ib Alloc Size 3336 pointer 0x154c0c2f3000
dgx-35:3897795:3901284 [0] NCCL INFO Received and initiated operation=Connect res=0
dgx-35:3897795:3901284 [0] NCCL INFO Allocated shareable buffer 0x303000000 size 10485760 ipcDesc 0x154c0c020180
dgx-35:3897795:3901284 [0] NCCL INFO transport/net.cc:745 Cuda Host Alloc Size 532480 pointer 0x1543d5a00400
dgx-35:3897795:3901284 [0] NCCL INFO Mem Realloc old size 0, new size 1024 pointer 0x154c0c2d0970
dgx-35:3897795:3901284 [0] NCCL INFO proxyProgressAsync opId=0x154bdfa957b8 op.type=4 op.reqBuff=0x154c0c033d40 op.respSize=21040 done
dgx-35:3897795:3901282 [0] NCCL INFO ncclPollProxyResponse Received new opId=0x154bdfa957b8
dgx-35:3897795:3901282 [0] NCCL INFO Queuing opId=0x154bdfa957b8 respBuff=0x154bdfb30750 respSize=21040
dgx-35:3897795:3901282 [0] NCCL INFO ncclPollProxyResponse Dequeued cached opId=0x154bdfa957b8
dgx-35:3897795:3901282 [0] NCCL INFO sendConnect ncclPollProxyResponse opId=0x154bdfa957b8
dgx-35:3897795:3901284 [0] NCCL INFO Allocated shareable buffer 0x304000000 size 9633792 ipcDesc 0x154c0c00ae70
dgx-35:3897795:3901284 [0] NCCL INFO transport/net.cc:894 Cuda Host Alloc Size 8192 pointer 0x1543d5a82400
dgx-35:3897795:3901284 [0] NCCL INFO proxyProgressAsync opId=0x154bdfa95958 op.type=4 op.reqBuff=0x154c0c019bf0 op.respSize=21040 done
dgx-35:3897795:3901282 [0] NCCL INFO ncclPollProxyResponse Received new opId=0x154bdfa95958
dgx-35:3897795:3901282 [0] NCCL INFO Queuing opId=0x154bdfa95958 respBuff=0x154bdfae3590 respSize=21040
dgx-35:3897795:3901282 [0] NCCL INFO ncclPollProxyResponse Dequeued cached opId=0x154bdfa95958
dgx-35:3897795:3901282 [0] NCCL INFO recvConnect ncclPollProxyResponse opId=0x154bdfa95958
dgx-35:3897795:3901284 [0] NCCL INFO Allocated shareable buffer 0x304a00000 size 10485760 ipcDesc 0x154c0c0254a0
dgx-35:3897795:3901284 [0] NCCL INFO transport/net.cc:745 Cuda Host Alloc Size 532480 pointer 0x1543d5a84400
dgx-35:3897795:3901284 [0] NCCL INFO proxyProgressAsync opId=0x154bdfacdda8 op.type=4 op.reqBuff=0x154c0c0dd3d0 op.respSize=21040 done
dgx-35:3897795:3901282 [0] NCCL INFO ncclPollProxyResponse Received new opId=0x154bdfacdda8
dgx-35:3897795:3901282 [0] NCCL INFO Queuing opId=0x154bdfacdda8 respBuff=0x154bdfae3590 respSize=21040
dgx-35:3897795:3901284 [0] NCCL INFO transport/net_ib.cc:1204 Ib Alloc Size 3336 pointer 0x154c0c0af000
dgx-35:3897795:3901282 [0] NCCL INFO ncclPollProxyResponse Dequeued cached opId=0x154bdfacdda8
dgx-35:3897795:3901282 [0] NCCL INFO sendConnect ncclPollProxyResponse opId=0x154bdfacdda8
dgx-35:3897795:3901284 [0] NCCL INFO transport/net_ib.cc:1345 Ib Alloc Size 3336 pointer 0x154c0c350000
dgx-35:3897795:3901284 [0] NCCL INFO transport/net_ib.cc:1204 Ib Alloc Size 3336 pointer 0x154c0c352000
dgx-35:3897795:3901284 [0] NCCL INFO transport/net_ib.cc:1345 Ib Alloc Size 3336 pointer 0x154c0c3b9000
dgx-35:3897795:3901284 [0] NCCL INFO transport/net_ib.cc:1191 Ib Alloc Size 164448 pointer 0x154c0c3c0000
dgx-35:3897795:3901284 [0] NCCL INFO Received and initiated operation=Connect res=0
dgx-35:3897795:3901284 [0] NCCL INFO Allocated shareable buffer 0x305400000 size 9633792 ipcDesc 0x154c0c010380
dgx-35:3897795:3901284 [0] NCCL INFO transport/net.cc:894 Cuda Host Alloc Size 8192 pointer 0x1543d5b06400
dgx-35:3897795:3901284 [0] NCCL INFO proxyProgressAsync opId=0x154bdfacdf48 op.type=4 op.reqBuff=0x154c0c01f0a0 op.respSize=21040 done
dgx-35:3897795:3901282 [0] NCCL INFO ncclPollProxyResponse Received new opId=0x154bdfacdf48
dgx-35:3897795:3901282 [0] NCCL INFO resp.opId=0x154bdfacdf48 matches expected opId=0x154bdfacdf48
dgx-35:3897795:3901282 [0] NCCL INFO recvConnect ncclPollProxyResponse opId=0x154bdfacdf48
dgx-35:3897795:3901284 [0] NCCL INFO Allocated shareable buffer 0x306000000 size 10485760 ipcDesc 0x154c0c02a7c0
dgx-35:3897795:3901284 [0] NCCL INFO transport/net.cc:745 Cuda Host Alloc Size 532480 pointer 0x1543d5b08400
dgx-35:3897795:3901284 [0] NCCL INFO proxyProgressAsync opId=0x154bdfad2978 op.type=4 op.reqBuff=0x154c0c0e4e50 op.respSize=21040 done
dgx-35:3897795:3901282 [0] NCCL INFO ncclPollProxyResponse Received new opId=0x154bdfad2978
dgx-35:3897795:3901282 [0] NCCL INFO Queuing opId=0x154bdfad2978 respBuff=0x154bdfaeda10 respSize=21040
dgx-35:3897795:3901282 [0] NCCL INFO ncclPollProxyResponse Dequeued cached opId=0x154bdfad2978
dgx-35:3897795:3901282 [0] NCCL INFO sendConnect ncclPollProxyResponse opId=0x154bdfad2978
dgx-35:3897795:3901284 [0] NCCL INFO Allocated shareable buffer 0x306a00000 size 9633792 ipcDesc 0x154c0c015890
dgx-35:3897795:3901284 [0] NCCL INFO transport/net.cc:894 Cuda Host Alloc Size 8192 pointer 0x1543d5b8a400
dgx-35:3897795:3901284 [0] NCCL INFO proxyProgressAsync opId=0x154bdfad2b18 op.type=4 op.reqBuff=0x154c0c0e4fe0 op.respSize=21040 done
dgx-35:3897795:3901282 [0] NCCL INFO ncclPollProxyResponse Received new opId=0x154bdfad2b18
dgx-35:3897795:3901282 [0] NCCL INFO Queuing opId=0x154bdfad2b18 respBuff=0x154bdfae3590 respSize=21040
dgx-35:3897795:3901284 [0] NCCL INFO transport/net_ib.cc:1204 Ib Alloc Size 3336 pointer 0x154c0c17f000
dgx-35:3897795:3901282 [0] NCCL INFO ncclPollProxyResponse Dequeued cached opId=0x154bdfad2b18
dgx-35:3897795:3901282 [0] NCCL INFO recvConnect ncclPollProxyResponse opId=0x154bdfad2b18
dgx-35:3897795:3901284 [0] NCCL INFO transport/net_ib.cc:1345 Ib Alloc Size 3336 pointer 0x154c0c445000
dgx-35:3897795:3901284 [0] NCCL INFO Allocated shareable buffer 0x307400000 size 10485760 ipcDesc 0x154c0c02fae0
dgx-35:3897795:3901284 [0] NCCL INFO transport/net.cc:745 Cuda Host Alloc Size 532480 pointer 0x307e00000
dgx-35:3897795:3901284 [0] NCCL INFO proxyProgressAsync opId=0x154bdfad71e8 op.type=4 op.reqBuff=0x154c0c082a40 op.respSize=21040 done
dgx-35:3897795:3901282 [0] NCCL INFO ncclPollProxyResponse Received new opId=0x154bdfad71e8
dgx-35:3897795:3901282 [0] NCCL INFO resp.opId=0x154bdfad71e8 matches expected opId=0x154bdfad71e8
dgx-35:3897795:3901282 [0] NCCL INFO sendConnect ncclPollProxyResponse opId=0x154bdfad71e8
dgx-35:3897795:3901284 [0] NCCL INFO Allocated shareable buffer 0x308000000 size 9633792 ipcDesc 0x154c0c01ada0
dgx-35:3897795:3901284 [0] NCCL INFO transport/net.cc:894 Cuda Host Alloc Size 8192 pointer 0x1543d5b8c400
dgx-35:3897795:3901284 [0] NCCL INFO proxyProgressAsync opId=0x154bdfad7388 op.type=4 op.reqBuff=0x154c0c2f4fe0 op.respSize=21040 done
dgx-35:3897795:3901282 [0] NCCL INFO ncclPollProxyResponse Received new opId=0x154bdfad7388
dgx-35:3897795:3901282 [0] NCCL INFO resp.opId=0x154bdfad7388 matches expected opId=0x154bdfad7388
dgx-35:3897795:3901282 [0] NCCL INFO recvConnect ncclPollProxyResponse opId=0x154bdfad7388
dgx-35:3897795:3901282 [0] NCCL INFO Connected all rings
dgx-35:3897795:3901282 [0] NCCL INFO Connected all trees
dgx-35:3897795:3901282 [0] NCCL INFO   Algorithm   |                            Tree                  |                            Ring                  |                   CollNetDirect                  |
dgx-35:3897795:3901282 [0] NCCL INFO   Protocol    |             LL |          LL128 |         Simple |             LL |          LL128 |         Simple |             LL |          LL128 |         Simple |
dgx-35:3897795:3901282 [0] NCCL INFO  Max NThreads |            512 |            640 |            512 |            512 |            640 |            512 |              0 |              0 |            640 |
dgx-35:3897795:3901282 [0] NCCL INFO     Broadcast |     0.0/   0.0 |     0.0/   0.0 |     0.0/   0.0 |     9.3/  24.0 |    18.0/  33.6 |    22.4/  48.0 |     0.0/   0.0 |     0.0/   0.0 |     0.0/   0.0 |
dgx-35:3897795:3901282 [0] NCCL INFO        Reduce |     0.0/   0.0 |     0.0/   0.0 |     0.0/   0.0 |     9.3/  24.0 |    18.0/  33.6 |    22.4/  48.0 |     0.0/   0.0 |     0.0/   0.0 |     0.0/   0.0 |
dgx-35:3897795:3901282 [0] NCCL INFO     AllGather |     0.0/   0.0 |     0.0/   0.0 |     0.0/   0.0 |     9.3/  48.0 |    18.0/  67.2 |    22.4/  96.0 |     0.0/   0.0 |     0.0/   0.0 |    31.0/   0.0 |
dgx-35:3897795:3901282 [0] NCCL INFO ReduceScatter |     0.0/   0.0 |     0.0/   0.0 |     0.0/   0.0 |     9.3/  48.0 |    18.0/  67.2 |    22.4/  96.0 |     0.0/   0.0 |     0.0/   0.0 |    31.0/   0.0 |
dgx-35:3897795:3901282 [0] NCCL INFO     AllReduce |    16.8/   9.3 |    31.0/  31.2 |    56.0/  35.2 |    15.4/  24.0 |    25.0/   0.0 |    53.0/  48.0 |     0.0/   0.0 |     0.0/   0.0 |    31.0/   0.0 |
dgx-35:3897795:3901282 [0] NCCL INFO   Algorithm   |                    CollNetChain                  |                            NVLS                  |                        NVLSTree                  |
dgx-35:3897795:3901282 [0] NCCL INFO   Protocol    |             LL |          LL128 |         Simple |             LL |          LL128 |         Simple |             LL |          LL128 |         Simple |
dgx-35:3897795:3901282 [0] NCCL INFO  Max NThreads |              0 |              0 |            640 |              0 |              0 |            640 |              0 |              0 |            640 |
dgx-35:3897795:3901282 [0] NCCL INFO     Broadcast |     0.0/   0.0 |     0.0/   0.0 |     0.0/   0.0 |     0.0/   0.0 |     0.0/   0.0 |     0.0/   0.0 |     0.0/   0.0 |     0.0/   0.0 |     0.0/   0.0 |
dgx-35:3897795:3901282 [0] NCCL INFO        Reduce |     0.0/   0.0 |     0.0/   0.0 |     0.0/   0.0 |     0.0/   0.0 |     0.0/   0.0 |     0.0/   0.0 |     0.0/   0.0 |     0.0/   0.0 |     0.0/   0.0 |
dgx-35:3897795:3901282 [0] NCCL INFO     AllGather |     0.0/   0.0 |     0.0/   0.0 |     0.0/   0.0 |     0.0/   0.0 |     0.0/   0.0 |    18.0/   0.0 |     0.0/   0.0 |     0.0/   0.0 |     0.0/   0.0 |
dgx-35:3897795:3901282 [0] NCCL INFO ReduceScatter |     0.0/   0.0 |     0.0/   0.0 |     0.0/   0.0 |     0.0/   0.0 |     0.0/   0.0 |    18.0/   0.0 |     0.0/   0.0 |     0.0/   0.0 |     0.0/   0.0 |
dgx-35:3897795:3901282 [0] NCCL INFO     AllReduce |     0.0/   0.0 |     0.0/   0.0 |    30.0/   0.0 |     0.0/   0.0 |     0.0/   0.0 |    18.0/   0.0 |     0.0/   0.0 |     0.0/   0.0 |    28.0/   0.0 |
dgx-35:3897795:3901282 [0] NCCL INFO threadThresholds 8/8/64 | 16/8/64 | 512 | 512
dgx-35:3897795:3901282 [0] NCCL INFO 4 coll channels, 4 collnet channels, 0 nvls channels, 4 p2p channels, 2 p2p channels per peer
dgx-35:3897795:3901284 [0] NCCL INFO New proxy send connection 8 from local rank 0, transport 2
dgx-35:3897795:3901284 [0] NCCL INFO proxyProgressAsync opId=0x154bdfa93cd0 op.type=1 op.reqBuff=0x154c0c1b1b40 op.respSize=16 done
dgx-35:3897795:3901282 [0] NCCL INFO ncclPollProxyResponse Received new opId=0x154bdfa93cd0
dgx-35:3897795:3901284 [0] NCCL INFO Received and initiated operation=Init res=0
dgx-35:3897795:3901282 [0] NCCL INFO resp.opId=0x154bdfa93cd0 matches expected opId=0x154bdfa93cd0
dgx-35:3897795:3901282 [0] NCCL INFO Connected to proxy localRank 0 -> connection 0x154c0c006180
dgx-35:3897795:3901284 [0] NCCL INFO Allocated shareable buffer 0x308a00000 size 8388608 ipcDesc 0x154c0c1b1c18
dgx-35:3897795:3901284 [0] NCCL INFO proxyProgressAsync opId=0x154bdfa93cd0 op.type=2 op.reqBuff=0x154c0c1b1bc0 op.respSize=0 done
dgx-35:3897795:3901284 [0] NCCL INFO Received and initiated operation=SharedInit res=0
dgx-35:3897795:3901282 [0] NCCL INFO ncclPollProxyResponse Received new opId=0x154bdfa93cd0
dgx-35:3897795:3901282 [0] NCCL INFO resp.opId=0x154bdfa93cd0 matches expected opId=0x154bdfa93cd0
dgx-35:3897795:3901282 [0] NCCL INFO init.cc:402 Cuda Alloc Size 11856 pointer 0x309200000
dgx-35:3897795:3901282 [0] NCCL INFO init.cc:430 Cuda Host Alloc Size 33554432 pointer 0x154c26000000
dgx-35:3897795:3901282 [0] NCCL INFO init.cc:436 Cuda Host Alloc Size 128 pointer 0x1543d5b8e400
dgx-35:3897795:3901282 [0] NCCL INFO TUNER/Plugin: Plugin load returned 2 : libnccl-net.so: cannot open shared object file: No such file or directory : when loading libnccl-tuner.so
dgx-35:3897795:3901282 [0] NCCL INFO TUNER/Plugin: Using internal tuner plugin.
dgx-35:3897795:3901282 [0] NCCL INFO ncclCommInitRank comm 0x9255540 rank 0 nranks 2 cudaDev 0 nvmlDev 0 busId 1b000 commId 0x61c99bdb9614d42 - Init COMPLETE
dgx-35:3897795:3897795 [0] NCCL INFO AllReduce: opCount 0 sendbuff 0x1543d5c00200 recvbuff 0x1543d5c00200 count 1 datatype 7 op 0 root 0 comm 0x9255540 [nranks=2] stream 0x8b2fb50
dgx-35:3897795:3897795 [0] NCCL INFO misc/utils.cc:235 memory stack hunk malloc(65536)
dgx-35:3897795:3897795 [0] NCCL INFO 4 Bytes -> Algo 1 proto 0 time 15.400167
dgx-35:3897795:3897795 [0] NCCL INFO AllReduce: opCount 1 sendbuff 0x1543d5c00000 recvbuff 0x1543d5c00000 count 1 datatype 7 op 0 root 0 comm 0x9255540 [nranks=2] stream 0x8b2fb50
dgx-35:3897795:3897795 [0] NCCL INFO 4 Bytes -> Algo 1 proto 0 time 15.400167
Rank 0: Received model_metadata: {'block_shape': torch.Size([13015864320])}
dgx-35:3897795:3897795 [0] NCCL INFO AllReduce: opCount 2 sendbuff 0x1543d5c00200 recvbuff 0x1543d5c00200 count 1 datatype 7 op 0 root 0 comm 0x9255540 [nranks=2] stream 0x8b2fb50
dgx-35:3897795:3897795 [0] NCCL INFO 4 Bytes -> Algo 1 proto 0 time 15.400167
Rank [0]: Starting broadcast...
Rank [0]: broadcast block 1
dgx-35:3897795:3897795 [0] NCCL INFO Broadcast: opCount 3 sendbuff 0x153dc6000000 recvbuff 0x153dc6000000 count 26031728640 datatype 0 op 0 root 0 comm 0x9255540 [nranks=2] stream 0x8b2fb50
dgx-35:3897795:3897795 [0] NCCL INFO 26031728640 Bytes -> Algo 1 proto 2 time 542350.062500
dgx-35:3897795:3897795 [0] NCCL INFO AllReduce: opCount 4 sendbuff 0x1543d5c00000 recvbuff 0x1543d5c00000 count 1 datatype 7 op 0 root 0 comm 0x9255540 [nranks=2] stream 0x8b2fb50
dgx-35:3897795:3897795 [0] NCCL INFO 4 Bytes -> Algo 1 proto 0 time 15.400167
Rank [0]: Total Broadcast Time 534.557 ms.
Rank [0]: First block after broadcast: -4.887580871582031e-06
dgx-35:3897795:3901284 [0] NCCL INFO [Service thread] Connection closed by localRank 0
dgx-35:3897795:3901285 [0] NCCL INFO [Proxy Service UDS] exit: stop 1 abortFlag 1
dgx-35:3897795:3901288 [0] NCCL INFO comm 0x9255540 rank 0 nranks 2 cudaDev 0 busId 1b000 - Abort COMPLETE
