dgx-35:3927805:3928090 [0] NCCL INFO ncclPollProxyResponse Received new opId=0x154befa97d60
dgx-35:3927805:3928090 [0] NCCL INFO resp.opId=0x154befa97d60 matches expected opId=0x154befa97d60
dgx-35:3927805:3928131 [0] NCCL INFO New proxy recv connection 26 from local rank 0, transport 0
dgx-35:3927805:3928131 [0] NCCL INFO proxyProgressAsync opId=0x154befa97d60 op.type=1 op.reqBuff=0x154c1c0690a0 op.respSize=16 done
dgx-35:3927805:3928131 [0] NCCL INFO Received and initiated operation=Init res=0
dgx-35:3927805:3928090 [0] NCCL INFO ncclPollProxyResponse Received new opId=0x154befa97d60
dgx-35:3927805:3928090 [0] NCCL INFO resp.opId=0x154befa97d60 matches expected opId=0x154befa97d60
dgx-35:3927805:3928090 [0] NCCL INFO Connected to proxy localRank 0 -> connection 0x154c1c0069e0
dgx-35:3927805:3928131 [0] NCCL INFO Allocated shareable buffer 0x60d400000 size 10485760 ipcDesc 0x154c1c0f5c00
dgx-35:3927805:3928131 [0] NCCL INFO proxyProgressAsync opId=0x154befa97d60 op.type=3 op.reqBuff=0x154c1c0f5bd0 op.respSize=80 done
dgx-35:3927805:3928131 [0] NCCL INFO Received and initiated operation=Setup res=0
dgx-35:3927805:3928090 [0] NCCL INFO ncclPollProxyResponse Received new opId=0x154befa97d60
dgx-35:3927805:3928090 [0] NCCL INFO resp.opId=0x154befa97d60 matches expected opId=0x154befa97d60
dgx-35:3927805:3928131 [0] NCCL INFO New proxy recv connection 27 from local rank 0, transport 0
dgx-35:3927805:3928131 [0] NCCL INFO proxyProgressAsync opId=0x154befa97d60 op.type=1 op.reqBuff=0x154c1c0f5bd0 op.respSize=16 done
dgx-35:3927805:3928131 [0] NCCL INFO Received and initiated operation=Init res=0
dgx-35:3927805:3928090 [0] NCCL INFO ncclPollProxyResponse Received new opId=0x154befa97d60
dgx-35:3927805:3928090 [0] NCCL INFO resp.opId=0x154befa97d60 matches expected opId=0x154befa97d60
dgx-35:3927805:3928090 [0] NCCL INFO Connected to proxy localRank 0 -> connection 0x154c1c006a58
dgx-35:3927805:3928131 [0] NCCL INFO Allocated shareable buffer 0x60e000000 size 10485760 ipcDesc 0x154c1c069fc0
dgx-35:3927805:3928131 [0] NCCL INFO proxyProgressAsync opId=0x154befa97d60 op.type=3 op.reqBuff=0x154c1c1d12d0 op.respSize=80 done
dgx-35:3927805:3928131 [0] NCCL INFO Received and initiated operation=Setup res=0
dgx-35:3927805:3928090 [0] NCCL INFO ncclPollProxyResponse Received new opId=0x154befa97d60
dgx-35:3927805:3928090 [0] NCCL INFO resp.opId=0x154befa97d60 matches expected opId=0x154befa97d60
dgx-35:3927805:3928131 [0] NCCL INFO New proxy send connection 28 from local rank 3, transport 2
dgx-35:3927805:3928131 [0] NCCL INFO proxyProgressAsync opId=0x155213bf6db0 op.type=1 op.reqBuff=0x154c1c1d12d0 op.respSize=16 done
dgx-35:3927805:3928131 [0] NCCL INFO Received and initiated operation=Init res=0
dgx-35:3927805:3928131 [0] NCCL INFO Allocated shareable buffer 0x60ea00000 size 8388608 ipcDesc 0x154c1c1cf1c8
dgx-35:3927805:3928131 [0] NCCL INFO proxyProgressAsync opId=0x155213bf6db0 op.type=2 op.reqBuff=0x154c1c1d2d60 op.respSize=0 done
dgx-35:3927805:3928131 [0] NCCL INFO Received and initiated operation=SharedInit res=0
dgx-35:3927805:3928134 [0] NCCL INFO proxyUDSRecvReq::ncclProxyMsgGetFd rank 1 opId 0x25cad5017194a622 handle=0x154c1c297cb0
dgx-35:3927805:3928134 [0] NCCL INFO UDS proxyGetFd received handle 0x154c1c297cb0 peer 1 opId 25cad5017194a622
dgx-35:3927805:3928090 [0] NCCL INFO ProxyCall UDS comm 0x9286b60 rank 0 tpRank 1(daaa138fe53b3bb2) reqSize 8 respSize 0 respFd 0x155249d40d38 opId 0x9be8f248d0fbab4a
dgx-35:3927805:3928090 [0] NCCL INFO ProxyCall UDS comm 0x9286b60 rank 0 tpRank 1(daaa138fe53b3bb2) reqSize 8 respSize 0 respFd 115 opId 0x9be8f248d0fbab4a - DONE
dgx-35:3927805:3928090 [0] NCCL INFO UDS: ClientGetFd handle 0x15520000f720 tpRank 1 returned fd 115
dgx-35:3927805:3928090 [0] NCCL INFO UDS converted handle 0x15520000f720 to fd 115 on remote peer 1
dgx-35:3927805:3928090 [0] NCCL INFO Imported shareable buffer device 0 size 10485760 ptr 0x60f200000
dgx-35:3927805:3928090 [0] NCCL INFO ProxyCall UDS comm 0x9286b60 rank 0 tpRank 1(daaa138fe53b3bb2) reqSize 8 respSize 0 respFd 0x155249d40d38 opId 0x9a111459d424480c
dgx-35:3927805:3928090 [0] NCCL INFO ProxyCall UDS comm 0x9286b60 rank 0 tpRank 1(daaa138fe53b3bb2) reqSize 8 respSize 0 respFd 115 opId 0x9a111459d424480c - DONE
dgx-35:3927805:3928090 [0] NCCL INFO UDS: ClientGetFd handle 0x155200010e00 tpRank 1 returned fd 115
dgx-35:3927805:3928090 [0] NCCL INFO UDS converted handle 0x155200010e00 to fd 115 on remote peer 1
dgx-35:3927805:3928134 [0] NCCL INFO proxyUDSRecvReq::ncclProxyMsgGetFd rank 1 opId 0x6be4d534f1087d4d handle=0x154c1c4513b0
dgx-35:3927805:3928134 [0] NCCL INFO UDS proxyGetFd received handle 0x154c1c4513b0 peer 1 opId 6be4d534f1087d4d
dgx-35:3927805:3928090 [0] NCCL INFO Imported shareable buffer device 0 size 10485760 ptr 0x610000000
dgx-35:3927805:3928090 [0] NCCL INFO ProxyCall UDS comm 0x9286b60 rank 0 tpRank 1(daaa138fe53b3bb2) reqSize 8 respSize 0 respFd 0x155249d40d38 opId 0x14225791573aa23d
dgx-35:3927805:3928090 [0] NCCL INFO ProxyCall UDS comm 0x9286b60 rank 0 tpRank 1(daaa138fe53b3bb2) reqSize 8 respSize 0 respFd 115 opId 0x14225791573aa23d - DONE
dgx-35:3927805:3928090 [0] NCCL INFO UDS: ClientGetFd handle 0x1552000124e0 tpRank 1 returned fd 115
dgx-35:3927805:3928090 [0] NCCL INFO UDS converted handle 0x1552000124e0 to fd 115 on remote peer 1
dgx-35:3927805:3928090 [0] NCCL INFO Imported shareable buffer device 0 size 10485760 ptr 0x610a00000
dgx-35:3927805:3928090 [0] NCCL INFO ProxyCall UDS comm 0x9286b60 rank 0 tpRank 1(daaa138fe53b3bb2) reqSize 8 respSize 0 respFd 0x155249d40d38 opId 0xdd4415e26600671b
dgx-35:3927805:3928090 [0] NCCL INFO ProxyCall UDS comm 0x9286b60 rank 0 tpRank 1(daaa138fe53b3bb2) reqSize 8 respSize 0 respFd 115 opId 0xdd4415e26600671b - DONE
dgx-35:3927805:3928090 [0] NCCL INFO UDS: ClientGetFd handle 0x155200013b80 tpRank 1 returned fd 115
dgx-35:3927805:3928090 [0] NCCL INFO UDS converted handle 0x155200013b80 to fd 115 on remote peer 1
dgx-35:3927805:3928134 [0] NCCL INFO proxyUDSRecvReq::ncclProxyMsgGetFd rank 1 opId 0x9ca14695a7d94622 handle=0x154c1c06c7d0
dgx-35:3927805:3928134 [0] NCCL INFO UDS proxyGetFd received handle 0x154c1c06c7d0 peer 1 opId 9ca14695a7d94622
dgx-35:3927805:3928090 [0] NCCL INFO Imported shareable buffer device 0 size 10485760 ptr 0x611400000
dgx-35:3927805:3928090 [0] NCCL INFO sendConnect ncclProxyCallAsync opId=0x154befbccf80
dgx-35:3927805:3928134 [0] NCCL INFO proxyUDSRecvReq::ncclProxyMsgGetFd rank 1 opId 0x3b349808e97b2f27 handle=0x154c1c03e250
dgx-35:3927805:3928134 [0] NCCL INFO UDS proxyGetFd received handle 0x154c1c03e250 peer 1 opId 3b349808e97b2f27
dgx-35:3927805:3928090 [0] NCCL INFO recvConnect ncclProxyCallAsync opId=0x154befbcd120 &recv->proxyConn=0x154befbcd128 connectInfo=0x154befbffcc0
dgx-35:3927805:3928090 [0] NCCL INFO sendConnect ncclProxyCallAsync opId=0x154befbe2d40
dgx-35:3927805:3928090 [0] NCCL INFO recvConnect ncclProxyCallAsync opId=0x154befbe2ee0 &recv->proxyConn=0x154befbe2ee8 connectInfo=0x154befbffd40
dgx-35:3927805:3928090 [0] NCCL INFO sendConnect ncclProxyCallAsync opId=0x154befbe8e20
dgx-35:3927805:3928090 [0] NCCL INFO recvConnect ncclProxyCallAsync opId=0x154befbe8fc0 &recv->proxyConn=0x154befbe8fc8 connectInfo=0x154befbffdc0
dgx-35:3927805:3928090 [0] NCCL INFO sendConnect ncclProxyCallAsync opId=0x154befbeeb50
dgx-35:3927805:3928090 [0] NCCL INFO recvConnect ncclProxyCallAsync opId=0x154befbeecf0 &recv->proxyConn=0x154befbeecf8 connectInfo=0x154befbffe40
dgx-35:3927805:3928131 [0] NCCL INFO transport/net_ib.cc:985 Ib Alloc Size 181568 pointer 0x154c1c477000
dgx-35:3927805:3928090 [0] NCCL INFO ProxyCall UDS comm 0x9286b60 rank 0 tpRank 1(daaa138fe53b3bb2) reqSize 8 respSize 0 respFd 0x155249d3fd08 opId 0x50c0e79f70e6898d
dgx-35:3927805:3928131 [0] NCCL INFO NET/IB: NCCL Dev 0 IbDev 0 Port 1 qpn 7894 mtu 5 LID 494 fifoRkey=0x149657 fifoLkey=0x149657
dgx-35:3927805:3928131 [0] NCCL INFO transport/net_ib.cc:1077 Ib Alloc Size 3336 pointer 0x154c1c4d8000
dgx-35:3927805:3928131 [0] NCCL INFO Received and initiated operation=Connect res=0
dgx-35:3927805:3928131 [0] NCCL INFO transport/net_ib.cc:1191 Ib Alloc Size 164448 pointer 0x154c1c4df000
dgx-35:3927805:3928131 [0] NCCL INFO transport/net_ib.cc:1204 Ib Alloc Size 3336 pointer 0x154c1c509000
dgx-35:3927805:3928090 [0] NCCL INFO ProxyCall UDS comm 0x9286b60 rank 0 tpRank 1(daaa138fe53b3bb2) reqSize 8 respSize 0 respFd 117 opId 0x50c0e79f70e6898d - DONE
dgx-35:3927805:3928090 [0] NCCL INFO UDS: ClientGetFd handle 0x15520001aca0 tpRank 1 returned fd 117
dgx-35:3927805:3928090 [0] NCCL INFO UDS converted handle 0x15520001aca0 to fd 117 on remote peer 1
dgx-35:3927805:3928134 [0] NCCL INFO proxyUDSRecvReq::ncclProxyMsgGetFd rank 1 opId 0x46672ea236718406 handle=0x154c1c09c0a0
dgx-35:3927805:3928134 [0] NCCL INFO UDS proxyGetFd received handle 0x154c1c09c0a0 peer 1 opId 46672ea236718406
dgx-35:3927805:3928131 [0] NCCL INFO transport/net_ib.cc:1345 Ib Alloc Size 3336 pointer 0x154c1c570000
dgx-35:3927805:3928131 [0] NCCL INFO Received and initiated operation=Connect res=0
dgx-35:3927805:3928131 [0] NCCL INFO transport/net_ib.cc:985 Ib Alloc Size 181568 pointer 0x154c1c577000
dgx-35:3927805:3928131 [0] NCCL INFO NET/IB: NCCL Dev 0 IbDev 0 Port 1 qpn 7897 mtu 5 LID 494 fifoRkey=0x1fbc7c fifoLkey=0x1fbc7c
dgx-35:3927805:3928131 [0] NCCL INFO transport/net_ib.cc:1077 Ib Alloc Size 3336 pointer 0x154c1c5e0000
dgx-35:3927805:3928131 [0] NCCL INFO Received and initiated operation=Connect res=0
dgx-35:3927805:3928090 [0] NCCL INFO Imported shareable buffer device 0 size 2097152 ptr 0x611e00000
dgx-35:3927805:3928090 [0] NCCL INFO ProxyCall UDS comm 0x9286b60 rank 0 tpRank 1(daaa138fe53b3bb2) reqSize 8 respSize 0 respFd 0x155249d3fd08 opId 0xbac6c8d3694126fc
dgx-35:3927805:3928134 [0] NCCL INFO proxyUDSRecvReq::ncclProxyMsgGetFd rank 1 opId 0x876acbd35d8cfaaf handle=0x154c1c069120
dgx-35:3927805:3928134 [0] NCCL INFO UDS proxyGetFd received handle 0x154c1c069120 peer 1 opId 876acbd35d8cfaaf
dgx-35:3927805:3928090 [0] NCCL INFO ProxyCall UDS comm 0x9286b60 rank 0 tpRank 1(daaa138fe53b3bb2) reqSize 8 respSize 0 respFd 118 opId 0xbac6c8d3694126fc - DONE
dgx-35:3927805:3928090 [0] NCCL INFO UDS: ClientGetFd handle 0x15520001c340 tpRank 1 returned fd 118
dgx-35:3927805:3928090 [0] NCCL INFO UDS converted handle 0x15520001c340 to fd 118 on remote peer 1
dgx-35:3927805:3928131 [0] NCCL INFO Allocated shareable buffer 0x612000000 size 10485760 ipcDesc 0x154c1c462d40
dgx-35:3927805:3928131 [0] NCCL INFO transport/net.cc:745 Cuda Host Alloc Size 532480 pointer 0x1543d1a08400
dgx-35:3927805:3928090 [0] NCCL INFO Imported shareable buffer device 0 size 2097152 ptr 0x612a00000
dgx-35:3927805:3928090 [0] NCCL INFO ProxyCall UDS comm 0x9286b60 rank 0 tpRank 1(daaa138fe53b3bb2) reqSize 8 respSize 0 respFd 0x155249d3fd08 opId 0xe1985f8e5e4024b5
dgx-35:3927805:3928134 [0] NCCL INFO proxyUDSRecvReq::ncclProxyMsgGetFd rank 1 opId 0x145b12c130576b44 handle=0x154c1c0f5c50
dgx-35:3927805:3928134 [0] NCCL INFO UDS proxyGetFd received handle 0x154c1c0f5c50 peer 1 opId 145b12c130576b44
dgx-35:3927805:3928090 [0] NCCL INFO ProxyCall UDS comm 0x9286b60 rank 0 tpRank 1(daaa138fe53b3bb2) reqSize 8 respSize 0 respFd 119 opId 0xe1985f8e5e4024b5 - DONE
dgx-35:3927805:3928090 [0] NCCL INFO UDS: ClientGetFd handle 0x15520001d9e0 tpRank 1 returned fd 119
dgx-35:3927805:3928090 [0] NCCL INFO UDS converted handle 0x15520001d9e0 to fd 119 on remote peer 1
dgx-35:3927805:3928131 [0] NCCL INFO proxyProgressAsync opId=0x154befbccf80 op.type=4 op.reqBuff=0x154c1c1d0a90 op.respSize=21040 done
dgx-35:3927805:3928131 [0] NCCL INFO Allocated shareable buffer 0x612c00000 size 9633792 ipcDesc 0x154c1c3e2060
dgx-35:3927805:3928131 [0] NCCL INFO transport/net.cc:894 Cuda Host Alloc Size 8192 pointer 0x1543d1a8a400
dgx-35:3927805:3928134 [0] NCCL INFO proxyUDSRecvReq::ncclProxyMsgGetFd rank 1 opId 0xba68c15ae3047b3c handle=0x154c1c1d12f0
dgx-35:3927805:3928134 [0] NCCL INFO UDS proxyGetFd received handle 0x154c1c1d12f0 peer 1 opId ba68c15ae3047b3c
dgx-35:3927805:3928131 [0] NCCL INFO proxyProgressAsync opId=0x154befbcd120 op.type=4 op.reqBuff=0x154c1c1d0f30 op.respSize=21040 done
dgx-35:3927805:3928090 [0] NCCL INFO Imported shareable buffer device 0 size 2097152 ptr 0x613600000
dgx-35:3927805:3928090 [0] NCCL INFO ProxyCall UDS comm 0x9286b60 rank 0 tpRank 1(daaa138fe53b3bb2) reqSize 8 respSize 0 respFd 0x155249d3fd08 opId 0x8005fe471704e471
dgx-35:3927805:3928090 [0] NCCL INFO ProxyCall UDS comm 0x9286b60 rank 0 tpRank 1(daaa138fe53b3bb2) reqSize 8 respSize 0 respFd 117 opId 0x8005fe471704e471 - DONE
dgx-35:3927805:3928090 [0] NCCL INFO UDS: ClientGetFd handle 0x15520001f080 tpRank 1 returned fd 117
dgx-35:3927805:3928090 [0] NCCL INFO UDS converted handle 0x15520001f080 to fd 117 on remote peer 1
dgx-35:3927805:3928131 [0] NCCL INFO Allocated shareable buffer 0x614000000 size 10485760 ipcDesc 0x154c1c468030
dgx-35:3927805:3928131 [0] NCCL INFO transport/net.cc:745 Cuda Host Alloc Size 532480 pointer 0x1543d1a8c400
dgx-35:3927805:3928131 [0] NCCL INFO Mem Realloc old size 1024, new size 2048 pointer 0x154c1c5e05e0
dgx-35:3927805:3928090 [0] NCCL INFO Imported shareable buffer device 0 size 2097152 ptr 0x614a00000
dgx-35:3927805:3928090 [0] NCCL INFO ncclPollProxyResponse Received new opId=0x154befbccf80
dgx-35:3927805:3928090 [0] NCCL INFO resp.opId=0x154befbccf80 matches expected opId=0x154befbccf80
dgx-35:3927805:3928090 [0] NCCL INFO sendConnect ncclPollProxyResponse opId=0x154befbccf80
dgx-35:3927805:3928090 [0] NCCL INFO ncclPollProxyResponse Received new opId=0x154befbcd120
dgx-35:3927805:3928090 [0] NCCL INFO resp.opId=0x154befbcd120 matches expected opId=0x154befbcd120
dgx-35:3927805:3928090 [0] NCCL INFO recvConnect ncclPollProxyResponse opId=0x154befbcd120
dgx-35:3927805:3928131 [0] NCCL INFO proxyProgressAsync opId=0x154befbe2d40 op.type=4 op.reqBuff=0x154c1c523c60 op.respSize=21040 done
dgx-35:3927805:3928131 [0] NCCL INFO transport/net_ib.cc:1191 Ib Alloc Size 164448 pointer 0x154c1c5e2000
dgx-35:3927805:3928131 [0] NCCL INFO transport/net_ib.cc:1204 Ib Alloc Size 3336 pointer 0x154c1c4da000
dgx-35:3927805:3928090 [0] NCCL INFO ncclPollProxyResponse Received new opId=0x154befbe2d40
dgx-35:3927805:3928090 [0] NCCL INFO Queuing opId=0x154befbe2d40 respBuff=0x154befc26180 respSize=21040
dgx-35:3927805:3928090 [0] NCCL INFO ncclPollProxyResponse Dequeued cached opId=0x154befbe2d40
dgx-35:3927805:3928090 [0] NCCL INFO sendConnect ncclPollProxyResponse opId=0x154befbe2d40
dgx-35:3927805:3928131 [0] NCCL INFO transport/net_ib.cc:1345 Ib Alloc Size 3336 pointer 0x154c1c66b000
dgx-35:3927805:3928131 [0] NCCL INFO Received and initiated operation=Connect res=0
dgx-35:3927805:3928131 [0] NCCL INFO transport/net_ib.cc:985 Ib Alloc Size 181568 pointer 0x154c1c672000
dgx-35:3927805:3928131 [0] NCCL INFO NET/IB: NCCL Dev 0 IbDev 0 Port 1 qpn 7900 mtu 5 LID 494 fifoRkey=0x15b77a fifoLkey=0x15b77a
dgx-35:3927805:3928131 [0] NCCL INFO transport/net_ib.cc:1077 Ib Alloc Size 3336 pointer 0x154c1c6db000
dgx-35:3927805:3928131 [0] NCCL INFO Received and initiated operation=Connect res=0
dgx-35:3927805:3928131 [0] NCCL INFO Allocated shareable buffer 0x614c00000 size 9633792 ipcDesc 0x154c1c453410
dgx-35:3927805:3928131 [0] NCCL INFO transport/net.cc:894 Cuda Host Alloc Size 8192 pointer 0x1543d1b0e400
dgx-35:3927805:3928131 [0] NCCL INFO proxyProgressAsync opId=0x154befbe2ee0 op.type=4 op.reqBuff=0x154c1c4dedd0 op.respSize=21040 done
dgx-35:3927805:3928090 [0] NCCL INFO ncclPollProxyResponse Received new opId=0x154befbe2ee0
dgx-35:3927805:3928090 [0] NCCL INFO Queuing opId=0x154befbe2ee0 respBuff=0x154befc30600 respSize=21040
dgx-35:3927805:3928090 [0] NCCL INFO ncclPollProxyResponse Dequeued cached opId=0x154befbe2ee0
dgx-35:3927805:3928090 [0] NCCL INFO recvConnect ncclPollProxyResponse opId=0x154befbe2ee0
dgx-35:3927805:3928131 [0] NCCL INFO Allocated shareable buffer 0x615600000 size 10485760 ipcDesc 0x154c1c46d320
dgx-35:3927805:3928131 [0] NCCL INFO transport/net.cc:745 Cuda Host Alloc Size 532480 pointer 0x1543d1b10400
dgx-35:3927805:3928131 [0] NCCL INFO proxyProgressAsync opId=0x154befbe8e20 op.type=4 op.reqBuff=0x154c1c5e19f0 op.respSize=21040 done
dgx-35:3927805:3928131 [0] NCCL INFO transport/net_ib.cc:1191 Ib Alloc Size 164448 pointer 0x154c1c6dd000
dgx-35:3927805:3928131 [0] NCCL INFO transport/net_ib.cc:1204 Ib Alloc Size 3336 pointer 0x154c1c572000
dgx-35:3927805:3928090 [0] NCCL INFO ncclPollProxyResponse Received new opId=0x154befbe8e20
dgx-35:3927805:3928090 [0] NCCL INFO resp.opId=0x154befbe8e20 matches expected opId=0x154befbe8e20
dgx-35:3927805:3928090 [0] NCCL INFO sendConnect ncclPollProxyResponse opId=0x154befbe8e20
dgx-35:3927805:3928131 [0] NCCL INFO transport/net_ib.cc:1345 Ib Alloc Size 3336 pointer 0x154c1c76a000
dgx-35:3927805:3928131 [0] NCCL INFO Received and initiated operation=Connect res=0
dgx-35:3927805:3928131 [0] NCCL INFO transport/net_ib.cc:985 Ib Alloc Size 181568 pointer 0x154c1c771000
dgx-35:3927805:3928131 [0] NCCL INFO NET/IB: NCCL Dev 0 IbDev 0 Port 1 qpn 7903 mtu 5 LID 494 fifoRkey=0x16d999 fifoLkey=0x16d999
dgx-35:3927805:3928131 [0] NCCL INFO transport/net_ib.cc:1077 Ib Alloc Size 3336 pointer 0x154c1c7da000
dgx-35:3927805:3928131 [0] NCCL INFO Received and initiated operation=Connect res=0
dgx-35:3927805:3928131 [0] NCCL INFO Allocated shareable buffer 0x616000000 size 9633792 ipcDesc 0x154c1c458720
dgx-35:3927805:3928131 [0] NCCL INFO transport/net.cc:894 Cuda Host Alloc Size 8192 pointer 0x1543d1b92400
dgx-35:3927805:3928131 [0] NCCL INFO proxyProgressAsync opId=0x154befbe8fc0 op.type=4 op.reqBuff=0x154c1c5e1a30 op.respSize=21040 done
dgx-35:3927805:3928090 [0] NCCL INFO ncclPollProxyResponse Received new opId=0x154befbe8fc0
dgx-35:3927805:3928090 [0] NCCL INFO Queuing opId=0x154befbe8fc0 respBuff=0x154befc26180 respSize=21040
dgx-35:3927805:3928090 [0] NCCL INFO ncclPollProxyResponse Dequeued cached opId=0x154befbe8fc0
dgx-35:3927805:3928090 [0] NCCL INFO recvConnect ncclPollProxyResponse opId=0x154befbe8fc0
dgx-35:3927805:3928131 [0] NCCL INFO Allocated shareable buffer 0x616a00000 size 10485760 ipcDesc 0x154c1c472610
dgx-35:3927805:3928131 [0] NCCL INFO transport/net.cc:745 Cuda Host Alloc Size 532480 pointer 0x617400000
dgx-35:3927805:3928131 [0] NCCL INFO proxyProgressAsync opId=0x154befbeeb50 op.type=4 op.reqBuff=0x154c1c4de1c0 op.respSize=21040 done
dgx-35:3927805:3928131 [0] NCCL INFO transport/net_ib.cc:1191 Ib Alloc Size 164448 pointer 0x154c1c7dc000
dgx-35:3927805:3928131 [0] NCCL INFO transport/net_ib.cc:1204 Ib Alloc Size 3336 pointer 0x154c1c66d000
dgx-35:3927805:3928090 [0] NCCL INFO ncclPollProxyResponse Received new opId=0x154befbeeb50
dgx-35:3927805:3928090 [0] NCCL INFO resp.opId=0x154befbeeb50 matches expected opId=0x154befbeeb50
dgx-35:3927805:3928090 [0] NCCL INFO sendConnect ncclPollProxyResponse opId=0x154befbeeb50
dgx-35:3927805:3928131 [0] NCCL INFO transport/net_ib.cc:1345 Ib Alloc Size 3336 pointer 0x154c1c869000
dgx-35:3927805:3928131 [0] NCCL INFO Received and initiated operation=Connect res=0
dgx-35:3927805:3928131 [0] NCCL INFO Allocated shareable buffer 0x617600000 size 9633792 ipcDesc 0x154c1c45da30
dgx-35:3927805:3928131 [0] NCCL INFO transport/net.cc:894 Cuda Host Alloc Size 8192 pointer 0x1543d1b94400
dgx-35:3927805:3928131 [0] NCCL INFO proxyProgressAsync opId=0x154befbeecf0 op.type=4 op.reqBuff=0x154c1c42efd0 op.respSize=21040 done
dgx-35:3927805:3928090 [0] NCCL INFO ncclPollProxyResponse Received new opId=0x154befbeecf0
dgx-35:3927805:3928090 [0] NCCL INFO resp.opId=0x154befbeecf0 matches expected opId=0x154befbeecf0
dgx-35:3927805:3928090 [0] NCCL INFO recvConnect ncclPollProxyResponse opId=0x154befbeecf0
dgx-35:3927805:3928131 [0] NCCL INFO New proxy send connection 29 from local rank 2, transport 2
dgx-35:3927805:3928131 [0] NCCL INFO proxyProgressAsync opId=0x155213bf61d0 op.type=1 op.reqBuff=0x154c1c81ce20 op.respSize=16 done
dgx-35:3927805:3928131 [0] NCCL INFO Received and initiated operation=Init res=0
dgx-35:3927805:3928131 [0] NCCL INFO Allocated shareable buffer 0x613800000 size 8388608 ipcDesc 0x154c1c7db688
dgx-35:3927805:3928131 [0] NCCL INFO proxyProgressAsync opId=0x155213bf61d0 op.type=2 op.reqBuff=0x154c1c81cea0 op.respSize=0 done
dgx-35:3927805:3928131 [0] NCCL INFO Received and initiated operation=SharedInit res=0
dgx-35:3927805:3928090 [0] NCCL INFO Connected all trees
dgx-35:3927805:3928090 [0] NCCL INFO   Algorithm   |                            Tree                  |                            Ring                  |                   CollNetDirect                  |
dgx-35:3927805:3928090 [0] NCCL INFO   Protocol    |             LL |          LL128 |         Simple |             LL |          LL128 |         Simple |             LL |          LL128 |         Simple |
dgx-35:3927805:3928090 [0] NCCL INFO  Max NThreads |            512 |            640 |            512 |            512 |            640 |            512 |              0 |              0 |            640 |
dgx-35:3927805:3928090 [0] NCCL INFO     Broadcast |     0.0/   0.0 |     0.0/   0.0 |     0.0/   0.0 |     9.3/  24.0 |    18.0/  44.2 |    22.4/  48.0 |     0.0/   0.0 |     0.0/   0.0 |     0.0/   0.0 |
dgx-35:3927805:3928090 [0] NCCL INFO        Reduce |     0.0/   0.0 |     0.0/   0.0 |     0.0/   0.0 |     9.3/  24.0 |    18.0/  44.2 |    22.4/  48.0 |     0.0/   0.0 |     0.0/   0.0 |     0.0/   0.0 |
dgx-35:3927805:3928090 [0] NCCL INFO     AllGather |     0.0/   0.0 |     0.0/   0.0 |     0.0/   0.0 |    15.3/  27.4 |    29.4/  50.5 |    42.8/  54.9 |     2.4/   0.0 |     2.4/   0.0 |    40.8/   0.0 |
dgx-35:3927805:3928090 [0] NCCL INFO ReduceScatter |     0.0/   0.0 |     0.0/   0.0 |     0.0/   0.0 |    15.3/  27.4 |    29.4/  50.5 |    42.8/  54.9 |     2.4/   0.0 |     2.4/   0.0 |    40.8/   0.0 |
dgx-35:3927805:3928090 [0] NCCL INFO     AllReduce |    20.4/   9.3 |    38.5/  31.2 |   224.0/  35.2 |    27.4/  13.7 |    49.0/  25.2 |    98.4/  27.4 |     2.4/   0.0 |     2.4/   0.0 |    40.8/   0.0 |
dgx-35:3927805:3928090 [0] NCCL INFO   Algorithm   |                    CollNetChain                  |                            NVLS                  |                        NVLSTree                  |
dgx-35:3927805:3928090 [0] NCCL INFO   Protocol    |             LL |          LL128 |         Simple |             LL |          LL128 |         Simple |             LL |          LL128 |         Simple |
dgx-35:3927805:3928090 [0] NCCL INFO  Max NThreads |              0 |              0 |            640 |              0 |              0 |            640 |              0 |              0 |            640 |
dgx-35:3927805:3928090 [0] NCCL INFO     Broadcast |     0.0/   0.0 |     0.0/   0.0 |     0.0/   0.0 |     0.0/   0.0 |     0.0/   0.0 |     0.0/   0.0 |     0.0/   0.0 |     0.0/   0.0 |     0.0/   0.0 |
dgx-35:3927805:3928090 [0] NCCL INFO        Reduce |     0.0/   0.0 |     0.0/   0.0 |     0.0/   0.0 |     0.0/   0.0 |     0.0/   0.0 |     0.0/   0.0 |     0.0/   0.0 |     0.0/   0.0 |     0.0/   0.0 |
dgx-35:3927805:3928090 [0] NCCL INFO     AllGather |     0.0/   0.0 |     0.0/   0.0 |     0.0/   0.0 |     0.0/   0.0 |     0.0/   0.0 |    18.0/   0.0 |     0.0/   0.0 |     0.0/   0.0 |     0.0/   0.0 |
dgx-35:3927805:3928090 [0] NCCL INFO ReduceScatter |     0.0/   0.0 |     0.0/   0.0 |     0.0/   0.0 |     0.0/   0.0 |     0.0/   0.0 |    18.0/   0.0 |     0.0/   0.0 |     0.0/   0.0 |     0.0/   0.0 |
dgx-35:3927805:3928090 [0] NCCL INFO     AllReduce |     0.0/   0.0 |     0.0/   0.0 |    46.8/   0.0 |     0.0/   0.0 |     0.0/   0.0 |    18.0/   0.0 |     0.0/   0.0 |     0.0/   0.0 |    28.0/   0.0 |
dgx-35:3927805:3928090 [0] NCCL INFO threadThresholds 8/8/64 | 64/8/64 | 512 | 512
dgx-35:3927805:3928090 [0] NCCL INFO 4 coll channels, 4 collnet channels, 0 nvls channels, 4 p2p channels, 2 p2p channels per peer
dgx-35:3927805:3928131 [0] NCCL INFO New proxy send connection 30 from local rank 0, transport 2
dgx-35:3927805:3928131 [0] NCCL INFO proxyProgressAsync opId=0x154befa97d60 op.type=1 op.reqBuff=0x154c1c805c60 op.respSize=16 done
dgx-35:3927805:3928131 [0] NCCL INFO Received and initiated operation=Init res=0
dgx-35:3927805:3928090 [0] NCCL INFO ncclPollProxyResponse Received new opId=0x154befa97d60
dgx-35:3927805:3928090 [0] NCCL INFO resp.opId=0x154befa97d60 matches expected opId=0x154befa97d60
dgx-35:3927805:3928090 [0] NCCL INFO Connected to proxy localRank 0 -> connection 0x154c1c006bc0
dgx-35:3927805:3928131 [0] NCCL INFO Allocated shareable buffer 0x603800000 size 8388608 ipcDesc 0x154c1c805d18
dgx-35:3927805:3928131 [0] NCCL INFO proxyProgressAsync opId=0x154befa97d60 op.type=2 op.reqBuff=0x154c1c805ce0 op.respSize=0 done
dgx-35:3927805:3928131 [0] NCCL INFO Received and initiated operation=SharedInit res=0
dgx-35:3927805:3928090 [0] NCCL INFO ncclPollProxyResponse Received new opId=0x154befa97d60
dgx-35:3927805:3928090 [0] NCCL INFO resp.opId=0x154befa97d60 matches expected opId=0x154befa97d60
dgx-35:3927805:3928090 [0] NCCL INFO init.cc:402 Cuda Alloc Size 11856 pointer 0x60fc00000
dgx-35:3927805:3928090 [0] NCCL INFO init.cc:430 Cuda Host Alloc Size 33554432 pointer 0x154c26000000
dgx-35:3927805:3928090 [0] NCCL INFO init.cc:436 Cuda Host Alloc Size 128 pointer 0x1543d1b96400
dgx-35:3927805:3928131 [0] NCCL INFO New proxy send connection 31 from local rank 1, transport 2
dgx-35:3927805:3928131 [0] NCCL INFO proxyProgressAsync opId=0x155213c21a50 op.type=1 op.reqBuff=0x154c1c671330 op.respSize=16 done
dgx-35:3927805:3928131 [0] NCCL INFO Received and initiated operation=Init res=0
dgx-35:3927805:3928131 [0] NCCL INFO Allocated shareable buffer 0x618000000 size 8388608 ipcDesc 0x154c1c66ce78
dgx-35:3927805:3928131 [0] NCCL INFO proxyProgressAsync opId=0x155213c21a50 op.type=2 op.reqBuff=0x154c1c66ce40 op.respSize=0 done
dgx-35:3927805:3928131 [0] NCCL INFO Received and initiated operation=SharedInit res=0
dgx-35:3927805:3928090 [0] NCCL INFO TUNER/Plugin: Plugin load returned 2 : libnccl-net.so: cannot open shared object file: No such file or directory : when loading libnccl-tuner.so
dgx-35:3927805:3928090 [0] NCCL INFO TUNER/Plugin: Using internal tuner plugin.
dgx-35:3927805:3928090 [0] NCCL INFO ncclCommInitRank comm 0x9286b60 rank 0 nranks 8 cudaDev 0 nvmlDev 0 busId 1b000 commId 0x79fd8d69287cf8fe - Init COMPLETE
dgx-35:3927805:3927805 [0] NCCL INFO AllReduce: opCount 0 sendbuff 0x1543d1c00200 recvbuff 0x1543d1c00200 count 1 datatype 7 op 0 root 0 comm 0x9286b60 [nranks=8] stream 0x8b61270
dgx-35:3927805:3927805 [0] NCCL INFO misc/utils.cc:235 memory stack hunk malloc(65536)
dgx-35:3927805:3927805 [0] NCCL INFO 4 Bytes -> Algo 0 proto 0 time 20.400433
dgx-35:3927805:3927805 [0] NCCL INFO AllReduce: opCount 1 sendbuff 0x1543d1c00000 recvbuff 0x1543d1c00000 count 1 datatype 7 op 0 root 0 comm 0x9286b60 [nranks=8] stream 0x8b61270
dgx-35:3927805:3927805 [0] NCCL INFO 4 Bytes -> Algo 0 proto 0 time 20.400433
Rank 0: Received model_metadata: {'block_shape': torch.Size([13015864320])}
dgx-35:3927805:3927805 [0] NCCL INFO AllReduce: opCount 2 sendbuff 0x1543d1c00200 recvbuff 0x1543d1c00200 count 1 datatype 7 op 0 root 0 comm 0x9286b60 [nranks=8] stream 0x8b61270
dgx-35:3927805:3927805 [0] NCCL INFO 4 Bytes -> Algo 0 proto 0 time 20.400433
Rank [0]: Starting broadcast...
Rank [0]: broadcast block 1
dgx-35:3927805:3927805 [0] NCCL INFO Broadcast: opCount 3 sendbuff 0x153dc2000000 recvbuff 0x153dc2000000 count 26031728640 datatype 0 op 0 root 0 comm 0x9286b60 [nranks=8] stream 0x8b61270
dgx-35:3927805:3927805 [0] NCCL INFO 26031728640 Bytes -> Algo 1 proto 2 time 542350.062500
dgx-35:3927805:3927805 [0] NCCL INFO AllReduce: opCount 4 sendbuff 0x1543d1c00000 recvbuff 0x1543d1c00000 count 1 datatype 7 op 0 root 0 comm 0x9286b60 [nranks=8] stream 0x8b61270
dgx-35:3927805:3927805 [0] NCCL INFO 4 Bytes -> Algo 0 proto 0 time 20.400433
Rank [0]: Total Broadcast Time 837.835 ms.
Rank [0]: First block after broadcast: -4.887580871582031e-06
dgx-35:3927805:3928131 [0] NCCL INFO [Service thread] Connection closed by localRank 3
dgx-35:3927805:3928131 [0] NCCL INFO [Service thread] Connection closed by localRank 0
dgx-35:3927805:3928131 [0] NCCL INFO [Service thread] Connection closed by localRank 1
dgx-35:3927805:3928131 [0] NCCL INFO [Service thread] Connection closed by localRank 2
dgx-35:3927805:3928134 [0] NCCL INFO [Proxy Service UDS] exit: stop 1 abortFlag 1
dgx-35:3927805:3928203 [0] NCCL INFO comm 0x9286b60 rank 0 nranks 8 cudaDev 0 busId 1b000 - Abort COMPLETE
