[rank5]:[W105 09:14:19.569241319 ProcessGroupNCCL.cpp:4115] [PG ID 0 PG GUID 0 Rank 5]  using GPU 1 to perform barrier as devices used by this process are currently unknown. This can potentially cause a hang if this rank to GPU mapping is incorrect.Specify device_ids in barrier() to force use of a particular device,or call init_process_group() with a device_id.
dgx-48:665542:665542 [1] NCCL INFO cudaDriverVersion 12020
dgx-48:665542:665542 [1] NCCL INFO Bootstrap : Using ibp24s0:10.23.1.133<0>
dgx-48:665542:665542 [1] NCCL INFO NET/Plugin: No plugin found (libnccl-net.so)
dgx-48:665542:665542 [1] NCCL INFO NET/Plugin: Plugin load returned 2 : libnccl-net.so: cannot open shared object file: No such file or directory : when loading libnccl-net.so
dgx-48:665542:665542 [1] NCCL INFO NET/Plugin: Using internal network plugin.
dgx-48:665542:665542 [1] NCCL INFO init.cc:1785 Cuda Host Alloc Size 4 pointer 0x155235600000
dgx-48:665542:666159 [1] NCCL INFO NCCL_IB_DISABLE set by environment to 0.
dgx-48:665542:666159 [1] NCCL INFO NCCL_IB_HCA set to mlx5_0
dgx-48:665542:666159 [1] NCCL INFO NET/IB : Using [0]mlx5_0:1/IB [RO]; OOB ibp24s0:10.23.1.133<0>
dgx-48:665542:666159 [1] NCCL INFO Using non-device net plugin version 0
dgx-48:665542:666159 [1] NCCL INFO Using network IB
dgx-48:665542:666159 [1] NCCL INFO ncclCommInitRank comm 0x836e9f0 rank 5 nranks 8 cudaDev 1 nvmlDev 1 busId 43000 commId 0x79fd8d69287cf8fe - Init START
dgx-48:665542:666159 [1] NCCL INFO NET/IB : GPU Direct RDMA Enabled for HCA 0 'mlx5_0'
dgx-48:665542:666159 [1] NCCL INFO NCCL_NET_GDR_LEVEL set by environment to PHB
dgx-48:665542:666159 [1] NCCL INFO GPU Direct RDMA Enabled for GPU 1b000 / HCA 0 (distance 4 <= 6), read 0
dgx-48:665542:666159 [1] NCCL INFO GPU Direct RDMA Enabled for GPU 43000 / HCA 0 (distance 4 <= 6), read 0
dgx-48:665542:666159 [1] NCCL INFO GPU Direct RDMA Enabled for GPU 52000 / HCA 0 (distance 4 <= 6), read 0
dgx-48:665542:666159 [1] NCCL INFO GPU Direct RDMA Enabled for GPU 61000 / HCA 0 (distance 4 <= 6), read 0
dgx-48:665542:666159 [1] NCCL INFO GPU Direct RDMA Enabled for GPU 1b000 / HCA 0 (distance 4 <= 6), read 0
dgx-48:665542:666159 [1] NCCL INFO GPU Direct RDMA Enabled for GPU 43000 / HCA 0 (distance 4 <= 6), read 0
dgx-48:665542:666159 [1] NCCL INFO GPU Direct RDMA Enabled for GPU 52000 / HCA 0 (distance 4 <= 6), read 0
dgx-48:665542:666159 [1] NCCL INFO GPU Direct RDMA Enabled for GPU 61000 / HCA 0 (distance 4 <= 6), read 0
dgx-48:665542:666159 [1] NCCL INFO === System : maxBw 48.0 totalBw 164.8 ===
dgx-48:665542:666159 [1] NCCL INFO CPU/0-0 (1/1/2)
dgx-48:665542:666159 [1] NCCL INFO + PCI[48.0] - PCI/0-16000 (15b3197900000000)
dgx-48:665542:666159 [1] NCCL INFO               + PCI[48.0] - NIC/0-18000
dgx-48:665542:666159 [1] NCCL INFO                             + NET[50.0] - NET/0 (b408ff0003ae6d94/1/50.000000)
dgx-48:665542:666159 [1] NCCL INFO               + PCI[48.0] - PCI/0-19000 (15b3197900000000)
dgx-48:665542:666159 [1] NCCL INFO                             + PCI[48.0] - GPU/0-1b000 (4)
dgx-48:665542:666159 [1] NCCL INFO                                           + NVL[164.8] - NVS/0
dgx-48:665542:666159 [1] NCCL INFO + PCI[48.0] - PCI/0-3e000 (15b3197900000000)
dgx-48:665542:666159 [1] NCCL INFO               + PCI[48.0] - PCI/0-41000 (15b3197900000000)
dgx-48:665542:666159 [1] NCCL INFO                             + PCI[48.0] - GPU/0-43000 (5)
dgx-48:665542:666159 [1] NCCL INFO                                           + NVL[164.8] - NVS/0
dgx-48:665542:666159 [1] NCCL INFO + PCI[48.0] - PCI/0-4d000 (15b3197900000000)
dgx-48:665542:666159 [1] NCCL INFO               + PCI[48.0] - PCI/0-50000 (15b3197900000000)
dgx-48:665542:666159 [1] NCCL INFO                             + PCI[48.0] - GPU/0-52000 (6)
dgx-48:665542:666159 [1] NCCL INFO                                           + NVL[164.8] - NVS/0
dgx-48:665542:666159 [1] NCCL INFO + PCI[48.0] - PCI/0-5c000 (15b3197900000000)
dgx-48:665542:666159 [1] NCCL INFO               + PCI[48.0] - PCI/0-5f000 (15b3197900000000)
dgx-48:665542:666159 [1] NCCL INFO                             + PCI[48.0] - GPU/0-61000 (7)
dgx-48:665542:666159 [1] NCCL INFO                                           + NVL[164.8] - NVS/0
dgx-48:665542:666159 [1] NCCL INFO ==========================================
dgx-48:665542:666159 [1] NCCL INFO GPU/1B000 :GPU/0-1b000 (0/5000.0/LOC) GPU/0-43000 (2/164.8/NVL) GPU/0-52000 (2/164.8/NVL) GPU/0-61000 (2/164.8/NVL) NVS/0-0 (1/164.8/NVL) CPU/0-0 (3/48.0/PHB) NET/0-0 (4/48.0/PXB) 
dgx-48:665542:666159 [1] NCCL INFO GPU/43000 :GPU/0-1b000 (2/164.8/NVL) GPU/0-43000 (0/5000.0/LOC) GPU/0-52000 (2/164.8/NVL) GPU/0-61000 (2/164.8/NVL) NVS/0-0 (1/164.8/NVL) CPU/0-0 (3/48.0/PHB) NET/0-0 (6/48.0/PXN) 
dgx-48:665542:666159 [1] NCCL INFO GPU/52000 :GPU/0-1b000 (2/164.8/NVL) GPU/0-43000 (2/164.8/NVL) GPU/0-52000 (0/5000.0/LOC) GPU/0-61000 (2/164.8/NVL) NVS/0-0 (1/164.8/NVL) CPU/0-0 (3/48.0/PHB) NET/0-0 (6/48.0/PXN) 
dgx-48:665542:666159 [1] NCCL INFO GPU/61000 :GPU/0-1b000 (2/164.8/NVL) GPU/0-43000 (2/164.8/NVL) GPU/0-52000 (2/164.8/NVL) GPU/0-61000 (0/5000.0/LOC) NVS/0-0 (1/164.8/NVL) CPU/0-0 (3/48.0/PHB) NET/0-0 (6/48.0/PXN) 
dgx-48:665542:666159 [1] NCCL INFO NET/0 :GPU/0-1b000 (4/48.0/PXB) GPU/0-43000 (6/48.0/PHB) GPU/0-52000 (6/48.0/PHB) GPU/0-61000 (6/48.0/PHB) CPU/0-0 (3/48.0/PHB) NET/0-0 (0/5000.0/LOC) 
dgx-48:665542:666159 [1] NCCL INFO Setting affinity for GPU 1 to 030000,00000000,00000000,00000003
dgx-48:665542:666159 [1] NCCL INFO Pattern 4, crossNic 0, nChannels 2, bw 24.000000/24.000000, type NVL/PXN, sameChannels 1
dgx-48:665542:666159 [1] NCCL INFO  0 : NET/0 GPU/4 GPU/7 GPU/6 GPU/5 NET/0
dgx-48:665542:666159 [1] NCCL INFO  1 : NET/0 GPU/4 GPU/7 GPU/6 GPU/5 NET/0
dgx-48:665542:666159 [1] NCCL INFO Pattern 3, crossNic 0, nChannels 2, bw 48.000000/24.000000, type NVL/PXB, sameChannels 1
dgx-48:665542:666159 [1] NCCL INFO  0 : NET/0 GPU/4 GPU/5 GPU/6 GPU/7 NET/0
dgx-48:665542:666159 [1] NCCL INFO  1 : NET/0 GPU/4 GPU/5 GPU/6 GPU/7 NET/0
dgx-48:665542:666159 [1] NCCL INFO comm 0x836e9f0 rank 5 nRanks 8 nNodes 2 localRanks 4 localRank 1 MNNVL 0
dgx-48:665542:666159 [1] NCCL INFO Ring 00 : 6 -> 5 -> 0
dgx-48:665542:666159 [1] NCCL INFO Ring 01 : 6 -> 5 -> 0
dgx-48:665542:666159 [1] NCCL INFO Ring 02 : 6 -> 5 -> 0
dgx-48:665542:666159 [1] NCCL INFO Ring 03 : 6 -> 5 -> 0
dgx-48:665542:666159 [1] NCCL INFO Trees [0] 6/-1/-1->5->4 [1] 6/-1/-1->5->4 [2] 6/-1/-1->5->4 [3] 6/-1/-1->5->4
dgx-48:665542:666159 [1] NCCL INFO P2P Chunksize set to 131072
dgx-48:665542:666159 [1] NCCL INFO UDS: Creating service thread comm 0x836e9f0 rank 5
dgx-48:665542:666159 [1] NCCL INFO misc/utils.cc:235 memory stack hunk malloc(65536)
dgx-48:665542:666159 [1] NCCL INFO channel.cc:41 Cuda Alloc Size 4864 pointer 0x155239200000
dgx-48:665542:666159 [1] NCCL INFO channel.cc:44 Cuda Alloc Size 104 pointer 0x155239400000
dgx-48:665542:666159 [1] NCCL INFO channel.cc:55 Cuda Alloc Size 32 pointer 0x155239600000
dgx-48:665542:666159 [1] NCCL INFO channel.cc:41 Cuda Alloc Size 4864 pointer 0x155239800000
dgx-48:665542:666159 [1] NCCL INFO channel.cc:44 Cuda Alloc Size 104 pointer 0x155239a00000
dgx-48:665542:666159 [1] NCCL INFO channel.cc:55 Cuda Alloc Size 32 pointer 0x155239c00000
dgx-48:665542:666159 [1] NCCL INFO channel.cc:41 Cuda Alloc Size 4864 pointer 0x155239e00000
dgx-48:665542:666159 [1] NCCL INFO channel.cc:44 Cuda Alloc Size 104 pointer 0x15523a000000
dgx-48:665542:666159 [1] NCCL INFO channel.cc:55 Cuda Alloc Size 32 pointer 0x15523a200000
dgx-48:665542:666159 [1] NCCL INFO channel.cc:41 Cuda Alloc Size 4864 pointer 0x15523a400000
dgx-48:665542:666159 [1] NCCL INFO channel.cc:44 Cuda Alloc Size 104 pointer 0x15523a600000
dgx-48:665542:666159 [1] NCCL INFO channel.cc:55 Cuda Alloc Size 32 pointer 0x15523a800000
dgx-48:665542:666159 [1] NCCL INFO GPU Direct RDMA Enabled for GPU 43000 / HCA 0 (distance 4 <= 6), read 1
dgx-48:665542:666159 [1] NCCL INFO ncclPollProxyResponse Received new opId=0x155213a97a80
dgx-48:665542:666159 [1] NCCL INFO resp.opId=0x155213a97a80 matches expected opId=0x155213a97a80
dgx-48:665542:666159 [1] NCCL INFO Connected to proxy localRank 0 -> connection 0x155200005e28
dgx-48:665542:666159 [1] NCCL INFO ncclPollProxyResponse Received new opId=0x155213a97a80
dgx-48:665542:666159 [1] NCCL INFO resp.opId=0x155213a97a80 matches expected opId=0x155213a97a80
dgx-48:665542:666159 [1] NCCL INFO Channel 00/0 : 5[1] -> 0[0] [send] via NET/IB/0(4)/GDRDMA
dgx-48:665542:666159 [1] NCCL INFO GPU Direct RDMA Enabled for GPU 43000 / HCA 0 (distance 4 <= 6), read 1
dgx-48:665542:666159 [1] NCCL INFO ncclPollProxyResponse Received new opId=0x155213a97a80
dgx-48:665542:666159 [1] NCCL INFO resp.opId=0x155213a97a80 matches expected opId=0x155213a97a80
dgx-48:665542:666159 [1] NCCL INFO Connected to proxy localRank 0 -> connection 0x155200005f90
dgx-48:665542:666159 [1] NCCL INFO ncclPollProxyResponse Received new opId=0x155213a97a80
dgx-48:665542:666159 [1] NCCL INFO resp.opId=0x155213a97a80 matches expected opId=0x155213a97a80
dgx-48:665542:666159 [1] NCCL INFO Channel 01/0 : 5[1] -> 0[0] [send] via NET/IB/0(4)/GDRDMA
dgx-48:665542:666159 [1] NCCL INFO GPU Direct RDMA Enabled for GPU 43000 / HCA 0 (distance 4 <= 6), read 1
dgx-48:665542:666159 [1] NCCL INFO ncclPollProxyResponse Received new opId=0x155213a97a80
dgx-48:665542:666159 [1] NCCL INFO resp.opId=0x155213a97a80 matches expected opId=0x155213a97a80
dgx-48:665542:666159 [1] NCCL INFO Connected to proxy localRank 0 -> connection 0x155200006080
dgx-48:665542:666159 [1] NCCL INFO ncclPollProxyResponse Received new opId=0x155213a97a80
dgx-48:665542:666159 [1] NCCL INFO resp.opId=0x155213a97a80 matches expected opId=0x155213a97a80
dgx-48:665542:666159 [1] NCCL INFO Channel 02/0 : 5[1] -> 0[0] [send] via NET/IB/0(4)/GDRDMA
dgx-48:665542:666159 [1] NCCL INFO GPU Direct RDMA Enabled for GPU 43000 / HCA 0 (distance 4 <= 6), read 1
dgx-48:665542:666159 [1] NCCL INFO ncclPollProxyResponse Received new opId=0x155213a97a80
dgx-48:665542:666159 [1] NCCL INFO resp.opId=0x155213a97a80 matches expected opId=0x155213a97a80
dgx-48:665542:666159 [1] NCCL INFO Connected to proxy localRank 0 -> connection 0x155200006170
dgx-48:665542:666159 [1] NCCL INFO ncclPollProxyResponse Received new opId=0x155213a97a80
dgx-48:665542:666159 [1] NCCL INFO resp.opId=0x155213a97a80 matches expected opId=0x155213a97a80
dgx-48:665542:666159 [1] NCCL INFO Channel 03/0 : 5[1] -> 0[0] [send] via NET/IB/0(4)/GDRDMA
dgx-48:665542:666172 [1] NCCL INFO Mem Realloc old size 0, new size 8 pointer 0x155200002f10
dgx-48:665542:666172 [1] NCCL INFO New proxy recv connection 0 from local rank 1, transport 0
dgx-48:665542:666172 [1] NCCL INFO proxyProgressAsync opId=0x155213a97a80 op.type=1 op.reqBuff=0x155200002ed0 op.respSize=16 done
dgx-48:665542:666159 [1] NCCL INFO ncclPollProxyResponse Received new opId=0x155213a97a80
dgx-48:665542:666159 [1] NCCL INFO resp.opId=0x155213a97a80 matches expected opId=0x155213a97a80
dgx-48:665542:666159 [1] NCCL INFO Connected to proxy localRank 1 -> connection 0x155200005db0
dgx-48:665542:666172 [1] NCCL INFO Received and initiated operation=Init res=0
dgx-48:665542:666172 [1] NCCL INFO Allocated shareable buffer 0x15523aa00000 size 10485760 ipcDesc 0x155200009a30
dgx-48:665542:666172 [1] NCCL INFO proxyProgressAsync opId=0x155213a97a80 op.type=3 op.reqBuff=0x155200009a00 op.respSize=80 done
dgx-48:665542:666172 [1] NCCL INFO Received and initiated operation=Setup res=0
dgx-48:665542:666159 [1] NCCL INFO ncclPollProxyResponse Received new opId=0x155213a97a80
dgx-48:665542:666159 [1] NCCL INFO resp.opId=0x155213a97a80 matches expected opId=0x155213a97a80
dgx-48:665542:666172 [1] NCCL INFO New proxy recv connection 1 from local rank 1, transport 0
dgx-48:665542:666172 [1] NCCL INFO proxyProgressAsync opId=0x155213a97a80 op.type=1 op.reqBuff=0x15520000b120 op.respSize=16 done
dgx-48:665542:666172 [1] NCCL INFO Received and initiated operation=Init res=0
dgx-48:665542:666159 [1] NCCL INFO ncclPollProxyResponse Received new opId=0x155213a97a80
dgx-48:665542:666159 [1] NCCL INFO resp.opId=0x155213a97a80 matches expected opId=0x155213a97a80
dgx-48:665542:666159 [1] NCCL INFO Connected to proxy localRank 1 -> connection 0x155200005e28
dgx-48:665542:666172 [1] NCCL INFO Allocated shareable buffer 0x15523b400000 size 10485760 ipcDesc 0x15520000b1d0
dgx-48:665542:666172 [1] NCCL INFO proxyProgressAsync opId=0x155213a97a80 op.type=3 op.reqBuff=0x15520000b1a0 op.respSize=80 done
dgx-48:665542:666172 [1] NCCL INFO Received and initiated operation=Setup res=0
dgx-48:665542:666159 [1] NCCL INFO ncclPollProxyResponse Received new opId=0x155213a97a80
dgx-48:665542:666159 [1] NCCL INFO resp.opId=0x155213a97a80 matches expected opId=0x155213a97a80
dgx-48:665542:666172 [1] NCCL INFO New proxy recv connection 2 from local rank 1, transport 0
dgx-48:665542:666172 [1] NCCL INFO proxyProgressAsync opId=0x155213a97a80 op.type=1 op.reqBuff=0x15520000c860 op.respSize=16 done
dgx-48:665542:666172 [1] NCCL INFO Received and initiated operation=Init res=0
dgx-48:665542:666159 [1] NCCL INFO ncclPollProxyResponse Received new opId=0x155213a97a80
dgx-48:665542:666159 [1] NCCL INFO resp.opId=0x155213a97a80 matches expected opId=0x155213a97a80
dgx-48:665542:666159 [1] NCCL INFO Connected to proxy localRank 1 -> connection 0x155200005ea0
dgx-48:665542:666172 [1] NCCL INFO Allocated shareable buffer 0x15523be00000 size 10485760 ipcDesc 0x15520000c8f0
dgx-48:665542:666172 [1] NCCL INFO proxyProgressAsync opId=0x155213a97a80 op.type=3 op.reqBuff=0x15520000c880 op.respSize=80 done
dgx-48:665542:666172 [1] NCCL INFO Received and initiated operation=Setup res=0
dgx-48:665542:666159 [1] NCCL INFO ncclPollProxyResponse Received new opId=0x155213a97a80
dgx-48:665542:666159 [1] NCCL INFO resp.opId=0x155213a97a80 matches expected opId=0x155213a97a80
dgx-48:665542:666172 [1] NCCL INFO New proxy recv connection 3 from local rank 1, transport 0
dgx-48:665542:666172 [1] NCCL INFO proxyProgressAsync opId=0x155213a97a80 op.type=1 op.reqBuff=0x15520000c880 op.respSize=16 done
dgx-48:665542:666172 [1] NCCL INFO Received and initiated operation=Init res=0
dgx-48:665542:666159 [1] NCCL INFO ncclPollProxyResponse Received new opId=0x155213a97a80
dgx-48:665542:666159 [1] NCCL INFO resp.opId=0x155213a97a80 matches expected opId=0x155213a97a80
dgx-48:665542:666159 [1] NCCL INFO Connected to proxy localRank 1 -> connection 0x155200005f18
dgx-48:665542:666172 [1] NCCL INFO Allocated shareable buffer 0x15523c800000 size 10485760 ipcDesc 0x15520000dff0
dgx-48:665542:666172 [1] NCCL INFO proxyProgressAsync opId=0x155213a97a80 op.type=3 op.reqBuff=0x15520000df80 op.respSize=80 done
dgx-48:665542:666172 [1] NCCL INFO Received and initiated operation=Setup res=0
dgx-48:665542:666159 [1] NCCL INFO ncclPollProxyResponse Received new opId=0x155213a97a80
dgx-48:665542:666159 [1] NCCL INFO resp.opId=0x155213a97a80 matches expected opId=0x155213a97a80
dgx-48:665542:666159 [1] NCCL INFO sendConnect ncclProxyCallAsync opId=0x155213bcc130
dgx-48:665542:666159 [1] NCCL INFO sendConnect ncclProxyCallAsync opId=0x155213be1ef0
dgx-48:665542:666159 [1] NCCL INFO sendConnect ncclProxyCallAsync opId=0x155213be7b80
dgx-48:665542:666159 [1] NCCL INFO sendConnect ncclProxyCallAsync opId=0x155213bed8b0
dgx-48:665542:666159 [1] NCCL INFO ProxyCall UDS comm 0x836e9f0 rank 1 tpRank 6(3c63b5853ea822c1) reqSize 8 respSize 0 respFd 0x15527c5b0d08 opId 0xe0bd98a9470bee5d
dgx-48:665542:666159 [1] NCCL INFO ProxyCall UDS comm 0x836e9f0 rank 1 tpRank 6(3c63b5853ea822c1) reqSize 8 respSize 0 respFd 79 opId 0xe0bd98a9470bee5d - DONE
dgx-48:665542:666159 [1] NCCL INFO UDS: ClientGetFd handle 0x15520000f720 tpRank 6 returned fd 79
dgx-48:665542:666159 [1] NCCL INFO UDS converted handle 0x15520000f720 to fd 79 on remote peer 6
dgx-48:665542:666159 [1] NCCL INFO Imported shareable buffer device 1 size 2097152 ptr 0x15523d200000
dgx-48:665542:666159 [1] NCCL INFO ProxyCall UDS comm 0x836e9f0 rank 1 tpRank 6(3c63b5853ea822c1) reqSize 8 respSize 0 respFd 0x15527c5b0d08 opId 0xce5e45ccad8f30ba
dgx-48:665542:666159 [1] NCCL INFO ProxyCall UDS comm 0x836e9f0 rank 1 tpRank 6(3c63b5853ea822c1) reqSize 8 respSize 0 respFd 79 opId 0xce5e45ccad8f30ba - DONE
dgx-48:665542:666159 [1] NCCL INFO UDS: ClientGetFd handle 0x155200010e00 tpRank 6 returned fd 79
dgx-48:665542:666159 [1] NCCL INFO UDS converted handle 0x155200010e00 to fd 79 on remote peer 6
dgx-48:665542:666175 [1] NCCL INFO proxyUDSRecvReq::ncclProxyMsgGetFd rank 2 opId 0xcd501ee758a8ce handle=0x155200009a80
dgx-48:665542:666175 [1] NCCL INFO UDS proxyGetFd received handle 0x155200009a80 peer 2 opId cd501ee758a8ce
dgx-48:665542:666159 [1] NCCL INFO Imported shareable buffer device 1 size 2097152 ptr 0x15523d400000
dgx-48:665542:666159 [1] NCCL INFO ProxyCall UDS comm 0x836e9f0 rank 1 tpRank 6(3c63b5853ea822c1) reqSize 8 respSize 0 respFd 0x15527c5b0d08 opId 0xc6685bed0a70eea1
dgx-48:665542:666159 [1] NCCL INFO ProxyCall UDS comm 0x836e9f0 rank 1 tpRank 6(3c63b5853ea822c1) reqSize 8 respSize 0 respFd 78 opId 0xc6685bed0a70eea1 - DONE
dgx-48:665542:666159 [1] NCCL INFO UDS: ClientGetFd handle 0x1552000124e0 tpRank 6 returned fd 78
dgx-48:665542:666159 [1] NCCL INFO UDS converted handle 0x1552000124e0 to fd 78 on remote peer 6
dgx-48:665542:666159 [1] NCCL INFO Imported shareable buffer device 1 size 2097152 ptr 0x15523d600000
dgx-48:665542:666159 [1] NCCL INFO ProxyCall UDS comm 0x836e9f0 rank 1 tpRank 6(3c63b5853ea822c1) reqSize 8 respSize 0 respFd 0x15527c5b0d08 opId 0x6f30036c6ce7c4db
dgx-48:665542:666159 [1] NCCL INFO ProxyCall UDS comm 0x836e9f0 rank 1 tpRank 6(3c63b5853ea822c1) reqSize 8 respSize 0 respFd 79 opId 0x6f30036c6ce7c4db - DONE
dgx-48:665542:666159 [1] NCCL INFO UDS: ClientGetFd handle 0x155200013b80 tpRank 6 returned fd 79
dgx-48:665542:666159 [1] NCCL INFO UDS converted handle 0x155200013b80 to fd 79 on remote peer 6
dgx-48:665542:666159 [1] NCCL INFO Imported shareable buffer device 1 size 2097152 ptr 0x15523d800000
dgx-48:665542:666159 [1] NCCL INFO ncclPollProxyResponse Received new opId=0x155213bcc130
dgx-48:665542:666159 [1] NCCL INFO resp.opId=0x155213bcc130 matches expected opId=0x155213bcc130
dgx-48:665542:666159 [1] NCCL INFO sendConnect ncclPollProxyResponse opId=0x155213bcc130
dgx-48:665542:666175 [1] NCCL INFO proxyUDSRecvReq::ncclProxyMsgGetFd rank 2 opId 0xdceef483ba0d572f handle=0x15520000b220
dgx-48:665542:666175 [1] NCCL INFO UDS proxyGetFd received handle 0x15520000b220 peer 2 opId dceef483ba0d572f
dgx-48:665542:666159 [1] NCCL INFO ProxyCall UDS comm 0x836e9f0 rank 1 tpRank 4(534b97213b719984) reqSize 8 respSize 0 respFd 0x15527c5b1cf8 opId 0x456bf9465638129f
dgx-48:665542:666159 [1] NCCL INFO ProxyCall UDS comm 0x836e9f0 rank 1 tpRank 4(534b97213b719984) reqSize 8 respSize 0 respFd 80 opId 0x456bf9465638129f - DONE
dgx-48:665542:666159 [1] NCCL INFO UDS: ClientGetFd handle 0x1552001744f0 tpRank 4 returned fd 80
dgx-48:665542:666159 [1] NCCL INFO UDS converted handle 0x1552001744f0 to fd 80 on remote peer 4
dgx-48:665542:666159 [1] NCCL INFO Imported shareable buffer device 1 size 10485760 ptr 0x15523da00000
dgx-48:665542:666159 [1] NCCL INFO ncclPollProxyResponse Received new opId=0x155213be1ef0
dgx-48:665542:666159 [1] NCCL INFO resp.opId=0x155213be1ef0 matches expected opId=0x155213be1ef0
dgx-48:665542:666159 [1] NCCL INFO sendConnect ncclPollProxyResponse opId=0x155213be1ef0
dgx-48:665542:666175 [1] NCCL INFO proxyUDSRecvReq::ncclProxyMsgGetFd rank 2 opId 0xcc81755acbeaffe3 handle=0x15520000c940
dgx-48:665542:666175 [1] NCCL INFO UDS proxyGetFd received handle 0x15520000c940 peer 2 opId cc81755acbeaffe3
dgx-48:665542:666159 [1] NCCL INFO ProxyCall UDS comm 0x836e9f0 rank 1 tpRank 4(534b97213b719984) reqSize 8 respSize 0 respFd 0x15527c5b1cf8 opId 0xbcc7f003956d169
dgx-48:665542:666159 [1] NCCL INFO ProxyCall UDS comm 0x836e9f0 rank 1 tpRank 4(534b97213b719984) reqSize 8 respSize 0 respFd 81 opId 0xbcc7f003956d169 - DONE
dgx-48:665542:666159 [1] NCCL INFO UDS: ClientGetFd handle 0x15520022b880 tpRank 4 returned fd 81
dgx-48:665542:666159 [1] NCCL INFO UDS converted handle 0x15520022b880 to fd 81 on remote peer 4
dgx-48:665542:666159 [1] NCCL INFO Imported shareable buffer device 1 size 10485760 ptr 0x15523e400000
dgx-48:665542:666159 [1] NCCL INFO ncclPollProxyResponse Received new opId=0x155213be7b80
dgx-48:665542:666159 [1] NCCL INFO resp.opId=0x155213be7b80 matches expected opId=0x155213be7b80
dgx-48:665542:666159 [1] NCCL INFO sendConnect ncclPollProxyResponse opId=0x155213be7b80
dgx-48:665542:666159 [1] NCCL INFO ProxyCall UDS comm 0x836e9f0 rank 1 tpRank 4(534b97213b719984) reqSize 8 respSize 0 respFd 0x15527c5b1cf8 opId 0x9f0b8bf9b56a028f
dgx-48:665542:666159 [1] NCCL INFO ProxyCall UDS comm 0x836e9f0 rank 1 tpRank 4(534b97213b719984) reqSize 8 respSize 0 respFd 82 opId 0x9f0b8bf9b56a028f - DONE
dgx-48:665542:666159 [1] NCCL INFO UDS: ClientGetFd handle 0x1552001e4700 tpRank 4 returned fd 82
dgx-48:665542:666159 [1] NCCL INFO UDS converted handle 0x1552001e4700 to fd 82 on remote peer 4
dgx-48:665542:666159 [1] NCCL INFO Imported shareable buffer device 1 size 10485760 ptr 0x15523ee00000
dgx-48:665542:666159 [1] NCCL INFO ncclPollProxyResponse Received new opId=0x155213bed8b0
dgx-48:665542:666159 [1] NCCL INFO resp.opId=0x155213bed8b0 matches expected opId=0x155213bed8b0
dgx-48:665542:666159 [1] NCCL INFO sendConnect ncclPollProxyResponse opId=0x155213bed8b0
dgx-48:665542:666159 [1] NCCL INFO ProxyCall UDS comm 0x836e9f0 rank 1 tpRank 4(534b97213b719984) reqSize 8 respSize 0 respFd 0x15527c5b1cf8 opId 0x107addb6374e9113
dgx-48:665542:666159 [1] NCCL INFO ProxyCall UDS comm 0x836e9f0 rank 1 tpRank 4(534b97213b719984) reqSize 8 respSize 0 respFd 83 opId 0x107addb6374e9113 - DONE
dgx-48:665542:666159 [1] NCCL INFO UDS: ClientGetFd handle 0x15520006dbe0 tpRank 4 returned fd 83
dgx-48:665542:666159 [1] NCCL INFO UDS converted handle 0x15520006dbe0 to fd 83 on remote peer 4
dgx-48:665542:666159 [1] NCCL INFO Imported shareable buffer device 1 size 10485760 ptr 0x15523f800000
dgx-48:665542:666175 [1] NCCL INFO proxyUDSRecvReq::ncclProxyMsgGetFd rank 2 opId 0xc3a622ef2e181b33 handle=0x15520000e040
dgx-48:665542:666175 [1] NCCL INFO UDS proxyGetFd received handle 0x15520000e040 peer 2 opId c3a622ef2e181b33
dgx-48:665542:666159 [1] NCCL INFO Connected all rings
dgx-48:665542:666172 [1] NCCL INFO New proxy recv connection 4 from local rank 1, transport 0
dgx-48:665542:666172 [1] NCCL INFO proxyProgressAsync opId=0x155213a97a80 op.type=1 op.reqBuff=0x15520000df80 op.respSize=16 done
dgx-48:665542:666172 [1] NCCL INFO Received and initiated operation=Init res=0
dgx-48:665542:666159 [1] NCCL INFO ncclPollProxyResponse Received new opId=0x155213a97a80
dgx-48:665542:666159 [1] NCCL INFO resp.opId=0x155213a97a80 matches expected opId=0x155213a97a80
dgx-48:665542:666159 [1] NCCL INFO Connected to proxy localRank 1 -> connection 0x155200005f90
dgx-48:665542:666172 [1] NCCL INFO Allocated shareable buffer 0x155240200000 size 10485760 ipcDesc 0x15520000f6d0
dgx-48:665542:666172 [1] NCCL INFO proxyProgressAsync opId=0x155213a97a80 op.type=3 op.reqBuff=0x15520000f660 op.respSize=80 done
dgx-48:665542:666172 [1] NCCL INFO Received and initiated operation=Setup res=0
dgx-48:665542:666159 [1] NCCL INFO ncclPollProxyResponse Received new opId=0x155213a97a80
dgx-48:665542:666159 [1] NCCL INFO resp.opId=0x155213a97a80 matches expected opId=0x155213a97a80
dgx-48:665542:666172 [1] NCCL INFO New proxy recv connection 5 from local rank 1, transport 0
dgx-48:665542:666172 [1] NCCL INFO proxyProgressAsync opId=0x155213a97a80 op.type=1 op.reqBuff=0x15520000f660 op.respSize=16 done
dgx-48:665542:666172 [1] NCCL INFO Received and initiated operation=Init res=0
dgx-48:665542:666159 [1] NCCL INFO ncclPollProxyResponse Received new opId=0x155213a97a80
dgx-48:665542:666159 [1] NCCL INFO resp.opId=0x155213a97a80 matches expected opId=0x155213a97a80
dgx-48:665542:666159 [1] NCCL INFO Connected to proxy localRank 1 -> connection 0x155200006008
dgx-48:665542:666172 [1] NCCL INFO Allocated shareable buffer 0x155240c00000 size 10485760 ipcDesc 0x155200010db0
dgx-48:665542:666172 [1] NCCL INFO proxyProgressAsync opId=0x155213a97a80 op.type=3 op.reqBuff=0x155200010d40 op.respSize=80 done
dgx-48:665542:666172 [1] NCCL INFO Received and initiated operation=Setup res=0
dgx-48:665542:666159 [1] NCCL INFO ncclPollProxyResponse Received new opId=0x155213a97a80
dgx-48:665542:666159 [1] NCCL INFO resp.opId=0x155213a97a80 matches expected opId=0x155213a97a80
dgx-48:665542:666172 [1] NCCL INFO New proxy recv connection 6 from local rank 1, transport 0
dgx-48:665542:666172 [1] NCCL INFO proxyProgressAsync opId=0x155213a97a80 op.type=1 op.reqBuff=0x155200010d40 op.respSize=16 done
dgx-48:665542:666172 [1] NCCL INFO Received and initiated operation=Init res=0
dgx-48:665542:666159 [1] NCCL INFO ncclPollProxyResponse Received new opId=0x155213a97a80
dgx-48:665542:666159 [1] NCCL INFO resp.opId=0x155213a97a80 matches expected opId=0x155213a97a80
dgx-48:665542:666159 [1] NCCL INFO Connected to proxy localRank 1 -> connection 0x155200006080
dgx-48:665542:666172 [1] NCCL INFO Allocated shareable buffer 0x155241600000 size 10485760 ipcDesc 0x155200012490
dgx-48:665542:666172 [1] NCCL INFO proxyProgressAsync opId=0x155213a97a80 op.type=3 op.reqBuff=0x155200012420 op.respSize=80 done
dgx-48:665542:666172 [1] NCCL INFO Received and initiated operation=Setup res=0
dgx-48:665542:666159 [1] NCCL INFO ncclPollProxyResponse Received new opId=0x155213a97a80
dgx-48:665542:666159 [1] NCCL INFO resp.opId=0x155213a97a80 matches expected opId=0x155213a97a80
dgx-48:665542:666172 [1] NCCL INFO New proxy recv connection 7 from local rank 1, transport 0
dgx-48:665542:666172 [1] NCCL INFO proxyProgressAsync opId=0x155213a97a80 op.type=1 op.reqBuff=0x155200012420 op.respSize=16 done
dgx-48:665542:666172 [1] NCCL INFO Received and initiated operation=Init res=0
dgx-48:665542:666159 [1] NCCL INFO ncclPollProxyResponse Received new opId=0x155213a97a80
dgx-48:665542:666159 [1] NCCL INFO resp.opId=0x155213a97a80 matches expected opId=0x155213a97a80
dgx-48:665542:666159 [1] NCCL INFO Connected to proxy localRank 1 -> connection 0x1552000060f8
dgx-48:665542:666172 [1] NCCL INFO Allocated shareable buffer 0x155242000000 size 10485760 ipcDesc 0x155200013b30
dgx-48:665542:666172 [1] NCCL INFO proxyProgressAsync opId=0x155213a97a80 op.type=3 op.reqBuff=0x155200013b00 op.respSize=80 done
dgx-48:665542:666172 [1] NCCL INFO Received and initiated operation=Setup res=0
dgx-48:665542:666159 [1] NCCL INFO ncclPollProxyResponse Received new opId=0x155213a97a80
dgx-48:665542:666159 [1] NCCL INFO resp.opId=0x155213a97a80 matches expected opId=0x155213a97a80
dgx-48:665542:666159 [1] NCCL INFO Channel 00/0 : 5[1] -> 6[2] via P2P/CUMEM
dgx-48:665542:666172 [1] NCCL INFO New proxy send connection 8 from local rank 1, transport 0
dgx-48:665542:666172 [1] NCCL INFO proxyProgressAsync opId=0x155213a97a80 op.type=1 op.reqBuff=0x155200013b00 op.respSize=16 done
dgx-48:665542:666172 [1] NCCL INFO Received and initiated operation=Init res=0
dgx-48:665542:666159 [1] NCCL INFO ncclPollProxyResponse Received new opId=0x155213a97a80
dgx-48:665542:666159 [1] NCCL INFO resp.opId=0x155213a97a80 matches expected opId=0x155213a97a80
dgx-48:665542:666159 [1] NCCL INFO Connected to proxy localRank 1 -> connection 0x155200006170
dgx-48:665542:666172 [1] NCCL INFO Allocated shareable buffer 0x155242a00000 size 2097152 ipcDesc 0x1552000151d0
dgx-48:665542:666172 [1] NCCL INFO proxyProgressAsync opId=0x155213a97a80 op.type=3 op.reqBuff=0x1552000151a0 op.respSize=80 done
dgx-48:665542:666172 [1] NCCL INFO Received and initiated operation=Setup res=0
dgx-48:665542:666159 [1] NCCL INFO ncclPollProxyResponse Received new opId=0x155213a97a80
dgx-48:665542:666159 [1] NCCL INFO resp.opId=0x155213a97a80 matches expected opId=0x155213a97a80
dgx-48:665542:666159 [1] NCCL INFO Channel 01/0 : 5[1] -> 6[2] via P2P/CUMEM
dgx-48:665542:666172 [1] NCCL INFO New proxy send connection 9 from local rank 1, transport 0
dgx-48:665542:666172 [1] NCCL INFO proxyProgressAsync opId=0x155213a97a80 op.type=1 op.reqBuff=0x1552000151a0 op.respSize=16 done
dgx-48:665542:666172 [1] NCCL INFO Received and initiated operation=Init res=0
dgx-48:665542:666159 [1] NCCL INFO ncclPollProxyResponse Received new opId=0x155213a97a80
dgx-48:665542:666159 [1] NCCL INFO resp.opId=0x155213a97a80 matches expected opId=0x155213a97a80
dgx-48:665542:666159 [1] NCCL INFO Connected to proxy localRank 1 -> connection 0x1552000061e8
dgx-48:665542:666172 [1] NCCL INFO Allocated shareable buffer 0x155242c00000 size 2097152 ipcDesc 0x155200016870
dgx-48:665542:666172 [1] NCCL INFO proxyProgressAsync opId=0x155213a97a80 op.type=3 op.reqBuff=0x155200016840 op.respSize=80 done
dgx-48:665542:666172 [1] NCCL INFO Received and initiated operation=Setup res=0
dgx-48:665542:666159 [1] NCCL INFO ncclPollProxyResponse Received new opId=0x155213a97a80
dgx-48:665542:666159 [1] NCCL INFO resp.opId=0x155213a97a80 matches expected opId=0x155213a97a80
dgx-48:665542:666159 [1] NCCL INFO Channel 02/0 : 5[1] -> 6[2] via P2P/CUMEM
dgx-48:665542:666172 [1] NCCL INFO New proxy send connection 10 from local rank 1, transport 0
dgx-48:665542:666172 [1] NCCL INFO proxyProgressAsync opId=0x155213a97a80 op.type=1 op.reqBuff=0x155200016840 op.respSize=16 done
dgx-48:665542:666172 [1] NCCL INFO Received and initiated operation=Init res=0
dgx-48:665542:666159 [1] NCCL INFO ncclPollProxyResponse Received new opId=0x155213a97a80
dgx-48:665542:666159 [1] NCCL INFO resp.opId=0x155213a97a80 matches expected opId=0x155213a97a80
dgx-48:665542:666159 [1] NCCL INFO Connected to proxy localRank 1 -> connection 0x155200006260
dgx-48:665542:666172 [1] NCCL INFO Allocated shareable buffer 0x155242e00000 size 2097152 ipcDesc 0x155200017f10
dgx-48:665542:666172 [1] NCCL INFO proxyProgressAsync opId=0x155213a97a80 op.type=3 op.reqBuff=0x155200017ee0 op.respSize=80 done
dgx-48:665542:666172 [1] NCCL INFO Received and initiated operation=Setup res=0
dgx-48:665542:666159 [1] NCCL INFO ncclPollProxyResponse Received new opId=0x155213a97a80
dgx-48:665542:666159 [1] NCCL INFO resp.opId=0x155213a97a80 matches expected opId=0x155213a97a80
dgx-48:665542:666159 [1] NCCL INFO Channel 03/0 : 5[1] -> 6[2] via P2P/CUMEM
dgx-48:665542:666172 [1] NCCL INFO New proxy send connection 11 from local rank 1, transport 0
dgx-48:665542:666172 [1] NCCL INFO proxyProgressAsync opId=0x155213a97a80 op.type=1 op.reqBuff=0x155200017ee0 op.respSize=16 done
dgx-48:665542:666172 [1] NCCL INFO Received and initiated operation=Init res=0
dgx-48:665542:666159 [1] NCCL INFO ncclPollProxyResponse Received new opId=0x155213a97a80
dgx-48:665542:666159 [1] NCCL INFO resp.opId=0x155213a97a80 matches expected opId=0x155213a97a80
dgx-48:665542:666159 [1] NCCL INFO Connected to proxy localRank 1 -> connection 0x1552000062d8
dgx-48:665542:666172 [1] NCCL INFO Allocated shareable buffer 0x155243000000 size 2097152 ipcDesc 0x1552000195b0
dgx-48:665542:666172 [1] NCCL INFO proxyProgressAsync opId=0x155213a97a80 op.type=3 op.reqBuff=0x155200019580 op.respSize=80 done
dgx-48:665542:666172 [1] NCCL INFO Received and initiated operation=Setup res=0
dgx-48:665542:666159 [1] NCCL INFO ncclPollProxyResponse Received new opId=0x155213a97a80
dgx-48:665542:666159 [1] NCCL INFO resp.opId=0x155213a97a80 matches expected opId=0x155213a97a80
dgx-48:665542:666159 [1] NCCL INFO Channel 00/0 : 5[1] -> 4[0] via P2P/CUMEM
dgx-48:665542:666172 [1] NCCL INFO New proxy send connection 12 from local rank 1, transport 0
dgx-48:665542:666172 [1] NCCL INFO proxyProgressAsync opId=0x155213a97a80 op.type=1 op.reqBuff=0x155200019580 op.respSize=16 done
dgx-48:665542:666159 [1] NCCL INFO ncclPollProxyResponse Received new opId=0x155213a97a80
dgx-48:665542:666172 [1] NCCL INFO Received and initiated operation=Init res=0
dgx-48:665542:666159 [1] NCCL INFO resp.opId=0x155213a97a80 matches expected opId=0x155213a97a80
dgx-48:665542:666159 [1] NCCL INFO Connected to proxy localRank 1 -> connection 0x155200006350
dgx-48:665542:666172 [1] NCCL INFO Allocated shareable buffer 0x155243200000 size 2097152 ipcDesc 0x15520001ac50
dgx-48:665542:666172 [1] NCCL INFO proxyProgressAsync opId=0x155213a97a80 op.type=3 op.reqBuff=0x15520001ac20 op.respSize=80 done
dgx-48:665542:666159 [1] NCCL INFO ncclPollProxyResponse Received new opId=0x155213a97a80
dgx-48:665542:666159 [1] NCCL INFO resp.opId=0x155213a97a80 matches expected opId=0x155213a97a80
dgx-48:665542:666159 [1] NCCL INFO Channel 01/0 : 5[1] -> 4[0] via P2P/CUMEM
dgx-48:665542:666172 [1] NCCL INFO Received and initiated operation=Setup res=0
dgx-48:665542:666175 [1] NCCL INFO proxyUDSRecvReq::ncclProxyMsgGetFd rank 2 opId 0xfe859b9c2c0c6e36 handle=0x155200015220
dgx-48:665542:666175 [1] NCCL INFO UDS proxyGetFd received handle 0x155200015220 peer 2 opId fe859b9c2c0c6e36
dgx-48:665542:666175 [1] NCCL INFO proxyUDSRecvReq::ncclProxyMsgGetFd rank 2 opId 0xad12f55b66ed126e handle=0x1552000168c0
dgx-48:665542:666175 [1] NCCL INFO UDS proxyGetFd received handle 0x1552000168c0 peer 2 opId ad12f55b66ed126e
dgx-48:665542:666172 [1] NCCL INFO New proxy send connection 13 from local rank 1, transport 0
dgx-48:665542:666172 [1] NCCL INFO proxyProgressAsync opId=0x155213a97a80 op.type=1 op.reqBuff=0x15520001ac20 op.respSize=16 done
dgx-48:665542:666172 [1] NCCL INFO Received and initiated operation=Init res=0
dgx-48:665542:666159 [1] NCCL INFO ncclPollProxyResponse Received new opId=0x155213a97a80
dgx-48:665542:666159 [1] NCCL INFO resp.opId=0x155213a97a80 matches expected opId=0x155213a97a80
dgx-48:665542:666159 [1] NCCL INFO Connected to proxy localRank 1 -> connection 0x1552000063c8
dgx-48:665542:666172 [1] NCCL INFO Allocated shareable buffer 0x155243400000 size 2097152 ipcDesc 0x15520001c2f0
dgx-48:665542:666172 [1] NCCL INFO proxyProgressAsync opId=0x155213a97a80 op.type=3 op.reqBuff=0x15520001c2c0 op.respSize=80 done
dgx-48:665542:666159 [1] NCCL INFO ncclPollProxyResponse Received new opId=0x155213a97a80
dgx-48:665542:666172 [1] NCCL INFO Received and initiated operation=Setup res=0
dgx-48:665542:666159 [1] NCCL INFO resp.opId=0x155213a97a80 matches expected opId=0x155213a97a80
dgx-48:665542:666159 [1] NCCL INFO Channel 02/0 : 5[1] -> 4[0] via P2P/CUMEM
dgx-48:665542:666175 [1] NCCL INFO proxyUDSRecvReq::ncclProxyMsgGetFd rank 2 opId 0x8d4e2e7cf0bfbf8a handle=0x155200017f60
dgx-48:665542:666175 [1] NCCL INFO UDS proxyGetFd received handle 0x155200017f60 peer 2 opId 8d4e2e7cf0bfbf8a
dgx-48:665542:666175 [1] NCCL INFO proxyUDSRecvReq::ncclProxyMsgGetFd rank 2 opId 0x6027d592e1b253db handle=0x155200019600
dgx-48:665542:666175 [1] NCCL INFO UDS proxyGetFd received handle 0x155200019600 peer 2 opId 6027d592e1b253db
dgx-48:665542:666172 [1] NCCL INFO New proxy send connection 14 from local rank 1, transport 0
dgx-48:665542:666172 [1] NCCL INFO proxyProgressAsync opId=0x155213a97a80 op.type=1 op.reqBuff=0x15520001c2c0 op.respSize=16 done
dgx-48:665542:666172 [1] NCCL INFO Received and initiated operation=Init res=0
dgx-48:665542:666159 [1] NCCL INFO ncclPollProxyResponse Received new opId=0x155213a97a80
dgx-48:665542:666159 [1] NCCL INFO resp.opId=0x155213a97a80 matches expected opId=0x155213a97a80
dgx-48:665542:666159 [1] NCCL INFO Connected to proxy localRank 1 -> connection 0x155200006440
dgx-48:665542:666172 [1] NCCL INFO Allocated shareable buffer 0x155243600000 size 2097152 ipcDesc 0x15520001d990
dgx-48:665542:666172 [1] NCCL INFO proxyProgressAsync opId=0x155213a97a80 op.type=3 op.reqBuff=0x15520001d960 op.respSize=80 done
dgx-48:665542:666172 [1] NCCL INFO Received and initiated operation=Setup res=0
dgx-48:665542:666159 [1] NCCL INFO ncclPollProxyResponse Received new opId=0x155213a97a80
dgx-48:665542:666159 [1] NCCL INFO resp.opId=0x155213a97a80 matches expected opId=0x155213a97a80
dgx-48:665542:666159 [1] NCCL INFO Channel 03/0 : 5[1] -> 4[0] via P2P/CUMEM
dgx-48:665542:666172 [1] NCCL INFO New proxy send connection 15 from local rank 1, transport 0
dgx-48:665542:666172 [1] NCCL INFO proxyProgressAsync opId=0x155213a97a80 op.type=1 op.reqBuff=0x15520001d960 op.respSize=16 done
dgx-48:665542:666172 [1] NCCL INFO Received and initiated operation=Init res=0
dgx-48:665542:666159 [1] NCCL INFO ncclPollProxyResponse Received new opId=0x155213a97a80
dgx-48:665542:666159 [1] NCCL INFO resp.opId=0x155213a97a80 matches expected opId=0x155213a97a80
dgx-48:665542:666159 [1] NCCL INFO Connected to proxy localRank 1 -> connection 0x1552000064b8
dgx-48:665542:666172 [1] NCCL INFO Allocated shareable buffer 0x155243800000 size 2097152 ipcDesc 0x15520001f030
dgx-48:665542:666172 [1] NCCL INFO proxyProgressAsync opId=0x155213a97a80 op.type=3 op.reqBuff=0x15520001f000 op.respSize=80 done
dgx-48:665542:666172 [1] NCCL INFO Received and initiated operation=Setup res=0
dgx-48:665542:666159 [1] NCCL INFO ncclPollProxyResponse Received new opId=0x155213a97a80
dgx-48:665542:666159 [1] NCCL INFO resp.opId=0x155213a97a80 matches expected opId=0x155213a97a80
dgx-48:665542:666159 [1] NCCL INFO ProxyCall UDS comm 0x836e9f0 rank 1 tpRank 6(3c63b5853ea822c1) reqSize 8 respSize 0 respFd 0x15527c5b1d38 opId 0x9b4a3c429765c026
dgx-48:665542:666175 [1] NCCL INFO proxyUDSRecvReq::ncclProxyMsgGetFd rank 0 opId 0x3bcd805361eac37e handle=0x15520000f720
dgx-48:665542:666175 [1] NCCL INFO UDS proxyGetFd received handle 0x15520000f720 peer 0 opId 3bcd805361eac37e
dgx-48:665542:666159 [1] NCCL INFO ProxyCall UDS comm 0x836e9f0 rank 1 tpRank 6(3c63b5853ea822c1) reqSize 8 respSize 0 respFd 84 opId 0x9b4a3c429765c026 - DONE
dgx-48:665542:666159 [1] NCCL INFO UDS: ClientGetFd handle 0x155200015220 tpRank 6 returned fd 84
dgx-48:665542:666159 [1] NCCL INFO UDS converted handle 0x155200015220 to fd 84 on remote peer 6
dgx-48:665542:666159 [1] NCCL INFO Imported shareable buffer device 1 size 10485760 ptr 0x155243a00000
dgx-48:665542:666159 [1] NCCL INFO ProxyCall UDS comm 0x836e9f0 rank 1 tpRank 4(534b97213b719984) reqSize 8 respSize 0 respFd 0x15527c5b0d08 opId 0x2357b4e7f6b0bf18
dgx-48:665542:666175 [1] NCCL INFO proxyUDSRecvReq::ncclProxyMsgGetFd rank 0 opId 0xae9073ecbb4ae6e0 handle=0x155200010e00
dgx-48:665542:666175 [1] NCCL INFO UDS proxyGetFd received handle 0x155200010e00 peer 0 opId ae9073ecbb4ae6e0
dgx-48:665542:666159 [1] NCCL INFO ProxyCall UDS comm 0x836e9f0 rank 1 tpRank 4(534b97213b719984) reqSize 8 respSize 0 respFd 84 opId 0x2357b4e7f6b0bf18 - DONE
dgx-48:665542:666159 [1] NCCL INFO UDS: ClientGetFd handle 0x15520028ecd0 tpRank 4 returned fd 84
dgx-48:665542:666159 [1] NCCL INFO UDS converted handle 0x15520028ecd0 to fd 84 on remote peer 4
dgx-48:665542:666159 [1] NCCL INFO Imported shareable buffer device 1 size 2097152 ptr 0x155244400000
dgx-48:665542:666159 [1] NCCL INFO ProxyCall UDS comm 0x836e9f0 rank 1 tpRank 6(3c63b5853ea822c1) reqSize 8 respSize 0 respFd 0x15527c5b1d38 opId 0xbae7e6517cbc1aea
dgx-48:665542:666159 [1] NCCL INFO ProxyCall UDS comm 0x836e9f0 rank 1 tpRank 6(3c63b5853ea822c1) reqSize 8 respSize 0 respFd 84 opId 0xbae7e6517cbc1aea - DONE
dgx-48:665542:666159 [1] NCCL INFO UDS: ClientGetFd handle 0x1552000168c0 tpRank 6 returned fd 84
dgx-48:665542:666159 [1] NCCL INFO UDS converted handle 0x1552000168c0 to fd 84 on remote peer 6
dgx-48:665542:666175 [1] NCCL INFO proxyUDSRecvReq::ncclProxyMsgGetFd rank 0 opId 0x731d1a16adbd1125 handle=0x1552000124e0
dgx-48:665542:666175 [1] NCCL INFO UDS proxyGetFd received handle 0x1552000124e0 peer 0 opId 731d1a16adbd1125
dgx-48:665542:666159 [1] NCCL INFO Imported shareable buffer device 1 size 10485760 ptr 0x155244600000
dgx-48:665542:666159 [1] NCCL INFO ProxyCall UDS comm 0x836e9f0 rank 1 tpRank 4(534b97213b719984) reqSize 8 respSize 0 respFd 0x15527c5b0d08 opId 0xded271f9cd013e3d
dgx-48:665542:666159 [1] NCCL INFO ProxyCall UDS comm 0x836e9f0 rank 1 tpRank 4(534b97213b719984) reqSize 8 respSize 0 respFd 84 opId 0xded271f9cd013e3d - DONE
dgx-48:665542:666159 [1] NCCL INFO UDS: ClientGetFd handle 0x15520037f450 tpRank 4 returned fd 84
dgx-48:665542:666159 [1] NCCL INFO UDS converted handle 0x15520037f450 to fd 84 on remote peer 4
dgx-48:665542:666175 [1] NCCL INFO proxyUDSRecvReq::ncclProxyMsgGetFd rank 0 opId 0x4d12238622ece7c2 handle=0x155200013b80
dgx-48:665542:666175 [1] NCCL INFO UDS proxyGetFd received handle 0x155200013b80 peer 0 opId 4d12238622ece7c2
dgx-48:665542:666159 [1] NCCL INFO Imported shareable buffer device 1 size 2097152 ptr 0x155245000000
dgx-48:665542:666159 [1] NCCL INFO ProxyCall UDS comm 0x836e9f0 rank 1 tpRank 6(3c63b5853ea822c1) reqSize 8 respSize 0 respFd 0x15527c5b1d38 opId 0x734b76628c304a65
dgx-48:665542:666159 [1] NCCL INFO ProxyCall UDS comm 0x836e9f0 rank 1 tpRank 6(3c63b5853ea822c1) reqSize 8 respSize 0 respFd 84 opId 0x734b76628c304a65 - DONE
dgx-48:665542:666159 [1] NCCL INFO UDS: ClientGetFd handle 0x155200017f60 tpRank 6 returned fd 84
dgx-48:665542:666159 [1] NCCL INFO UDS converted handle 0x155200017f60 to fd 84 on remote peer 6
dgx-48:665542:666159 [1] NCCL INFO Imported shareable buffer device 1 size 10485760 ptr 0x155245200000
dgx-48:665542:666159 [1] NCCL INFO ProxyCall UDS comm 0x836e9f0 rank 1 tpRank 4(534b97213b719984) reqSize 8 respSize 0 respFd 0x15527c5b0d08 opId 0xd286c6ca8ade8365
dgx-48:665542:666159 [1] NCCL INFO ProxyCall UDS comm 0x836e9f0 rank 1 tpRank 4(534b97213b719984) reqSize 8 respSize 0 respFd 84 opId 0xd286c6ca8ade8365 - DONE
dgx-48:665542:666159 [1] NCCL INFO UDS: ClientGetFd handle 0x155200451c60 tpRank 4 returned fd 84
dgx-48:665542:666159 [1] NCCL INFO UDS converted handle 0x155200451c60 to fd 84 on remote peer 4
dgx-48:665542:666159 [1] NCCL INFO Imported shareable buffer device 1 size 2097152 ptr 0x155245c00000
dgx-48:665542:666159 [1] NCCL INFO ProxyCall UDS comm 0x836e9f0 rank 1 tpRank 6(3c63b5853ea822c1) reqSize 8 respSize 0 respFd 0x15527c5b1d38 opId 0xa39beb6e3faf9773
dgx-48:665542:666159 [1] NCCL INFO ProxyCall UDS comm 0x836e9f0 rank 1 tpRank 6(3c63b5853ea822c1) reqSize 8 respSize 0 respFd 84 opId 0xa39beb6e3faf9773 - DONE
dgx-48:665542:666159 [1] NCCL INFO UDS: ClientGetFd handle 0x155200019600 tpRank 6 returned fd 84
dgx-48:665542:666159 [1] NCCL INFO UDS converted handle 0x155200019600 to fd 84 on remote peer 6
dgx-48:665542:666159 [1] NCCL INFO Imported shareable buffer device 1 size 10485760 ptr 0x155245e00000
dgx-48:665542:666159 [1] NCCL INFO ProxyCall UDS comm 0x836e9f0 rank 1 tpRank 4(534b97213b719984) reqSize 8 respSize 0 respFd 0x15527c5b0d08 opId 0xe74b54c0817de7c4
dgx-48:665542:666159 [1] NCCL INFO ProxyCall UDS comm 0x836e9f0 rank 1 tpRank 4(534b97213b719984) reqSize 8 respSize 0 respFd 84 opId 0xe74b54c0817de7c4 - DONE
dgx-48:665542:666159 [1] NCCL INFO UDS: ClientGetFd handle 0x1552001e32f0 tpRank 4 returned fd 84
dgx-48:665542:666159 [1] NCCL INFO UDS converted handle 0x1552001e32f0 to fd 84 on remote peer 4
dgx-48:665542:666159 [1] NCCL INFO Imported shareable buffer device 1 size 2097152 ptr 0x155246800000
dgx-48:665542:666159 [1] NCCL INFO ProxyCall UDS comm 0x836e9f0 rank 1 tpRank 4(534b97213b719984) reqSize 8 respSize 0 respFd 0x15527c5b1d38 opId 0xc64cec6768cf8942
dgx-48:665542:666159 [1] NCCL INFO ProxyCall UDS comm 0x836e9f0 rank 1 tpRank 4(534b97213b719984) reqSize 8 respSize 0 respFd 84 opId 0xc64cec6768cf8942 - DONE
dgx-48:665542:666159 [1] NCCL INFO UDS: ClientGetFd handle 0x155200173120 tpRank 4 returned fd 84
dgx-48:665542:666159 [1] NCCL INFO UDS converted handle 0x155200173120 to fd 84 on remote peer 4
dgx-48:665542:666159 [1] NCCL INFO Imported shareable buffer device 1 size 10485760 ptr 0x155246a00000
dgx-48:665542:666159 [1] NCCL INFO ProxyCall UDS comm 0x836e9f0 rank 1 tpRank 4(534b97213b719984) reqSize 8 respSize 0 respFd 0x15527c5b1d38 opId 0xd461d1f0f10105ed
dgx-48:665542:666175 [1] NCCL INFO proxyUDSRecvReq::ncclProxyMsgGetFd rank 0 opId 0x143a8c5934c9bece handle=0x15520001aca0
dgx-48:665542:666175 [1] NCCL INFO UDS proxyGetFd received handle 0x15520001aca0 peer 0 opId 143a8c5934c9bece
dgx-48:665542:666159 [1] NCCL INFO ProxyCall UDS comm 0x836e9f0 rank 1 tpRank 4(534b97213b719984) reqSize 8 respSize 0 respFd 84 opId 0xd461d1f0f10105ed - DONE
dgx-48:665542:666159 [1] NCCL INFO UDS: ClientGetFd handle 0x1552003174f0 tpRank 4 returned fd 84
dgx-48:665542:666159 [1] NCCL INFO UDS converted handle 0x1552003174f0 to fd 84 on remote peer 4
dgx-48:665542:666159 [1] NCCL INFO Imported shareable buffer device 1 size 10485760 ptr 0x155247400000
dgx-48:665542:666159 [1] NCCL INFO ProxyCall UDS comm 0x836e9f0 rank 1 tpRank 4(534b97213b719984) reqSize 8 respSize 0 respFd 0x15527c5b1d38 opId 0x8ae71599aaf41a6b
dgx-48:665542:666159 [1] NCCL INFO ProxyCall UDS comm 0x836e9f0 rank 1 tpRank 4(534b97213b719984) reqSize 8 respSize 0 respFd 84 opId 0x8ae71599aaf41a6b - DONE
dgx-48:665542:666159 [1] NCCL INFO UDS: ClientGetFd handle 0x155200318bf0 tpRank 4 returned fd 84
dgx-48:665542:666159 [1] NCCL INFO UDS converted handle 0x155200318bf0 to fd 84 on remote peer 4
dgx-48:665542:666175 [1] NCCL INFO proxyUDSRecvReq::ncclProxyMsgGetFd rank 0 opId 0xfb500f6f615ceb83 handle=0x15520001c340
dgx-48:665542:666175 [1] NCCL INFO UDS proxyGetFd received handle 0x15520001c340 peer 0 opId fb500f6f615ceb83
dgx-48:665542:666175 [1] NCCL INFO proxyUDSRecvReq::ncclProxyMsgGetFd rank 0 opId 0x33774fa83bc8429f handle=0x15520001d9e0
dgx-48:665542:666175 [1] NCCL INFO UDS proxyGetFd received handle 0x15520001d9e0 peer 0 opId 33774fa83bc8429f
dgx-48:665542:666159 [1] NCCL INFO Imported shareable buffer device 1 size 10485760 ptr 0x155247e00000
dgx-48:665542:666159 [1] NCCL INFO ProxyCall UDS comm 0x836e9f0 rank 1 tpRank 4(534b97213b719984) reqSize 8 respSize 0 respFd 0x15527c5b1d38 opId 0x24e469e331ed01da
dgx-48:665542:666175 [1] NCCL INFO proxyUDSRecvReq::ncclProxyMsgGetFd rank 0 opId 0x1e1e61756eb8e137 handle=0x15520001f080
dgx-48:665542:666175 [1] NCCL INFO UDS proxyGetFd received handle 0x15520001f080 peer 0 opId 1e1e61756eb8e137
dgx-48:665542:666159 [1] NCCL INFO ProxyCall UDS comm 0x836e9f0 rank 1 tpRank 4(534b97213b719984) reqSize 8 respSize 0 respFd 84 opId 0x24e469e331ed01da - DONE
dgx-48:665542:666159 [1] NCCL INFO UDS: ClientGetFd handle 0x155200316420 tpRank 4 returned fd 84
dgx-48:665542:666159 [1] NCCL INFO UDS converted handle 0x155200316420 to fd 84 on remote peer 4
dgx-48:665542:666159 [1] NCCL INFO Imported shareable buffer device 1 size 10485760 ptr 0x155248800000
dgx-48:665542:666159 [1] NCCL INFO Connected all trees
dgx-48:665542:666159 [1] NCCL INFO threadThresholds 8/8/64 | 64/8/64 | 512 | 512
dgx-48:665542:666159 [1] NCCL INFO 4 coll channels, 4 collnet channels, 0 nvls channels, 4 p2p channels, 2 p2p channels per peer
dgx-48:665542:666172 [1] NCCL INFO Allocated 7340388 bytes of shared memory in /dev/shm/nccl-4MrUlp
dgx-48:665542:666172 [1] NCCL INFO New proxy send connection 16 from local rank 1, transport 2
dgx-48:665542:666172 [1] NCCL INFO proxyProgressAsync opId=0x155213a97a80 op.type=1 op.reqBuff=0x15520001f000 op.respSize=16 done
dgx-48:665542:666172 [1] NCCL INFO Received and initiated operation=Init res=0
dgx-48:665542:666159 [1] NCCL INFO ncclPollProxyResponse Received new opId=0x155213a97a80
dgx-48:665542:666159 [1] NCCL INFO resp.opId=0x155213a97a80 matches expected opId=0x155213a97a80
dgx-48:665542:666159 [1] NCCL INFO Connected to proxy localRank 1 -> connection 0x155200006530
dgx-48:665542:666172 [1] NCCL INFO Allocated shareable buffer 0x155249200000 size 8388608 ipcDesc 0x1552000209b8
dgx-48:665542:666172 [1] NCCL INFO proxyProgressAsync opId=0x155213a97a80 op.type=2 op.reqBuff=0x1552000206a0 op.respSize=0 done
dgx-48:665542:666172 [1] NCCL INFO Received and initiated operation=SharedInit res=0
dgx-48:665542:666159 [1] NCCL INFO ncclPollProxyResponse Received new opId=0x155213a97a80
dgx-48:665542:666159 [1] NCCL INFO resp.opId=0x155213a97a80 matches expected opId=0x155213a97a80
dgx-48:665542:666159 [1] NCCL INFO GPU Direct RDMA Enabled for GPU 43000 / HCA 0 (distance 4 <= 6), read 1
dgx-48:665542:666159 [1] NCCL INFO Mem Realloc old size 0, new size 4 pointer 0x155213a97a80
dgx-48:665542:666159 [1] NCCL INFO GPU Direct RDMA Enabled for GPU 43000 / HCA 0 (distance 4 <= 6), read 1
dgx-48:665542:666159 [1] NCCL INFO GPU Direct RDMA Enabled for GPU 43000 / HCA 0 (distance 4 <= 6), read 1
dgx-48:665542:666159 [1] NCCL INFO GPU Direct RDMA Enabled for GPU 43000 / HCA 0 (distance 4 <= 6), read 1
dgx-48:665542:666159 [1] NCCL INFO GPU Direct RDMA Enabled for GPU 43000 / HCA 0 (distance 4 <= 6), read 1
dgx-48:665542:666159 [1] NCCL INFO GPU Direct RDMA Enabled for GPU 43000 / HCA 0 (distance 4 <= 6), read 1
dgx-48:665542:666159 [1] NCCL INFO GPU Direct RDMA Enabled for GPU 43000 / HCA 0 (distance 4 <= 6), read 1
dgx-48:665542:666159 [1] NCCL INFO GPU Direct RDMA Enabled for GPU 43000 / HCA 0 (distance 4 <= 6), read 1
dgx-48:665542:666159 [1] NCCL INFO ncclPollProxyResponse Received new opId=0x155213c21970
dgx-48:665542:666159 [1] NCCL INFO resp.opId=0x155213c21970 matches expected opId=0x155213c21970
dgx-48:665542:666159 [1] NCCL INFO Connected to proxy localRank 0 -> connection 0x155200006c38
dgx-48:665542:666159 [1] NCCL INFO ncclPollProxyResponse Received new opId=0x155213c21970
dgx-48:665542:666159 [1] NCCL INFO resp.opId=0x155213c21970 matches expected opId=0x155213c21970
dgx-48:665542:666159 [1] NCCL INFO init.cc:402 Cuda Alloc Size 11856 pointer 0x155249a00000
dgx-48:665542:666159 [1] NCCL INFO init.cc:430 Cuda Host Alloc Size 33554432 pointer 0x155249c00000
dgx-48:665542:666159 [1] NCCL INFO init.cc:436 Cuda Host Alloc Size 128 pointer 0x155235600200
dgx-48:665542:666159 [1] NCCL INFO TUNER/Plugin: Plugin load returned 2 : libnccl-net.so: cannot open shared object file: No such file or directory : when loading libnccl-tuner.so
dgx-48:665542:666159 [1] NCCL INFO TUNER/Plugin: Using internal tuner plugin.
dgx-48:665542:666159 [1] NCCL INFO ncclCommInitRank comm 0x836e9f0 rank 5 nranks 8 cudaDev 1 nvmlDev 1 busId 43000 commId 0x79fd8d69287cf8fe - Init COMPLETE
