[rank6]:[W105 09:14:19.568560340 ProcessGroupNCCL.cpp:4115] [PG ID 0 PG GUID 0 Rank 6]  using GPU 2 to perform barrier as devices used by this process are currently unknown. This can potentially cause a hang if this rank to GPU mapping is incorrect.Specify device_ids in barrier() to force use of a particular device,or call init_process_group() with a device_id.
dgx-48:665543:665543 [2] NCCL INFO cudaDriverVersion 12020
dgx-48:665543:665543 [2] NCCL INFO Bootstrap : Using ibp24s0:10.23.1.133<0>
dgx-48:665543:665543 [2] NCCL INFO NET/Plugin: No plugin found (libnccl-net.so)
dgx-48:665543:665543 [2] NCCL INFO NET/Plugin: Plugin load returned 2 : libnccl-net.so: cannot open shared object file: No such file or directory : when loading libnccl-net.so
dgx-48:665543:665543 [2] NCCL INFO NET/Plugin: Using internal network plugin.
dgx-48:665543:665543 [2] NCCL INFO init.cc:1785 Cuda Host Alloc Size 4 pointer 0x155235600000
dgx-48:665543:666160 [2] NCCL INFO NCCL_IB_DISABLE set by environment to 0.
dgx-48:665543:666160 [2] NCCL INFO NCCL_IB_HCA set to mlx5_0
dgx-48:665543:666160 [2] NCCL INFO NET/IB : Using [0]mlx5_0:1/IB [RO]; OOB ibp24s0:10.23.1.133<0>
dgx-48:665543:666160 [2] NCCL INFO Using non-device net plugin version 0
dgx-48:665543:666160 [2] NCCL INFO Using network IB
dgx-48:665543:666160 [2] NCCL INFO ncclCommInitRank comm 0x836cf40 rank 6 nranks 8 cudaDev 2 nvmlDev 2 busId 52000 commId 0x79fd8d69287cf8fe - Init START
dgx-48:665543:666160 [2] NCCL INFO NET/IB : GPU Direct RDMA Enabled for HCA 0 'mlx5_0'
dgx-48:665543:666160 [2] NCCL INFO NCCL_NET_GDR_LEVEL set by environment to PHB
dgx-48:665543:666160 [2] NCCL INFO GPU Direct RDMA Enabled for GPU 1b000 / HCA 0 (distance 4 <= 6), read 0
dgx-48:665543:666160 [2] NCCL INFO GPU Direct RDMA Enabled for GPU 43000 / HCA 0 (distance 4 <= 6), read 0
dgx-48:665543:666160 [2] NCCL INFO GPU Direct RDMA Enabled for GPU 52000 / HCA 0 (distance 4 <= 6), read 0
dgx-48:665543:666160 [2] NCCL INFO GPU Direct RDMA Enabled for GPU 61000 / HCA 0 (distance 4 <= 6), read 0
dgx-48:665543:666160 [2] NCCL INFO GPU Direct RDMA Enabled for GPU 1b000 / HCA 0 (distance 4 <= 6), read 0
dgx-48:665543:666160 [2] NCCL INFO GPU Direct RDMA Enabled for GPU 43000 / HCA 0 (distance 4 <= 6), read 0
dgx-48:665543:666160 [2] NCCL INFO GPU Direct RDMA Enabled for GPU 52000 / HCA 0 (distance 4 <= 6), read 0
dgx-48:665543:666160 [2] NCCL INFO GPU Direct RDMA Enabled for GPU 61000 / HCA 0 (distance 4 <= 6), read 0
dgx-48:665543:666160 [2] NCCL INFO === System : maxBw 48.0 totalBw 164.8 ===
dgx-48:665543:666160 [2] NCCL INFO CPU/0-0 (1/1/2)
dgx-48:665543:666160 [2] NCCL INFO + PCI[48.0] - PCI/0-16000 (15b3197900000000)
dgx-48:665543:666160 [2] NCCL INFO               + PCI[48.0] - NIC/0-18000
dgx-48:665543:666160 [2] NCCL INFO                             + NET[50.0] - NET/0 (b408ff0003ae6d94/1/50.000000)
dgx-48:665543:666160 [2] NCCL INFO               + PCI[48.0] - PCI/0-19000 (15b3197900000000)
dgx-48:665543:666160 [2] NCCL INFO                             + PCI[48.0] - GPU/0-1b000 (4)
dgx-48:665543:666160 [2] NCCL INFO                                           + NVL[164.8] - NVS/0
dgx-48:665543:666160 [2] NCCL INFO + PCI[48.0] - PCI/0-3e000 (15b3197900000000)
dgx-48:665543:666160 [2] NCCL INFO               + PCI[48.0] - PCI/0-41000 (15b3197900000000)
dgx-48:665543:666160 [2] NCCL INFO                             + PCI[48.0] - GPU/0-43000 (5)
dgx-48:665543:666160 [2] NCCL INFO                                           + NVL[164.8] - NVS/0
dgx-48:665543:666160 [2] NCCL INFO + PCI[48.0] - PCI/0-4d000 (15b3197900000000)
dgx-48:665543:666160 [2] NCCL INFO               + PCI[48.0] - PCI/0-50000 (15b3197900000000)
dgx-48:665543:666160 [2] NCCL INFO                             + PCI[48.0] - GPU/0-52000 (6)
dgx-48:665543:666160 [2] NCCL INFO                                           + NVL[164.8] - NVS/0
dgx-48:665543:666160 [2] NCCL INFO + PCI[48.0] - PCI/0-5c000 (15b3197900000000)
dgx-48:665543:666160 [2] NCCL INFO               + PCI[48.0] - PCI/0-5f000 (15b3197900000000)
dgx-48:665543:666160 [2] NCCL INFO                             + PCI[48.0] - GPU/0-61000 (7)
dgx-48:665543:666160 [2] NCCL INFO                                           + NVL[164.8] - NVS/0
dgx-48:665543:666160 [2] NCCL INFO ==========================================
dgx-48:665543:666160 [2] NCCL INFO GPU/1B000 :GPU/0-1b000 (0/5000.0/LOC) GPU/0-43000 (2/164.8/NVL) GPU/0-52000 (2/164.8/NVL) GPU/0-61000 (2/164.8/NVL) NVS/0-0 (1/164.8/NVL) CPU/0-0 (3/48.0/PHB) NET/0-0 (4/48.0/PXB) 
dgx-48:665543:666160 [2] NCCL INFO GPU/43000 :GPU/0-1b000 (2/164.8/NVL) GPU/0-43000 (0/5000.0/LOC) GPU/0-52000 (2/164.8/NVL) GPU/0-61000 (2/164.8/NVL) NVS/0-0 (1/164.8/NVL) CPU/0-0 (3/48.0/PHB) NET/0-0 (6/48.0/PXN) 
dgx-48:665543:666160 [2] NCCL INFO GPU/52000 :GPU/0-1b000 (2/164.8/NVL) GPU/0-43000 (2/164.8/NVL) GPU/0-52000 (0/5000.0/LOC) GPU/0-61000 (2/164.8/NVL) NVS/0-0 (1/164.8/NVL) CPU/0-0 (3/48.0/PHB) NET/0-0 (6/48.0/PXN) 
dgx-48:665543:666160 [2] NCCL INFO GPU/61000 :GPU/0-1b000 (2/164.8/NVL) GPU/0-43000 (2/164.8/NVL) GPU/0-52000 (2/164.8/NVL) GPU/0-61000 (0/5000.0/LOC) NVS/0-0 (1/164.8/NVL) CPU/0-0 (3/48.0/PHB) NET/0-0 (6/48.0/PXN) 
dgx-48:665543:666160 [2] NCCL INFO NET/0 :GPU/0-1b000 (4/48.0/PXB) GPU/0-43000 (6/48.0/PHB) GPU/0-52000 (6/48.0/PHB) GPU/0-61000 (6/48.0/PHB) CPU/0-0 (3/48.0/PHB) NET/0-0 (0/5000.0/LOC) 
dgx-48:665543:666160 [2] NCCL INFO Setting affinity for GPU 2 to 030000,00000000,00000000,00000003
dgx-48:665543:666160 [2] NCCL INFO Pattern 4, crossNic 0, nChannels 2, bw 24.000000/24.000000, type NVL/PXN, sameChannels 1
dgx-48:665543:666160 [2] NCCL INFO  0 : NET/0 GPU/4 GPU/7 GPU/6 GPU/5 NET/0
dgx-48:665543:666160 [2] NCCL INFO  1 : NET/0 GPU/4 GPU/7 GPU/6 GPU/5 NET/0
dgx-48:665543:666160 [2] NCCL INFO Pattern 3, crossNic 0, nChannels 2, bw 48.000000/24.000000, type NVL/PXB, sameChannels 1
dgx-48:665543:666160 [2] NCCL INFO  0 : NET/0 GPU/4 GPU/5 GPU/6 GPU/7 NET/0
dgx-48:665543:666160 [2] NCCL INFO  1 : NET/0 GPU/4 GPU/5 GPU/6 GPU/7 NET/0
dgx-48:665543:666160 [2] NCCL INFO comm 0x836cf40 rank 6 nRanks 8 nNodes 2 localRanks 4 localRank 2 MNNVL 0
dgx-48:665543:666160 [2] NCCL INFO Ring 00 : 7 -> 6 -> 5
dgx-48:665543:666160 [2] NCCL INFO Ring 01 : 7 -> 6 -> 5
dgx-48:665543:666160 [2] NCCL INFO Ring 02 : 7 -> 6 -> 5
dgx-48:665543:666160 [2] NCCL INFO Ring 03 : 7 -> 6 -> 5
dgx-48:665543:666160 [2] NCCL INFO Trees [0] 7/-1/-1->6->5 [1] 7/-1/-1->6->5 [2] 7/-1/-1->6->5 [3] 7/-1/-1->6->5
dgx-48:665543:666160 [2] NCCL INFO P2P Chunksize set to 131072
dgx-48:665543:666160 [2] NCCL INFO UDS: Creating service thread comm 0x836cf40 rank 6
dgx-48:665543:666160 [2] NCCL INFO misc/utils.cc:235 memory stack hunk malloc(65536)
dgx-48:665543:666160 [2] NCCL INFO channel.cc:41 Cuda Alloc Size 4864 pointer 0x155239200000
dgx-48:665543:666160 [2] NCCL INFO channel.cc:44 Cuda Alloc Size 104 pointer 0x155239400000
dgx-48:665543:666160 [2] NCCL INFO channel.cc:55 Cuda Alloc Size 32 pointer 0x155239600000
dgx-48:665543:666160 [2] NCCL INFO channel.cc:41 Cuda Alloc Size 4864 pointer 0x155239800000
dgx-48:665543:666160 [2] NCCL INFO channel.cc:44 Cuda Alloc Size 104 pointer 0x155239a00000
dgx-48:665543:666160 [2] NCCL INFO channel.cc:55 Cuda Alloc Size 32 pointer 0x155239c00000
dgx-48:665543:666160 [2] NCCL INFO channel.cc:41 Cuda Alloc Size 4864 pointer 0x155239e00000
dgx-48:665543:666160 [2] NCCL INFO channel.cc:44 Cuda Alloc Size 104 pointer 0x15523a000000
dgx-48:665543:666160 [2] NCCL INFO channel.cc:55 Cuda Alloc Size 32 pointer 0x15523a200000
dgx-48:665543:666160 [2] NCCL INFO channel.cc:41 Cuda Alloc Size 4864 pointer 0x15523a400000
dgx-48:665543:666160 [2] NCCL INFO channel.cc:44 Cuda Alloc Size 104 pointer 0x15523a600000
dgx-48:665543:666160 [2] NCCL INFO channel.cc:55 Cuda Alloc Size 32 pointer 0x15523a800000
dgx-48:665543:666173 [2] NCCL INFO Mem Realloc old size 0, new size 8 pointer 0x155200002f10
dgx-48:665543:666173 [2] NCCL INFO New proxy recv connection 0 from local rank 2, transport 0
dgx-48:665543:666173 [2] NCCL INFO proxyProgressAsync opId=0x155213a97a80 op.type=1 op.reqBuff=0x155200002ed0 op.respSize=16 done
dgx-48:665543:666173 [2] NCCL INFO Received and initiated operation=Init res=0
dgx-48:665543:666160 [2] NCCL INFO ncclPollProxyResponse Received new opId=0x155213a97a80
dgx-48:665543:666160 [2] NCCL INFO resp.opId=0x155213a97a80 matches expected opId=0x155213a97a80
dgx-48:665543:666160 [2] NCCL INFO Connected to proxy localRank 2 -> connection 0x155200005db0
dgx-48:665543:666173 [2] NCCL INFO Allocated shareable buffer 0x15523aa00000 size 10485760 ipcDesc 0x155200009a30
dgx-48:665543:666173 [2] NCCL INFO proxyProgressAsync opId=0x155213a97a80 op.type=3 op.reqBuff=0x155200009a00 op.respSize=80 done
dgx-48:665543:666160 [2] NCCL INFO ncclPollProxyResponse Received new opId=0x155213a97a80
dgx-48:665543:666173 [2] NCCL INFO Received and initiated operation=Setup res=0
dgx-48:665543:666160 [2] NCCL INFO resp.opId=0x155213a97a80 matches expected opId=0x155213a97a80
dgx-48:665543:666173 [2] NCCL INFO New proxy recv connection 1 from local rank 2, transport 0
dgx-48:665543:666173 [2] NCCL INFO proxyProgressAsync opId=0x155213a97a80 op.type=1 op.reqBuff=0x15520000b120 op.respSize=16 done
dgx-48:665543:666173 [2] NCCL INFO Received and initiated operation=Init res=0
dgx-48:665543:666160 [2] NCCL INFO ncclPollProxyResponse Received new opId=0x155213a97a80
dgx-48:665543:666160 [2] NCCL INFO resp.opId=0x155213a97a80 matches expected opId=0x155213a97a80
dgx-48:665543:666160 [2] NCCL INFO Connected to proxy localRank 2 -> connection 0x155200005e28
dgx-48:665543:666173 [2] NCCL INFO Allocated shareable buffer 0x15523b400000 size 10485760 ipcDesc 0x15520000b1d0
dgx-48:665543:666173 [2] NCCL INFO proxyProgressAsync opId=0x155213a97a80 op.type=3 op.reqBuff=0x15520000b1a0 op.respSize=80 done
dgx-48:665543:666173 [2] NCCL INFO Received and initiated operation=Setup res=0
dgx-48:665543:666160 [2] NCCL INFO ncclPollProxyResponse Received new opId=0x155213a97a80
dgx-48:665543:666160 [2] NCCL INFO resp.opId=0x155213a97a80 matches expected opId=0x155213a97a80
dgx-48:665543:666173 [2] NCCL INFO New proxy recv connection 2 from local rank 2, transport 0
dgx-48:665543:666173 [2] NCCL INFO proxyProgressAsync opId=0x155213a97a80 op.type=1 op.reqBuff=0x15520000c860 op.respSize=16 done
dgx-48:665543:666173 [2] NCCL INFO Received and initiated operation=Init res=0
dgx-48:665543:666160 [2] NCCL INFO ncclPollProxyResponse Received new opId=0x155213a97a80
dgx-48:665543:666160 [2] NCCL INFO resp.opId=0x155213a97a80 matches expected opId=0x155213a97a80
dgx-48:665543:666160 [2] NCCL INFO Connected to proxy localRank 2 -> connection 0x155200005ea0
dgx-48:665543:666173 [2] NCCL INFO Allocated shareable buffer 0x15523be00000 size 10485760 ipcDesc 0x15520000c8f0
dgx-48:665543:666173 [2] NCCL INFO proxyProgressAsync opId=0x155213a97a80 op.type=3 op.reqBuff=0x15520000c880 op.respSize=80 done
dgx-48:665543:666173 [2] NCCL INFO Received and initiated operation=Setup res=0
dgx-48:665543:666160 [2] NCCL INFO ncclPollProxyResponse Received new opId=0x155213a97a80
dgx-48:665543:666160 [2] NCCL INFO resp.opId=0x155213a97a80 matches expected opId=0x155213a97a80
dgx-48:665543:666173 [2] NCCL INFO New proxy recv connection 3 from local rank 2, transport 0
dgx-48:665543:666173 [2] NCCL INFO proxyProgressAsync opId=0x155213a97a80 op.type=1 op.reqBuff=0x15520000c880 op.respSize=16 done
dgx-48:665543:666173 [2] NCCL INFO Received and initiated operation=Init res=0
dgx-48:665543:666160 [2] NCCL INFO ncclPollProxyResponse Received new opId=0x155213a97a80
dgx-48:665543:666160 [2] NCCL INFO resp.opId=0x155213a97a80 matches expected opId=0x155213a97a80
dgx-48:665543:666160 [2] NCCL INFO Connected to proxy localRank 2 -> connection 0x155200005f18
dgx-48:665543:666173 [2] NCCL INFO Allocated shareable buffer 0x15523c800000 size 10485760 ipcDesc 0x15520000dff0
dgx-48:665543:666173 [2] NCCL INFO proxyProgressAsync opId=0x155213a97a80 op.type=3 op.reqBuff=0x15520000df80 op.respSize=80 done
dgx-48:665543:666173 [2] NCCL INFO Received and initiated operation=Setup res=0
dgx-48:665543:666160 [2] NCCL INFO ncclPollProxyResponse Received new opId=0x155213a97a80
dgx-48:665543:666160 [2] NCCL INFO resp.opId=0x155213a97a80 matches expected opId=0x155213a97a80
dgx-48:665543:666160 [2] NCCL INFO Channel 00/0 : 6[2] -> 5[1] via P2P/CUMEM
dgx-48:665543:666173 [2] NCCL INFO New proxy send connection 4 from local rank 2, transport 0
dgx-48:665543:666173 [2] NCCL INFO proxyProgressAsync opId=0x155213a97a80 op.type=1 op.reqBuff=0x15520000df80 op.respSize=16 done
dgx-48:665543:666173 [2] NCCL INFO Received and initiated operation=Init res=0
dgx-48:665543:666160 [2] NCCL INFO ncclPollProxyResponse Received new opId=0x155213a97a80
dgx-48:665543:666160 [2] NCCL INFO resp.opId=0x155213a97a80 matches expected opId=0x155213a97a80
dgx-48:665543:666160 [2] NCCL INFO Connected to proxy localRank 2 -> connection 0x155200005f90
dgx-48:665543:666173 [2] NCCL INFO Allocated shareable buffer 0x15523d200000 size 2097152 ipcDesc 0x15520000f6d0
dgx-48:665543:666173 [2] NCCL INFO proxyProgressAsync opId=0x155213a97a80 op.type=3 op.reqBuff=0x15520000f660 op.respSize=80 done
dgx-48:665543:666173 [2] NCCL INFO Received and initiated operation=Setup res=0
dgx-48:665543:666160 [2] NCCL INFO ncclPollProxyResponse Received new opId=0x155213a97a80
dgx-48:665543:666160 [2] NCCL INFO resp.opId=0x155213a97a80 matches expected opId=0x155213a97a80
dgx-48:665543:666160 [2] NCCL INFO Channel 01/0 : 6[2] -> 5[1] via P2P/CUMEM
dgx-48:665543:666173 [2] NCCL INFO New proxy send connection 5 from local rank 2, transport 0
dgx-48:665543:666173 [2] NCCL INFO proxyProgressAsync opId=0x155213a97a80 op.type=1 op.reqBuff=0x15520000f660 op.respSize=16 done
dgx-48:665543:666173 [2] NCCL INFO Received and initiated operation=Init res=0
dgx-48:665543:666160 [2] NCCL INFO ncclPollProxyResponse Received new opId=0x155213a97a80
dgx-48:665543:666160 [2] NCCL INFO resp.opId=0x155213a97a80 matches expected opId=0x155213a97a80
dgx-48:665543:666160 [2] NCCL INFO Connected to proxy localRank 2 -> connection 0x155200006008
dgx-48:665543:666173 [2] NCCL INFO Allocated shareable buffer 0x15523d400000 size 2097152 ipcDesc 0x155200010db0
dgx-48:665543:666173 [2] NCCL INFO proxyProgressAsync opId=0x155213a97a80 op.type=3 op.reqBuff=0x155200010d40 op.respSize=80 done
dgx-48:665543:666173 [2] NCCL INFO Received and initiated operation=Setup res=0
dgx-48:665543:666160 [2] NCCL INFO ncclPollProxyResponse Received new opId=0x155213a97a80
dgx-48:665543:666160 [2] NCCL INFO resp.opId=0x155213a97a80 matches expected opId=0x155213a97a80
dgx-48:665543:666160 [2] NCCL INFO Channel 02/0 : 6[2] -> 5[1] via P2P/CUMEM
dgx-48:665543:666173 [2] NCCL INFO New proxy send connection 6 from local rank 2, transport 0
dgx-48:665543:666173 [2] NCCL INFO proxyProgressAsync opId=0x155213a97a80 op.type=1 op.reqBuff=0x155200010d40 op.respSize=16 done
dgx-48:665543:666173 [2] NCCL INFO Received and initiated operation=Init res=0
dgx-48:665543:666160 [2] NCCL INFO ncclPollProxyResponse Received new opId=0x155213a97a80
dgx-48:665543:666160 [2] NCCL INFO resp.opId=0x155213a97a80 matches expected opId=0x155213a97a80
dgx-48:665543:666160 [2] NCCL INFO Connected to proxy localRank 2 -> connection 0x155200006080
dgx-48:665543:666173 [2] NCCL INFO Allocated shareable buffer 0x15523d600000 size 2097152 ipcDesc 0x155200012490
dgx-48:665543:666173 [2] NCCL INFO proxyProgressAsync opId=0x155213a97a80 op.type=3 op.reqBuff=0x155200012420 op.respSize=80 done
dgx-48:665543:666173 [2] NCCL INFO Received and initiated operation=Setup res=0
dgx-48:665543:666160 [2] NCCL INFO ncclPollProxyResponse Received new opId=0x155213a97a80
dgx-48:665543:666160 [2] NCCL INFO resp.opId=0x155213a97a80 matches expected opId=0x155213a97a80
dgx-48:665543:666160 [2] NCCL INFO Channel 03/0 : 6[2] -> 5[1] via P2P/CUMEM
dgx-48:665543:666173 [2] NCCL INFO New proxy send connection 7 from local rank 2, transport 0
dgx-48:665543:666173 [2] NCCL INFO proxyProgressAsync opId=0x155213a97a80 op.type=1 op.reqBuff=0x155200012420 op.respSize=16 done
dgx-48:665543:666173 [2] NCCL INFO Received and initiated operation=Init res=0
dgx-48:665543:666160 [2] NCCL INFO ncclPollProxyResponse Received new opId=0x155213a97a80
dgx-48:665543:666160 [2] NCCL INFO resp.opId=0x155213a97a80 matches expected opId=0x155213a97a80
dgx-48:665543:666160 [2] NCCL INFO Connected to proxy localRank 2 -> connection 0x1552000060f8
dgx-48:665543:666173 [2] NCCL INFO Allocated shareable buffer 0x15523d800000 size 2097152 ipcDesc 0x155200013b30
dgx-48:665543:666173 [2] NCCL INFO proxyProgressAsync opId=0x155213a97a80 op.type=3 op.reqBuff=0x155200013b00 op.respSize=80 done
dgx-48:665543:666173 [2] NCCL INFO Received and initiated operation=Setup res=0
dgx-48:665543:666160 [2] NCCL INFO ncclPollProxyResponse Received new opId=0x155213a97a80
dgx-48:665543:666160 [2] NCCL INFO resp.opId=0x155213a97a80 matches expected opId=0x155213a97a80
dgx-48:665543:666176 [2] NCCL INFO proxyUDSRecvReq::ncclProxyMsgGetFd rank 1 opId 0xe0bd98a9470bee5d handle=0x15520000f720
dgx-48:665543:666176 [2] NCCL INFO UDS proxyGetFd received handle 0x15520000f720 peer 1 opId e0bd98a9470bee5d
dgx-48:665543:666176 [2] NCCL INFO proxyUDSRecvReq::ncclProxyMsgGetFd rank 1 opId 0xce5e45ccad8f30ba handle=0x155200010e00
dgx-48:665543:666176 [2] NCCL INFO UDS proxyGetFd received handle 0x155200010e00 peer 1 opId ce5e45ccad8f30ba
dgx-48:665543:666160 [2] NCCL INFO ProxyCall UDS comm 0x836cf40 rank 2 tpRank 5(b2a291aed4483aff) reqSize 8 respSize 0 respFd 0x15527c5b1d38 opId 0xcd501ee758a8ce
dgx-48:665543:666176 [2] NCCL INFO proxyUDSRecvReq::ncclProxyMsgGetFd rank 1 opId 0xc6685bed0a70eea1 handle=0x1552000124e0
dgx-48:665543:666176 [2] NCCL INFO UDS proxyGetFd received handle 0x1552000124e0 peer 1 opId c6685bed0a70eea1
dgx-48:665543:666160 [2] NCCL INFO ProxyCall UDS comm 0x836cf40 rank 2 tpRank 5(b2a291aed4483aff) reqSize 8 respSize 0 respFd 77 opId 0xcd501ee758a8ce - DONE
dgx-48:665543:666160 [2] NCCL INFO UDS: ClientGetFd handle 0x155200009a80 tpRank 5 returned fd 77
dgx-48:665543:666160 [2] NCCL INFO UDS converted handle 0x155200009a80 to fd 77 on remote peer 5
dgx-48:665543:666176 [2] NCCL INFO proxyUDSRecvReq::ncclProxyMsgGetFd rank 1 opId 0x6f30036c6ce7c4db handle=0x155200013b80
dgx-48:665543:666176 [2] NCCL INFO UDS proxyGetFd received handle 0x155200013b80 peer 1 opId 6f30036c6ce7c4db
dgx-48:665543:666160 [2] NCCL INFO Imported shareable buffer device 2 size 10485760 ptr 0x15523da00000
dgx-48:665543:666160 [2] NCCL INFO ProxyCall UDS comm 0x836cf40 rank 2 tpRank 7(70d61c78d0f77123) reqSize 8 respSize 0 respFd 0x15527c5b0d08 opId 0xadafa3a42c69141d
dgx-48:665543:666160 [2] NCCL INFO ProxyCall UDS comm 0x836cf40 rank 2 tpRank 7(70d61c78d0f77123) reqSize 8 respSize 0 respFd 77 opId 0xadafa3a42c69141d - DONE
dgx-48:665543:666160 [2] NCCL INFO UDS: ClientGetFd handle 0x1551fc00f720 tpRank 7 returned fd 77
dgx-48:665543:666160 [2] NCCL INFO UDS converted handle 0x1551fc00f720 to fd 77 on remote peer 7
dgx-48:665543:666160 [2] NCCL INFO Imported shareable buffer device 2 size 2097152 ptr 0x15523e400000
dgx-48:665543:666160 [2] NCCL INFO ProxyCall UDS comm 0x836cf40 rank 2 tpRank 5(b2a291aed4483aff) reqSize 8 respSize 0 respFd 0x15527c5b1d38 opId 0xdceef483ba0d572f
dgx-48:665543:666176 [2] NCCL INFO proxyUDSRecvReq::ncclProxyMsgGetFd rank 3 opId 0x52af75b6154bd641 handle=0x155200009a80
dgx-48:665543:666176 [2] NCCL INFO UDS proxyGetFd received handle 0x155200009a80 peer 3 opId 52af75b6154bd641
dgx-48:665543:666160 [2] NCCL INFO ProxyCall UDS comm 0x836cf40 rank 2 tpRank 5(b2a291aed4483aff) reqSize 8 respSize 0 respFd 77 opId 0xdceef483ba0d572f - DONE
dgx-48:665543:666160 [2] NCCL INFO UDS: ClientGetFd handle 0x15520000b220 tpRank 5 returned fd 77
dgx-48:665543:666160 [2] NCCL INFO UDS converted handle 0x15520000b220 to fd 77 on remote peer 5
dgx-48:665543:666176 [2] NCCL INFO proxyUDSRecvReq::ncclProxyMsgGetFd rank 3 opId 0x90ac2747ed1ffc64 handle=0x15520000b220
dgx-48:665543:666176 [2] NCCL INFO UDS proxyGetFd received handle 0x15520000b220 peer 3 opId 90ac2747ed1ffc64
dgx-48:665543:666160 [2] NCCL INFO Imported shareable buffer device 2 size 10485760 ptr 0x15523e600000
dgx-48:665543:666160 [2] NCCL INFO ProxyCall UDS comm 0x836cf40 rank 2 tpRank 7(70d61c78d0f77123) reqSize 8 respSize 0 respFd 0x15527c5b0d08 opId 0x2bab9ea8b473ac17
dgx-48:665543:666160 [2] NCCL INFO ProxyCall UDS comm 0x836cf40 rank 2 tpRank 7(70d61c78d0f77123) reqSize 8 respSize 0 respFd 77 opId 0x2bab9ea8b473ac17 - DONE
dgx-48:665543:666160 [2] NCCL INFO UDS: ClientGetFd handle 0x1551fc010e00 tpRank 7 returned fd 77
dgx-48:665543:666160 [2] NCCL INFO UDS converted handle 0x1551fc010e00 to fd 77 on remote peer 7
dgx-48:665543:666176 [2] NCCL INFO proxyUDSRecvReq::ncclProxyMsgGetFd rank 3 opId 0x60c676e93f926335 handle=0x15520000c940
dgx-48:665543:666176 [2] NCCL INFO UDS proxyGetFd received handle 0x15520000c940 peer 3 opId 60c676e93f926335
dgx-48:665543:666160 [2] NCCL INFO Imported shareable buffer device 2 size 2097152 ptr 0x15523f000000
dgx-48:665543:666160 [2] NCCL INFO ProxyCall UDS comm 0x836cf40 rank 2 tpRank 5(b2a291aed4483aff) reqSize 8 respSize 0 respFd 0x15527c5b1d38 opId 0xcc81755acbeaffe3
dgx-48:665543:666160 [2] NCCL INFO ProxyCall UDS comm 0x836cf40 rank 2 tpRank 5(b2a291aed4483aff) reqSize 8 respSize 0 respFd 77 opId 0xcc81755acbeaffe3 - DONE
dgx-48:665543:666160 [2] NCCL INFO UDS: ClientGetFd handle 0x15520000c940 tpRank 5 returned fd 77
dgx-48:665543:666160 [2] NCCL INFO UDS converted handle 0x15520000c940 to fd 77 on remote peer 5
dgx-48:665543:666160 [2] NCCL INFO Imported shareable buffer device 2 size 10485760 ptr 0x15523f200000
dgx-48:665543:666160 [2] NCCL INFO ProxyCall UDS comm 0x836cf40 rank 2 tpRank 7(70d61c78d0f77123) reqSize 8 respSize 0 respFd 0x15527c5b0d08 opId 0x6f0dde083afcf122
dgx-48:665543:666160 [2] NCCL INFO ProxyCall UDS comm 0x836cf40 rank 2 tpRank 7(70d61c78d0f77123) reqSize 8 respSize 0 respFd 77 opId 0x6f0dde083afcf122 - DONE
dgx-48:665543:666160 [2] NCCL INFO UDS: ClientGetFd handle 0x1551fc0124e0 tpRank 7 returned fd 77
dgx-48:665543:666160 [2] NCCL INFO UDS converted handle 0x1551fc0124e0 to fd 77 on remote peer 7
dgx-48:665543:666176 [2] NCCL INFO proxyUDSRecvReq::ncclProxyMsgGetFd rank 3 opId 0x7eb030458677c342 handle=0x15520000e040
dgx-48:665543:666176 [2] NCCL INFO UDS proxyGetFd received handle 0x15520000e040 peer 3 opId 7eb030458677c342
dgx-48:665543:666160 [2] NCCL INFO Imported shareable buffer device 2 size 2097152 ptr 0x15523fc00000
dgx-48:665543:666160 [2] NCCL INFO ProxyCall UDS comm 0x836cf40 rank 2 tpRank 5(b2a291aed4483aff) reqSize 8 respSize 0 respFd 0x15527c5b1d38 opId 0xc3a622ef2e181b33
dgx-48:665543:666160 [2] NCCL INFO ProxyCall UDS comm 0x836cf40 rank 2 tpRank 5(b2a291aed4483aff) reqSize 8 respSize 0 respFd 77 opId 0xc3a622ef2e181b33 - DONE
dgx-48:665543:666160 [2] NCCL INFO UDS: ClientGetFd handle 0x15520000e040 tpRank 5 returned fd 77
dgx-48:665543:666160 [2] NCCL INFO UDS converted handle 0x15520000e040 to fd 77 on remote peer 5
dgx-48:665543:666160 [2] NCCL INFO Imported shareable buffer device 2 size 10485760 ptr 0x15523fe00000
dgx-48:665543:666160 [2] NCCL INFO ProxyCall UDS comm 0x836cf40 rank 2 tpRank 7(70d61c78d0f77123) reqSize 8 respSize 0 respFd 0x15527c5b0d08 opId 0x41e27007fea30e12
dgx-48:665543:666160 [2] NCCL INFO ProxyCall UDS comm 0x836cf40 rank 2 tpRank 7(70d61c78d0f77123) reqSize 8 respSize 0 respFd 77 opId 0x41e27007fea30e12 - DONE
dgx-48:665543:666160 [2] NCCL INFO UDS: ClientGetFd handle 0x1551fc013b80 tpRank 7 returned fd 77
dgx-48:665543:666160 [2] NCCL INFO UDS converted handle 0x1551fc013b80 to fd 77 on remote peer 7
dgx-48:665543:666160 [2] NCCL INFO Imported shareable buffer device 2 size 2097152 ptr 0x155240800000
dgx-48:665543:666160 [2] NCCL INFO Connected all rings
dgx-48:665543:666173 [2] NCCL INFO New proxy recv connection 8 from local rank 2, transport 0
dgx-48:665543:666173 [2] NCCL INFO proxyProgressAsync opId=0x155213a97a80 op.type=1 op.reqBuff=0x155200013b00 op.respSize=16 done
dgx-48:665543:666160 [2] NCCL INFO ncclPollProxyResponse Received new opId=0x155213a97a80
dgx-48:665543:666173 [2] NCCL INFO Received and initiated operation=Init res=0
dgx-48:665543:666160 [2] NCCL INFO resp.opId=0x155213a97a80 matches expected opId=0x155213a97a80
dgx-48:665543:666160 [2] NCCL INFO Connected to proxy localRank 2 -> connection 0x155200006170
dgx-48:665543:666173 [2] NCCL INFO Allocated shareable buffer 0x155240a00000 size 10485760 ipcDesc 0x1552000151d0
dgx-48:665543:666173 [2] NCCL INFO proxyProgressAsync opId=0x155213a97a80 op.type=3 op.reqBuff=0x1552000151a0 op.respSize=80 done
dgx-48:665543:666160 [2] NCCL INFO ncclPollProxyResponse Received new opId=0x155213a97a80
dgx-48:665543:666173 [2] NCCL INFO Received and initiated operation=Setup res=0
dgx-48:665543:666160 [2] NCCL INFO resp.opId=0x155213a97a80 matches expected opId=0x155213a97a80
dgx-48:665543:666173 [2] NCCL INFO New proxy recv connection 9 from local rank 2, transport 0
dgx-48:665543:666173 [2] NCCL INFO proxyProgressAsync opId=0x155213a97a80 op.type=1 op.reqBuff=0x1552000151a0 op.respSize=16 done
dgx-48:665543:666160 [2] NCCL INFO ncclPollProxyResponse Received new opId=0x155213a97a80
dgx-48:665543:666173 [2] NCCL INFO Received and initiated operation=Init res=0
dgx-48:665543:666160 [2] NCCL INFO resp.opId=0x155213a97a80 matches expected opId=0x155213a97a80
dgx-48:665543:666160 [2] NCCL INFO Connected to proxy localRank 2 -> connection 0x1552000061e8
dgx-48:665543:666173 [2] NCCL INFO Allocated shareable buffer 0x155241400000 size 10485760 ipcDesc 0x155200016870
dgx-48:665543:666173 [2] NCCL INFO proxyProgressAsync opId=0x155213a97a80 op.type=3 op.reqBuff=0x155200016840 op.respSize=80 done
dgx-48:665543:666160 [2] NCCL INFO ncclPollProxyResponse Received new opId=0x155213a97a80
dgx-48:665543:666173 [2] NCCL INFO Received and initiated operation=Setup res=0
dgx-48:665543:666160 [2] NCCL INFO resp.opId=0x155213a97a80 matches expected opId=0x155213a97a80
dgx-48:665543:666173 [2] NCCL INFO New proxy recv connection 10 from local rank 2, transport 0
dgx-48:665543:666173 [2] NCCL INFO proxyProgressAsync opId=0x155213a97a80 op.type=1 op.reqBuff=0x155200016840 op.respSize=16 done
dgx-48:665543:666160 [2] NCCL INFO ncclPollProxyResponse Received new opId=0x155213a97a80
dgx-48:665543:666173 [2] NCCL INFO Received and initiated operation=Init res=0
dgx-48:665543:666160 [2] NCCL INFO resp.opId=0x155213a97a80 matches expected opId=0x155213a97a80
dgx-48:665543:666160 [2] NCCL INFO Connected to proxy localRank 2 -> connection 0x155200006260
dgx-48:665543:666173 [2] NCCL INFO Allocated shareable buffer 0x155241e00000 size 10485760 ipcDesc 0x155200017f10
dgx-48:665543:666173 [2] NCCL INFO proxyProgressAsync opId=0x155213a97a80 op.type=3 op.reqBuff=0x155200017ee0 op.respSize=80 done
dgx-48:665543:666160 [2] NCCL INFO ncclPollProxyResponse Received new opId=0x155213a97a80
dgx-48:665543:666173 [2] NCCL INFO Received and initiated operation=Setup res=0
dgx-48:665543:666160 [2] NCCL INFO resp.opId=0x155213a97a80 matches expected opId=0x155213a97a80
dgx-48:665543:666173 [2] NCCL INFO New proxy recv connection 11 from local rank 2, transport 0
dgx-48:665543:666173 [2] NCCL INFO proxyProgressAsync opId=0x155213a97a80 op.type=1 op.reqBuff=0x155200017ee0 op.respSize=16 done
dgx-48:665543:666160 [2] NCCL INFO ncclPollProxyResponse Received new opId=0x155213a97a80
dgx-48:665543:666173 [2] NCCL INFO Received and initiated operation=Init res=0
dgx-48:665543:666160 [2] NCCL INFO resp.opId=0x155213a97a80 matches expected opId=0x155213a97a80
dgx-48:665543:666160 [2] NCCL INFO Connected to proxy localRank 2 -> connection 0x1552000062d8
dgx-48:665543:666173 [2] NCCL INFO Allocated shareable buffer 0x155242800000 size 10485760 ipcDesc 0x1552000195b0
dgx-48:665543:666173 [2] NCCL INFO proxyProgressAsync opId=0x155213a97a80 op.type=3 op.reqBuff=0x155200019580 op.respSize=80 done
dgx-48:665543:666160 [2] NCCL INFO ncclPollProxyResponse Received new opId=0x155213a97a80
dgx-48:665543:666173 [2] NCCL INFO Received and initiated operation=Setup res=0
dgx-48:665543:666160 [2] NCCL INFO resp.opId=0x155213a97a80 matches expected opId=0x155213a97a80
dgx-48:665543:666160 [2] NCCL INFO Channel 00/0 : 6[2] -> 7[3] via P2P/CUMEM
dgx-48:665543:666173 [2] NCCL INFO New proxy send connection 12 from local rank 2, transport 0
dgx-48:665543:666173 [2] NCCL INFO proxyProgressAsync opId=0x155213a97a80 op.type=1 op.reqBuff=0x155200019580 op.respSize=16 done
dgx-48:665543:666160 [2] NCCL INFO ncclPollProxyResponse Received new opId=0x155213a97a80
dgx-48:665543:666173 [2] NCCL INFO Received and initiated operation=Init res=0
dgx-48:665543:666160 [2] NCCL INFO resp.opId=0x155213a97a80 matches expected opId=0x155213a97a80
dgx-48:665543:666160 [2] NCCL INFO Connected to proxy localRank 2 -> connection 0x155200006350
dgx-48:665543:666173 [2] NCCL INFO Allocated shareable buffer 0x155243200000 size 2097152 ipcDesc 0x15520001ac50
dgx-48:665543:666173 [2] NCCL INFO proxyProgressAsync opId=0x155213a97a80 op.type=3 op.reqBuff=0x15520001ac20 op.respSize=80 done
dgx-48:665543:666160 [2] NCCL INFO ncclPollProxyResponse Received new opId=0x155213a97a80
dgx-48:665543:666173 [2] NCCL INFO Received and initiated operation=Setup res=0
dgx-48:665543:666160 [2] NCCL INFO resp.opId=0x155213a97a80 matches expected opId=0x155213a97a80
dgx-48:665543:666160 [2] NCCL INFO Channel 01/0 : 6[2] -> 7[3] via P2P/CUMEM
dgx-48:665543:666173 [2] NCCL INFO New proxy send connection 13 from local rank 2, transport 0
dgx-48:665543:666173 [2] NCCL INFO proxyProgressAsync opId=0x155213a97a80 op.type=1 op.reqBuff=0x15520001ac20 op.respSize=16 done
dgx-48:665543:666160 [2] NCCL INFO ncclPollProxyResponse Received new opId=0x155213a97a80
dgx-48:665543:666173 [2] NCCL INFO Received and initiated operation=Init res=0
dgx-48:665543:666160 [2] NCCL INFO resp.opId=0x155213a97a80 matches expected opId=0x155213a97a80
dgx-48:665543:666160 [2] NCCL INFO Connected to proxy localRank 2 -> connection 0x1552000063c8
dgx-48:665543:666173 [2] NCCL INFO Allocated shareable buffer 0x155243400000 size 2097152 ipcDesc 0x15520001c2f0
dgx-48:665543:666173 [2] NCCL INFO proxyProgressAsync opId=0x155213a97a80 op.type=3 op.reqBuff=0x15520001c2c0 op.respSize=80 done
dgx-48:665543:666160 [2] NCCL INFO ncclPollProxyResponse Received new opId=0x155213a97a80
dgx-48:665543:666173 [2] NCCL INFO Received and initiated operation=Setup res=0
dgx-48:665543:666160 [2] NCCL INFO resp.opId=0x155213a97a80 matches expected opId=0x155213a97a80
dgx-48:665543:666160 [2] NCCL INFO Channel 02/0 : 6[2] -> 7[3] via P2P/CUMEM
dgx-48:665543:666173 [2] NCCL INFO New proxy send connection 14 from local rank 2, transport 0
dgx-48:665543:666173 [2] NCCL INFO proxyProgressAsync opId=0x155213a97a80 op.type=1 op.reqBuff=0x15520001c2c0 op.respSize=16 done
dgx-48:665543:666160 [2] NCCL INFO ncclPollProxyResponse Received new opId=0x155213a97a80
dgx-48:665543:666173 [2] NCCL INFO Received and initiated operation=Init res=0
dgx-48:665543:666160 [2] NCCL INFO resp.opId=0x155213a97a80 matches expected opId=0x155213a97a80
dgx-48:665543:666160 [2] NCCL INFO Connected to proxy localRank 2 -> connection 0x155200006440
dgx-48:665543:666173 [2] NCCL INFO Allocated shareable buffer 0x155243600000 size 2097152 ipcDesc 0x15520001d990
dgx-48:665543:666173 [2] NCCL INFO proxyProgressAsync opId=0x155213a97a80 op.type=3 op.reqBuff=0x15520001d960 op.respSize=80 done
dgx-48:665543:666160 [2] NCCL INFO ncclPollProxyResponse Received new opId=0x155213a97a80
dgx-48:665543:666173 [2] NCCL INFO Received and initiated operation=Setup res=0
dgx-48:665543:666160 [2] NCCL INFO resp.opId=0x155213a97a80 matches expected opId=0x155213a97a80
dgx-48:665543:666160 [2] NCCL INFO Channel 03/0 : 6[2] -> 7[3] via P2P/CUMEM
dgx-48:665543:666173 [2] NCCL INFO New proxy send connection 15 from local rank 2, transport 0
dgx-48:665543:666173 [2] NCCL INFO proxyProgressAsync opId=0x155213a97a80 op.type=1 op.reqBuff=0x15520001d960 op.respSize=16 done
dgx-48:665543:666160 [2] NCCL INFO ncclPollProxyResponse Received new opId=0x155213a97a80
dgx-48:665543:666173 [2] NCCL INFO Received and initiated operation=Init res=0
dgx-48:665543:666160 [2] NCCL INFO resp.opId=0x155213a97a80 matches expected opId=0x155213a97a80
dgx-48:665543:666160 [2] NCCL INFO Connected to proxy localRank 2 -> connection 0x1552000064b8
dgx-48:665543:666173 [2] NCCL INFO Allocated shareable buffer 0x155243800000 size 2097152 ipcDesc 0x15520001f030
dgx-48:665543:666173 [2] NCCL INFO proxyProgressAsync opId=0x155213a97a80 op.type=3 op.reqBuff=0x15520001f000 op.respSize=80 done
dgx-48:665543:666160 [2] NCCL INFO ncclPollProxyResponse Received new opId=0x155213a97a80
dgx-48:665543:666173 [2] NCCL INFO Received and initiated operation=Setup res=0
dgx-48:665543:666160 [2] NCCL INFO resp.opId=0x155213a97a80 matches expected opId=0x155213a97a80
dgx-48:665543:666160 [2] NCCL INFO ProxyCall UDS comm 0x836cf40 rank 2 tpRank 7(70d61c78d0f77123) reqSize 8 respSize 0 respFd 0x15527c5b1d38 opId 0xac426097f1e22fc5
dgx-48:665543:666160 [2] NCCL INFO ProxyCall UDS comm 0x836cf40 rank 2 tpRank 7(70d61c78d0f77123) reqSize 8 respSize 0 respFd 77 opId 0xac426097f1e22fc5 - DONE
dgx-48:665543:666160 [2] NCCL INFO UDS: ClientGetFd handle 0x1551fc015220 tpRank 7 returned fd 77
dgx-48:665543:666160 [2] NCCL INFO UDS converted handle 0x1551fc015220 to fd 77 on remote peer 7
dgx-48:665543:666176 [2] NCCL INFO proxyUDSRecvReq::ncclProxyMsgGetFd rank 3 opId 0x317ea79552837561 handle=0x15520001aca0
dgx-48:665543:666176 [2] NCCL INFO UDS proxyGetFd received handle 0x15520001aca0 peer 3 opId 317ea79552837561
dgx-48:665543:666160 [2] NCCL INFO Imported shareable buffer device 2 size 10485760 ptr 0x155243a00000
dgx-48:665543:666160 [2] NCCL INFO ProxyCall UDS comm 0x836cf40 rank 2 tpRank 5(b2a291aed4483aff) reqSize 8 respSize 0 respFd 0x15527c5b0d08 opId 0xfe859b9c2c0c6e36
dgx-48:665543:666160 [2] NCCL INFO ProxyCall UDS comm 0x836cf40 rank 2 tpRank 5(b2a291aed4483aff) reqSize 8 respSize 0 respFd 77 opId 0xfe859b9c2c0c6e36 - DONE
dgx-48:665543:666160 [2] NCCL INFO UDS: ClientGetFd handle 0x155200015220 tpRank 5 returned fd 77
dgx-48:665543:666160 [2] NCCL INFO UDS converted handle 0x155200015220 to fd 77 on remote peer 5
dgx-48:665543:666160 [2] NCCL INFO Imported shareable buffer device 2 size 2097152 ptr 0x155244400000
dgx-48:665543:666160 [2] NCCL INFO ProxyCall UDS comm 0x836cf40 rank 2 tpRank 7(70d61c78d0f77123) reqSize 8 respSize 0 respFd 0x15527c5b1d38 opId 0xccf4441310fc9ed1
dgx-48:665543:666176 [2] NCCL INFO proxyUDSRecvReq::ncclProxyMsgGetFd rank 3 opId 0xc778f46ccccbc47e handle=0x15520001c340
dgx-48:665543:666176 [2] NCCL INFO UDS proxyGetFd received handle 0x15520001c340 peer 3 opId c778f46ccccbc47e
dgx-48:665543:666160 [2] NCCL INFO ProxyCall UDS comm 0x836cf40 rank 2 tpRank 7(70d61c78d0f77123) reqSize 8 respSize 0 respFd 78 opId 0xccf4441310fc9ed1 - DONE
dgx-48:665543:666160 [2] NCCL INFO UDS: ClientGetFd handle 0x1551fc0168c0 tpRank 7 returned fd 78
dgx-48:665543:666160 [2] NCCL INFO UDS converted handle 0x1551fc0168c0 to fd 78 on remote peer 7
dgx-48:665543:666176 [2] NCCL INFO proxyUDSRecvReq::ncclProxyMsgGetFd rank 3 opId 0x633077fdc639f2a4 handle=0x15520001d9e0
dgx-48:665543:666176 [2] NCCL INFO UDS proxyGetFd received handle 0x15520001d9e0 peer 3 opId 633077fdc639f2a4
dgx-48:665543:666160 [2] NCCL INFO Imported shareable buffer device 2 size 10485760 ptr 0x155244600000
dgx-48:665543:666160 [2] NCCL INFO ProxyCall UDS comm 0x836cf40 rank 2 tpRank 5(b2a291aed4483aff) reqSize 8 respSize 0 respFd 0x15527c5b0d08 opId 0xad12f55b66ed126e
dgx-48:665543:666160 [2] NCCL INFO ProxyCall UDS comm 0x836cf40 rank 2 tpRank 5(b2a291aed4483aff) reqSize 8 respSize 0 respFd 76 opId 0xad12f55b66ed126e - DONE
dgx-48:665543:666160 [2] NCCL INFO UDS: ClientGetFd handle 0x1552000168c0 tpRank 5 returned fd 76
dgx-48:665543:666160 [2] NCCL INFO UDS converted handle 0x1552000168c0 to fd 76 on remote peer 5
dgx-48:665543:666160 [2] NCCL INFO Imported shareable buffer device 2 size 2097152 ptr 0x155245000000
dgx-48:665543:666160 [2] NCCL INFO ProxyCall UDS comm 0x836cf40 rank 2 tpRank 7(70d61c78d0f77123) reqSize 8 respSize 0 respFd 0x15527c5b1d38 opId 0xd4868887d1542c21
dgx-48:665543:666176 [2] NCCL INFO proxyUDSRecvReq::ncclProxyMsgGetFd rank 3 opId 0x6ac50a0eb6bceed0 handle=0x15520001f080
dgx-48:665543:666176 [2] NCCL INFO UDS proxyGetFd received handle 0x15520001f080 peer 3 opId 6ac50a0eb6bceed0
dgx-48:665543:666160 [2] NCCL INFO ProxyCall UDS comm 0x836cf40 rank 2 tpRank 7(70d61c78d0f77123) reqSize 8 respSize 0 respFd 77 opId 0xd4868887d1542c21 - DONE
dgx-48:665543:666160 [2] NCCL INFO UDS: ClientGetFd handle 0x1551fc017f60 tpRank 7 returned fd 77
dgx-48:665543:666160 [2] NCCL INFO UDS converted handle 0x1551fc017f60 to fd 77 on remote peer 7
dgx-48:665543:666160 [2] NCCL INFO Imported shareable buffer device 2 size 10485760 ptr 0x155245200000
dgx-48:665543:666160 [2] NCCL INFO ProxyCall UDS comm 0x836cf40 rank 2 tpRank 5(b2a291aed4483aff) reqSize 8 respSize 0 respFd 0x15527c5b0d08 opId 0x8d4e2e7cf0bfbf8a
dgx-48:665543:666160 [2] NCCL INFO ProxyCall UDS comm 0x836cf40 rank 2 tpRank 5(b2a291aed4483aff) reqSize 8 respSize 0 respFd 77 opId 0x8d4e2e7cf0bfbf8a - DONE
dgx-48:665543:666160 [2] NCCL INFO UDS: ClientGetFd handle 0x155200017f60 tpRank 5 returned fd 77
dgx-48:665543:666160 [2] NCCL INFO UDS converted handle 0x155200017f60 to fd 77 on remote peer 5
dgx-48:665543:666160 [2] NCCL INFO Imported shareable buffer device 2 size 2097152 ptr 0x155245c00000
dgx-48:665543:666160 [2] NCCL INFO ProxyCall UDS comm 0x836cf40 rank 2 tpRank 7(70d61c78d0f77123) reqSize 8 respSize 0 respFd 0x15527c5b1d38 opId 0x17f660bb62a30909
dgx-48:665543:666160 [2] NCCL INFO ProxyCall UDS comm 0x836cf40 rank 2 tpRank 7(70d61c78d0f77123) reqSize 8 respSize 0 respFd 77 opId 0x17f660bb62a30909 - DONE
dgx-48:665543:666160 [2] NCCL INFO UDS: ClientGetFd handle 0x1551fc019600 tpRank 7 returned fd 77
dgx-48:665543:666160 [2] NCCL INFO UDS converted handle 0x1551fc019600 to fd 77 on remote peer 7
dgx-48:665543:666160 [2] NCCL INFO Imported shareable buffer device 2 size 10485760 ptr 0x155245e00000
dgx-48:665543:666160 [2] NCCL INFO ProxyCall UDS comm 0x836cf40 rank 2 tpRank 5(b2a291aed4483aff) reqSize 8 respSize 0 respFd 0x15527c5b0d08 opId 0x6027d592e1b253db
dgx-48:665543:666160 [2] NCCL INFO ProxyCall UDS comm 0x836cf40 rank 2 tpRank 5(b2a291aed4483aff) reqSize 8 respSize 0 respFd 77 opId 0x6027d592e1b253db - DONE
dgx-48:665543:666160 [2] NCCL INFO UDS: ClientGetFd handle 0x155200019600 tpRank 5 returned fd 77
dgx-48:665543:666160 [2] NCCL INFO UDS converted handle 0x155200019600 to fd 77 on remote peer 5
dgx-48:665543:666160 [2] NCCL INFO Imported shareable buffer device 2 size 2097152 ptr 0x155246800000
dgx-48:665543:666176 [2] NCCL INFO proxyUDSRecvReq::ncclProxyMsgGetFd rank 1 opId 0x9b4a3c429765c026 handle=0x155200015220
dgx-48:665543:666176 [2] NCCL INFO UDS proxyGetFd received handle 0x155200015220 peer 1 opId 9b4a3c429765c026
dgx-48:665543:666176 [2] NCCL INFO proxyUDSRecvReq::ncclProxyMsgGetFd rank 1 opId 0xbae7e6517cbc1aea handle=0x1552000168c0
dgx-48:665543:666176 [2] NCCL INFO UDS proxyGetFd received handle 0x1552000168c0 peer 1 opId bae7e6517cbc1aea
dgx-48:665543:666176 [2] NCCL INFO proxyUDSRecvReq::ncclProxyMsgGetFd rank 1 opId 0x734b76628c304a65 handle=0x155200017f60
dgx-48:665543:666176 [2] NCCL INFO UDS proxyGetFd received handle 0x155200017f60 peer 1 opId 734b76628c304a65
dgx-48:665543:666176 [2] NCCL INFO proxyUDSRecvReq::ncclProxyMsgGetFd rank 1 opId 0xa39beb6e3faf9773 handle=0x155200019600
dgx-48:665543:666176 [2] NCCL INFO UDS proxyGetFd received handle 0x155200019600 peer 1 opId a39beb6e3faf9773
dgx-48:665543:666160 [2] NCCL INFO Connected all trees
dgx-48:665543:666160 [2] NCCL INFO threadThresholds 8/8/64 | 64/8/64 | 512 | 512
dgx-48:665543:666160 [2] NCCL INFO 4 coll channels, 4 collnet channels, 0 nvls channels, 4 p2p channels, 2 p2p channels per peer
dgx-48:665543:666173 [2] NCCL INFO Allocated 7340388 bytes of shared memory in /dev/shm/nccl-9K25PC
dgx-48:665543:666173 [2] NCCL INFO New proxy send connection 16 from local rank 2, transport 2
dgx-48:665543:666173 [2] NCCL INFO proxyProgressAsync opId=0x155213a97a80 op.type=1 op.reqBuff=0x15520001f000 op.respSize=16 done
dgx-48:665543:666160 [2] NCCL INFO ncclPollProxyResponse Received new opId=0x155213a97a80
dgx-48:665543:666173 [2] NCCL INFO Received and initiated operation=Init res=0
dgx-48:665543:666160 [2] NCCL INFO resp.opId=0x155213a97a80 matches expected opId=0x155213a97a80
dgx-48:665543:666160 [2] NCCL INFO Connected to proxy localRank 2 -> connection 0x155200006530
dgx-48:665543:666173 [2] NCCL INFO Allocated shareable buffer 0x155246a00000 size 8388608 ipcDesc 0x1552000209b8
dgx-48:665543:666173 [2] NCCL INFO proxyProgressAsync opId=0x155213a97a80 op.type=2 op.reqBuff=0x1552000206a0 op.respSize=0 done
dgx-48:665543:666173 [2] NCCL INFO Received and initiated operation=SharedInit res=0
dgx-48:665543:666160 [2] NCCL INFO ncclPollProxyResponse Received new opId=0x155213a97a80
dgx-48:665543:666160 [2] NCCL INFO resp.opId=0x155213a97a80 matches expected opId=0x155213a97a80
dgx-48:665543:666160 [2] NCCL INFO GPU Direct RDMA Enabled for GPU 52000 / HCA 0 (distance 4 <= 6), read 1
dgx-48:665543:666160 [2] NCCL INFO Mem Realloc old size 0, new size 4 pointer 0x155213a97a80
dgx-48:665543:666160 [2] NCCL INFO GPU Direct RDMA Enabled for GPU 52000 / HCA 0 (distance 4 <= 6), read 1
dgx-48:665543:666160 [2] NCCL INFO GPU Direct RDMA Enabled for GPU 52000 / HCA 0 (distance 4 <= 6), read 1
dgx-48:665543:666160 [2] NCCL INFO GPU Direct RDMA Enabled for GPU 52000 / HCA 0 (distance 4 <= 6), read 1
dgx-48:665543:666160 [2] NCCL INFO GPU Direct RDMA Enabled for GPU 52000 / HCA 0 (distance 4 <= 6), read 1
dgx-48:665543:666160 [2] NCCL INFO GPU Direct RDMA Enabled for GPU 52000 / HCA 0 (distance 4 <= 6), read 1
dgx-48:665543:666160 [2] NCCL INFO GPU Direct RDMA Enabled for GPU 52000 / HCA 0 (distance 4 <= 6), read 1
dgx-48:665543:666160 [2] NCCL INFO GPU Direct RDMA Enabled for GPU 52000 / HCA 0 (distance 4 <= 6), read 1
dgx-48:665543:666160 [2] NCCL INFO ncclPollProxyResponse Received new opId=0x155213bf60f0
dgx-48:665543:666160 [2] NCCL INFO resp.opId=0x155213bf60f0 matches expected opId=0x155213bf60f0
dgx-48:665543:666160 [2] NCCL INFO Connected to proxy localRank 0 -> connection 0x155200006b48
dgx-48:665543:666160 [2] NCCL INFO ncclPollProxyResponse Received new opId=0x155213bf60f0
dgx-48:665543:666160 [2] NCCL INFO resp.opId=0x155213bf60f0 matches expected opId=0x155213bf60f0
dgx-48:665543:666160 [2] NCCL INFO init.cc:402 Cuda Alloc Size 11856 pointer 0x155247200000
dgx-48:665543:666160 [2] NCCL INFO init.cc:430 Cuda Host Alloc Size 33554432 pointer 0x155247400000
dgx-48:665543:666160 [2] NCCL INFO init.cc:436 Cuda Host Alloc Size 128 pointer 0x155235600200
dgx-48:665543:666160 [2] NCCL INFO TUNER/Plugin: Plugin load returned 2 : libnccl-net.so: cannot open shared object file: No such file or directory : when loading libnccl-tuner.so
dgx-48:665543:666160 [2] NCCL INFO TUNER/Plugin: Using internal tuner plugin.
dgx-48:665543:666160 [2] NCCL INFO ncclCommInitRank comm 0x836cf40 rank 6 nranks 8 cudaDev 2 nvmlDev 2 busId 52000 commId 0x79fd8d69287cf8fe - Init COMPLETE
dgx-48:665543:665543 [2] NCCL INFO AllReduce: opCount 0 sendbuff 0x15524fe00200 recvbuff 0x15524fe00200 count 1 datatype 7 op 0 root 0 comm 0x836cf40 [nranks=8] stream 0x7c4d7b0
dgx-48:665543:665543 [2] NCCL INFO misc/utils.cc:235 memory stack hunk malloc(65536)
dgx-48:665543:665543 [2] NCCL INFO AllReduce: opCount 1 sendbuff 0x15524fe00000 recvbuff 0x15524fe00000 count 1 datatype 7 op 0 root 0 comm 0x836cf40 [nranks=8] stream 0x7c4d7b0
Rank 6: Received model_metadata: {'block_shape': torch.Size([13015864320])}
dgx-48:665543:665543 [2] NCCL INFO AllReduce: opCount 2 sendbuff 0x15524fe00200 recvbuff 0x15524fe00200 count 1 datatype 7 op 0 root 0 comm 0x836cf40 [nranks=8] stream 0x7c4d7b0
Rank [6]: Block 0 in gpu before brocast: 0.0
Rank [6]: Starting broadcast...
dgx-48:665543:665543 [2] NCCL INFO Broadcast: opCount 3 sendbuff 0x154bbc000000 recvbuff 0x154bbc000000 count 26031728640 datatype 0 op 0 root 0 comm 0x836cf40 [nranks=8] stream 0x7c4d7b0
dgx-48:665543:665543 [2] NCCL INFO AllReduce: opCount 4 sendbuff 0x15524fe00000 recvbuff 0x15524fe00000 count 1 datatype 7 op 0 root 0 comm 0x836cf40 [nranks=8] stream 0x7c4d7b0
Rank [6]: Total Broadcast Time 830.746 ms.
Rank [6]: First block after broadcast: -4.887580871582031e-06
dgx-48:665543:666173 [2] NCCL INFO [Service thread] Connection closed by localRank 2
dgx-48:665543:666176 [2] NCCL INFO [Proxy Service UDS] exit: stop 1 abortFlag 1
dgx-48:665543:666187 [2] NCCL INFO comm 0x836cf40 rank 6 nranks 8 cudaDev 2 busId 52000 - Abort COMPLETE
