[rank1]:[W105 09:14:19.790560422 ProcessGroupNCCL.cpp:4115] [PG ID 0 PG GUID 0 Rank 1]  using GPU 1 to perform barrier as devices used by this process are currently unknown. This can potentially cause a hang if this rank to GPU mapping is incorrect.Specify device_ids in barrier() to force use of a particular device,or call init_process_group() with a device_id.
dgx-35:3927806:3927806 [1] NCCL INFO cudaDriverVersion 12020
dgx-35:3927806:3927806 [1] NCCL INFO Bootstrap : Using ibp24s0:10.23.1.29<0>
dgx-35:3927806:3927806 [1] NCCL INFO NET/Plugin: No plugin found (libnccl-net.so)
dgx-35:3927806:3927806 [1] NCCL INFO NET/Plugin: Plugin load returned 2 : libnccl-net.so: cannot open shared object file: No such file or directory : when loading libnccl-net.so
dgx-35:3927806:3927806 [1] NCCL INFO NET/Plugin: Using internal network plugin.
dgx-35:3927806:3927806 [1] NCCL INFO init.cc:1785 Cuda Host Alloc Size 4 pointer 0x155235600000
dgx-35:3927806:3928092 [1] NCCL INFO NCCL_IB_DISABLE set by environment to 0.
dgx-35:3927806:3928092 [1] NCCL INFO NCCL_IB_HCA set to mlx5_0
dgx-35:3927806:3928092 [1] NCCL INFO NET/IB : Using [0]mlx5_0:1/IB [RO]; OOB ibp24s0:10.23.1.29<0>
dgx-35:3927806:3928092 [1] NCCL INFO Using non-device net plugin version 0
dgx-35:3927806:3928092 [1] NCCL INFO Using network IB
dgx-35:3927806:3928092 [1] NCCL INFO ncclCommInitRank comm 0x836e950 rank 1 nranks 8 cudaDev 1 nvmlDev 1 busId 43000 commId 0x79fd8d69287cf8fe - Init START
dgx-35:3927806:3928092 [1] NCCL INFO NET/IB : GPU Direct RDMA Enabled for HCA 0 'mlx5_0'
dgx-35:3927806:3928092 [1] NCCL INFO NCCL_NET_GDR_LEVEL set by environment to PHB
dgx-35:3927806:3928092 [1] NCCL INFO GPU Direct RDMA Enabled for GPU 1b000 / HCA 0 (distance 4 <= 6), read 0
dgx-35:3927806:3928092 [1] NCCL INFO GPU Direct RDMA Enabled for GPU 43000 / HCA 0 (distance 4 <= 6), read 0
dgx-35:3927806:3928092 [1] NCCL INFO GPU Direct RDMA Enabled for GPU 52000 / HCA 0 (distance 4 <= 6), read 0
dgx-35:3927806:3928092 [1] NCCL INFO GPU Direct RDMA Enabled for GPU 61000 / HCA 0 (distance 4 <= 6), read 0
dgx-35:3927806:3928092 [1] NCCL INFO GPU Direct RDMA Enabled for GPU 1b000 / HCA 0 (distance 4 <= 6), read 0
dgx-35:3927806:3928092 [1] NCCL INFO GPU Direct RDMA Enabled for GPU 43000 / HCA 0 (distance 4 <= 6), read 0
dgx-35:3927806:3928092 [1] NCCL INFO GPU Direct RDMA Enabled for GPU 52000 / HCA 0 (distance 4 <= 6), read 0
dgx-35:3927806:3928092 [1] NCCL INFO GPU Direct RDMA Enabled for GPU 61000 / HCA 0 (distance 4 <= 6), read 0
dgx-35:3927806:3928092 [1] NCCL INFO === System : maxBw 48.0 totalBw 164.8 ===
dgx-35:3927806:3928092 [1] NCCL INFO CPU/0-0 (1/1/2)
dgx-35:3927806:3928092 [1] NCCL INFO + PCI[48.0] - PCI/0-16000 (15b3197900000000)
dgx-35:3927806:3928092 [1] NCCL INFO               + PCI[48.0] - NIC/0-18000
dgx-35:3927806:3928092 [1] NCCL INFO                             + NET[50.0] - NET/0 (d47f0a0003c288a0/1/50.000000)
dgx-35:3927806:3928092 [1] NCCL INFO               + PCI[48.0] - PCI/0-19000 (15b3197900000000)
dgx-35:3927806:3928092 [1] NCCL INFO                             + PCI[48.0] - GPU/0-1b000 (0)
dgx-35:3927806:3928092 [1] NCCL INFO                                           + NVL[164.8] - NVS/0
dgx-35:3927806:3928092 [1] NCCL INFO + PCI[48.0] - PCI/0-3e000 (15b3197900000000)
dgx-35:3927806:3928092 [1] NCCL INFO               + PCI[48.0] - PCI/0-41000 (15b3197900000000)
dgx-35:3927806:3928092 [1] NCCL INFO                             + PCI[48.0] - GPU/0-43000 (1)
dgx-35:3927806:3928092 [1] NCCL INFO                                           + NVL[164.8] - NVS/0
dgx-35:3927806:3928092 [1] NCCL INFO + PCI[48.0] - PCI/0-4d000 (15b3197900000000)
dgx-35:3927806:3928092 [1] NCCL INFO               + PCI[48.0] - PCI/0-50000 (15b3197900000000)
dgx-35:3927806:3928092 [1] NCCL INFO                             + PCI[48.0] - GPU/0-52000 (2)
dgx-35:3927806:3928092 [1] NCCL INFO                                           + NVL[164.8] - NVS/0
dgx-35:3927806:3928092 [1] NCCL INFO + PCI[48.0] - PCI/0-5c000 (15b3197900000000)
dgx-35:3927806:3928092 [1] NCCL INFO               + PCI[48.0] - PCI/0-5f000 (15b3197900000000)
dgx-35:3927806:3928092 [1] NCCL INFO                             + PCI[48.0] - GPU/0-61000 (3)
dgx-35:3927806:3928092 [1] NCCL INFO                                           + NVL[164.8] - NVS/0
dgx-35:3927806:3928092 [1] NCCL INFO ==========================================
dgx-35:3927806:3928092 [1] NCCL INFO GPU/1B000 :GPU/0-1b000 (0/5000.0/LOC) GPU/0-43000 (2/164.8/NVL) GPU/0-52000 (2/164.8/NVL) GPU/0-61000 (2/164.8/NVL) NVS/0-0 (1/164.8/NVL) CPU/0-0 (3/48.0/PHB) NET/0-0 (4/48.0/PXB) 
dgx-35:3927806:3928092 [1] NCCL INFO GPU/43000 :GPU/0-1b000 (2/164.8/NVL) GPU/0-43000 (0/5000.0/LOC) GPU/0-52000 (2/164.8/NVL) GPU/0-61000 (2/164.8/NVL) NVS/0-0 (1/164.8/NVL) CPU/0-0 (3/48.0/PHB) NET/0-0 (6/48.0/PXN) 
dgx-35:3927806:3928092 [1] NCCL INFO GPU/52000 :GPU/0-1b000 (2/164.8/NVL) GPU/0-43000 (2/164.8/NVL) GPU/0-52000 (0/5000.0/LOC) GPU/0-61000 (2/164.8/NVL) NVS/0-0 (1/164.8/NVL) CPU/0-0 (3/48.0/PHB) NET/0-0 (6/48.0/PXN) 
dgx-35:3927806:3928092 [1] NCCL INFO GPU/61000 :GPU/0-1b000 (2/164.8/NVL) GPU/0-43000 (2/164.8/NVL) GPU/0-52000 (2/164.8/NVL) GPU/0-61000 (0/5000.0/LOC) NVS/0-0 (1/164.8/NVL) CPU/0-0 (3/48.0/PHB) NET/0-0 (6/48.0/PXN) 
dgx-35:3927806:3928092 [1] NCCL INFO NET/0 :GPU/0-1b000 (4/48.0/PXB) GPU/0-43000 (6/48.0/PHB) GPU/0-52000 (6/48.0/PHB) GPU/0-61000 (6/48.0/PHB) CPU/0-0 (3/48.0/PHB) NET/0-0 (0/5000.0/LOC) 
dgx-35:3927806:3928092 [1] NCCL INFO Setting affinity for GPU 1 to 030000,00000000,00000000,00000003
dgx-35:3927806:3928092 [1] NCCL INFO Pattern 4, crossNic 0, nChannels 2, bw 24.000000/24.000000, type NVL/PXN, sameChannels 1
dgx-35:3927806:3928092 [1] NCCL INFO  0 : NET/0 GPU/0 GPU/3 GPU/2 GPU/1 NET/0
dgx-35:3927806:3928092 [1] NCCL INFO  1 : NET/0 GPU/0 GPU/3 GPU/2 GPU/1 NET/0
dgx-35:3927806:3928092 [1] NCCL INFO Pattern 3, crossNic 0, nChannels 2, bw 48.000000/24.000000, type NVL/PXB, sameChannels 1
dgx-35:3927806:3928092 [1] NCCL INFO  0 : NET/0 GPU/0 GPU/1 GPU/2 GPU/3 NET/0
dgx-35:3927806:3928092 [1] NCCL INFO  1 : NET/0 GPU/0 GPU/1 GPU/2 GPU/3 NET/0
dgx-35:3927806:3928092 [1] NCCL INFO comm 0x836e950 rank 1 nRanks 8 nNodes 2 localRanks 4 localRank 1 MNNVL 0
dgx-35:3927806:3928092 [1] NCCL INFO Ring 00 : 2 -> 1 -> 4
dgx-35:3927806:3928092 [1] NCCL INFO Ring 01 : 2 -> 1 -> 4
dgx-35:3927806:3928092 [1] NCCL INFO Ring 02 : 2 -> 1 -> 4
dgx-35:3927806:3928092 [1] NCCL INFO Ring 03 : 2 -> 1 -> 4
dgx-35:3927806:3928092 [1] NCCL INFO Trees [0] 2/-1/-1->1->0 [1] 2/-1/-1->1->0 [2] 2/-1/-1->1->0 [3] 2/-1/-1->1->0
dgx-35:3927806:3928092 [1] NCCL INFO P2P Chunksize set to 131072
dgx-35:3927806:3928092 [1] NCCL INFO UDS: Creating service thread comm 0x836e950 rank 1
dgx-35:3927806:3928092 [1] NCCL INFO misc/utils.cc:235 memory stack hunk malloc(65536)
dgx-35:3927806:3928092 [1] NCCL INFO channel.cc:41 Cuda Alloc Size 4864 pointer 0x155239200000
dgx-35:3927806:3928092 [1] NCCL INFO channel.cc:44 Cuda Alloc Size 104 pointer 0x155239400000
dgx-35:3927806:3928092 [1] NCCL INFO channel.cc:55 Cuda Alloc Size 32 pointer 0x155239600000
dgx-35:3927806:3928092 [1] NCCL INFO channel.cc:41 Cuda Alloc Size 4864 pointer 0x155239800000
dgx-35:3927806:3928092 [1] NCCL INFO channel.cc:44 Cuda Alloc Size 104 pointer 0x155239a00000
dgx-35:3927806:3928092 [1] NCCL INFO channel.cc:55 Cuda Alloc Size 32 pointer 0x155239c00000
dgx-35:3927806:3928092 [1] NCCL INFO channel.cc:41 Cuda Alloc Size 4864 pointer 0x155239e00000
dgx-35:3927806:3928092 [1] NCCL INFO channel.cc:44 Cuda Alloc Size 104 pointer 0x15523a000000
dgx-35:3927806:3928092 [1] NCCL INFO channel.cc:55 Cuda Alloc Size 32 pointer 0x15523a200000
dgx-35:3927806:3928092 [1] NCCL INFO channel.cc:41 Cuda Alloc Size 4864 pointer 0x15523a400000
dgx-35:3927806:3928092 [1] NCCL INFO channel.cc:44 Cuda Alloc Size 104 pointer 0x15523a600000
dgx-35:3927806:3928092 [1] NCCL INFO channel.cc:55 Cuda Alloc Size 32 pointer 0x15523a800000
dgx-35:3927806:3928092 [1] NCCL INFO GPU Direct RDMA Enabled for GPU 43000 / HCA 0 (distance 4 <= 6), read 1
dgx-35:3927806:3928092 [1] NCCL INFO ncclPollProxyResponse Received new opId=0x155213a97ae0
dgx-35:3927806:3928092 [1] NCCL INFO resp.opId=0x155213a97ae0 matches expected opId=0x155213a97ae0
dgx-35:3927806:3928092 [1] NCCL INFO Connected to proxy localRank 0 -> connection 0x154c1c005e28
dgx-35:3927806:3928092 [1] NCCL INFO ncclPollProxyResponse Received new opId=0x155213a97ae0
dgx-35:3927806:3928092 [1] NCCL INFO resp.opId=0x155213a97ae0 matches expected opId=0x155213a97ae0
dgx-35:3927806:3928092 [1] NCCL INFO Channel 00/0 : 1[1] -> 4[0] [send] via NET/IB/0(0)/GDRDMA
dgx-35:3927806:3928092 [1] NCCL INFO GPU Direct RDMA Enabled for GPU 43000 / HCA 0 (distance 4 <= 6), read 1
dgx-35:3927806:3928092 [1] NCCL INFO ncclPollProxyResponse Received new opId=0x155213a97ae0
dgx-35:3927806:3928092 [1] NCCL INFO resp.opId=0x155213a97ae0 matches expected opId=0x155213a97ae0
dgx-35:3927806:3928092 [1] NCCL INFO Connected to proxy localRank 0 -> connection 0x154c1c005f90
dgx-35:3927806:3928092 [1] NCCL INFO ncclPollProxyResponse Received new opId=0x155213a97ae0
dgx-35:3927806:3928092 [1] NCCL INFO resp.opId=0x155213a97ae0 matches expected opId=0x155213a97ae0
dgx-35:3927806:3928092 [1] NCCL INFO Channel 01/0 : 1[1] -> 4[0] [send] via NET/IB/0(0)/GDRDMA
dgx-35:3927806:3928092 [1] NCCL INFO GPU Direct RDMA Enabled for GPU 43000 / HCA 0 (distance 4 <= 6), read 1
dgx-35:3927806:3928092 [1] NCCL INFO ncclPollProxyResponse Received new opId=0x155213a97ae0
dgx-35:3927806:3928092 [1] NCCL INFO resp.opId=0x155213a97ae0 matches expected opId=0x155213a97ae0
dgx-35:3927806:3928092 [1] NCCL INFO Connected to proxy localRank 0 -> connection 0x154c1c006080
dgx-35:3927806:3928092 [1] NCCL INFO ncclPollProxyResponse Received new opId=0x155213a97ae0
dgx-35:3927806:3928092 [1] NCCL INFO resp.opId=0x155213a97ae0 matches expected opId=0x155213a97ae0
dgx-35:3927806:3928092 [1] NCCL INFO Channel 02/0 : 1[1] -> 4[0] [send] via NET/IB/0(0)/GDRDMA
dgx-35:3927806:3928092 [1] NCCL INFO GPU Direct RDMA Enabled for GPU 43000 / HCA 0 (distance 4 <= 6), read 1
dgx-35:3927806:3928092 [1] NCCL INFO ncclPollProxyResponse Received new opId=0x155213a97ae0
dgx-35:3927806:3928092 [1] NCCL INFO resp.opId=0x155213a97ae0 matches expected opId=0x155213a97ae0
dgx-35:3927806:3928092 [1] NCCL INFO Connected to proxy localRank 0 -> connection 0x154c1c006170
dgx-35:3927806:3928092 [1] NCCL INFO ncclPollProxyResponse Received new opId=0x155213a97ae0
dgx-35:3927806:3928092 [1] NCCL INFO resp.opId=0x155213a97ae0 matches expected opId=0x155213a97ae0
dgx-35:3927806:3928092 [1] NCCL INFO Channel 03/0 : 1[1] -> 4[0] [send] via NET/IB/0(0)/GDRDMA
dgx-35:3927806:3928128 [1] NCCL INFO Mem Realloc old size 0, new size 8 pointer 0x155200002f10
dgx-35:3927806:3928128 [1] NCCL INFO New proxy recv connection 0 from local rank 1, transport 0
dgx-35:3927806:3928128 [1] NCCL INFO proxyProgressAsync opId=0x155213a97ae0 op.type=1 op.reqBuff=0x155200002ed0 op.respSize=16 done
dgx-35:3927806:3928092 [1] NCCL INFO ncclPollProxyResponse Received new opId=0x155213a97ae0
dgx-35:3927806:3928128 [1] NCCL INFO Received and initiated operation=Init res=0
dgx-35:3927806:3928092 [1] NCCL INFO resp.opId=0x155213a97ae0 matches expected opId=0x155213a97ae0
dgx-35:3927806:3928092 [1] NCCL INFO Connected to proxy localRank 1 -> connection 0x155200005db0
dgx-35:3927806:3928128 [1] NCCL INFO Allocated shareable buffer 0x15523aa00000 size 10485760 ipcDesc 0x155200009a30
dgx-35:3927806:3928128 [1] NCCL INFO proxyProgressAsync opId=0x155213a97ae0 op.type=3 op.reqBuff=0x155200009a00 op.respSize=80 done
dgx-35:3927806:3928128 [1] NCCL INFO Received and initiated operation=Setup res=0
dgx-35:3927806:3928092 [1] NCCL INFO ncclPollProxyResponse Received new opId=0x155213a97ae0
dgx-35:3927806:3928092 [1] NCCL INFO resp.opId=0x155213a97ae0 matches expected opId=0x155213a97ae0
dgx-35:3927806:3928128 [1] NCCL INFO New proxy recv connection 1 from local rank 1, transport 0
dgx-35:3927806:3928128 [1] NCCL INFO proxyProgressAsync opId=0x155213a97ae0 op.type=1 op.reqBuff=0x15520000b120 op.respSize=16 done
dgx-35:3927806:3928128 [1] NCCL INFO Received and initiated operation=Init res=0
dgx-35:3927806:3928092 [1] NCCL INFO ncclPollProxyResponse Received new opId=0x155213a97ae0
dgx-35:3927806:3928092 [1] NCCL INFO resp.opId=0x155213a97ae0 matches expected opId=0x155213a97ae0
dgx-35:3927806:3928092 [1] NCCL INFO Connected to proxy localRank 1 -> connection 0x155200005e28
dgx-35:3927806:3928128 [1] NCCL INFO Allocated shareable buffer 0x15523b400000 size 10485760 ipcDesc 0x15520000b1d0
dgx-35:3927806:3928128 [1] NCCL INFO proxyProgressAsync opId=0x155213a97ae0 op.type=3 op.reqBuff=0x15520000b1a0 op.respSize=80 done
dgx-35:3927806:3928128 [1] NCCL INFO Received and initiated operation=Setup res=0
dgx-35:3927806:3928092 [1] NCCL INFO ncclPollProxyResponse Received new opId=0x155213a97ae0
dgx-35:3927806:3928092 [1] NCCL INFO resp.opId=0x155213a97ae0 matches expected opId=0x155213a97ae0
dgx-35:3927806:3928128 [1] NCCL INFO New proxy recv connection 2 from local rank 1, transport 0
dgx-35:3927806:3928128 [1] NCCL INFO proxyProgressAsync opId=0x155213a97ae0 op.type=1 op.reqBuff=0x15520000c860 op.respSize=16 done
dgx-35:3927806:3928128 [1] NCCL INFO Received and initiated operation=Init res=0
dgx-35:3927806:3928092 [1] NCCL INFO ncclPollProxyResponse Received new opId=0x155213a97ae0
dgx-35:3927806:3928092 [1] NCCL INFO resp.opId=0x155213a97ae0 matches expected opId=0x155213a97ae0
dgx-35:3927806:3928092 [1] NCCL INFO Connected to proxy localRank 1 -> connection 0x155200005ea0
dgx-35:3927806:3928128 [1] NCCL INFO Allocated shareable buffer 0x15523be00000 size 10485760 ipcDesc 0x15520000c8f0
dgx-35:3927806:3928128 [1] NCCL INFO proxyProgressAsync opId=0x155213a97ae0 op.type=3 op.reqBuff=0x15520000c880 op.respSize=80 done
dgx-35:3927806:3928128 [1] NCCL INFO Received and initiated operation=Setup res=0
dgx-35:3927806:3928092 [1] NCCL INFO ncclPollProxyResponse Received new opId=0x155213a97ae0
dgx-35:3927806:3928092 [1] NCCL INFO resp.opId=0x155213a97ae0 matches expected opId=0x155213a97ae0
dgx-35:3927806:3928128 [1] NCCL INFO New proxy recv connection 3 from local rank 1, transport 0
dgx-35:3927806:3928128 [1] NCCL INFO proxyProgressAsync opId=0x155213a97ae0 op.type=1 op.reqBuff=0x15520000c880 op.respSize=16 done
dgx-35:3927806:3928128 [1] NCCL INFO Received and initiated operation=Init res=0
dgx-35:3927806:3928092 [1] NCCL INFO ncclPollProxyResponse Received new opId=0x155213a97ae0
dgx-35:3927806:3928092 [1] NCCL INFO resp.opId=0x155213a97ae0 matches expected opId=0x155213a97ae0
dgx-35:3927806:3928092 [1] NCCL INFO Connected to proxy localRank 1 -> connection 0x155200005f18
dgx-35:3927806:3928128 [1] NCCL INFO Allocated shareable buffer 0x15523c800000 size 10485760 ipcDesc 0x15520000dff0
dgx-35:3927806:3928128 [1] NCCL INFO proxyProgressAsync opId=0x155213a97ae0 op.type=3 op.reqBuff=0x15520000df80 op.respSize=80 done
dgx-35:3927806:3928128 [1] NCCL INFO Received and initiated operation=Setup res=0
dgx-35:3927806:3928092 [1] NCCL INFO ncclPollProxyResponse Received new opId=0x155213a97ae0
dgx-35:3927806:3928092 [1] NCCL INFO resp.opId=0x155213a97ae0 matches expected opId=0x155213a97ae0
dgx-35:3927806:3928092 [1] NCCL INFO sendConnect ncclProxyCallAsync opId=0x155213bccf30
dgx-35:3927806:3928092 [1] NCCL INFO sendConnect ncclProxyCallAsync opId=0x155213be2cf0
dgx-35:3927806:3928092 [1] NCCL INFO sendConnect ncclProxyCallAsync opId=0x155213be8980
dgx-35:3927806:3928092 [1] NCCL INFO sendConnect ncclProxyCallAsync opId=0x155213bee6b0
dgx-35:3927806:3928092 [1] NCCL INFO ProxyCall UDS comm 0x836e950 rank 1 tpRank 2(19269476ceb72aba) reqSize 8 respSize 0 respFd 0x15527c5b0d08 opId 0x722412ad9cd82db2
dgx-35:3927806:3928092 [1] NCCL INFO ProxyCall UDS comm 0x836e950 rank 1 tpRank 2(19269476ceb72aba) reqSize 8 respSize 0 respFd 79 opId 0x722412ad9cd82db2 - DONE
dgx-35:3927806:3928092 [1] NCCL INFO UDS: ClientGetFd handle 0x15520000f720 tpRank 2 returned fd 79
dgx-35:3927806:3928092 [1] NCCL INFO UDS converted handle 0x15520000f720 to fd 79 on remote peer 2
dgx-35:3927806:3928092 [1] NCCL INFO Imported shareable buffer device 1 size 2097152 ptr 0x15523d200000
dgx-35:3927806:3928092 [1] NCCL INFO ProxyCall UDS comm 0x836e950 rank 1 tpRank 2(19269476ceb72aba) reqSize 8 respSize 0 respFd 0x15527c5b0d08 opId 0xd99f6cede514d2aa
dgx-35:3927806:3928092 [1] NCCL INFO ProxyCall UDS comm 0x836e950 rank 1 tpRank 2(19269476ceb72aba) reqSize 8 respSize 0 respFd 79 opId 0xd99f6cede514d2aa - DONE
dgx-35:3927806:3928092 [1] NCCL INFO UDS: ClientGetFd handle 0x155200010e00 tpRank 2 returned fd 79
dgx-35:3927806:3928092 [1] NCCL INFO UDS converted handle 0x155200010e00 to fd 79 on remote peer 2
dgx-35:3927806:3928092 [1] NCCL INFO Imported shareable buffer device 1 size 2097152 ptr 0x15523d400000
dgx-35:3927806:3928092 [1] NCCL INFO ProxyCall UDS comm 0x836e950 rank 1 tpRank 2(19269476ceb72aba) reqSize 8 respSize 0 respFd 0x15527c5b0d08 opId 0xd1b0309d513897fc
dgx-35:3927806:3928092 [1] NCCL INFO ProxyCall UDS comm 0x836e950 rank 1 tpRank 2(19269476ceb72aba) reqSize 8 respSize 0 respFd 79 opId 0xd1b0309d513897fc - DONE
dgx-35:3927806:3928092 [1] NCCL INFO UDS: ClientGetFd handle 0x1552000124e0 tpRank 2 returned fd 79
dgx-35:3927806:3928092 [1] NCCL INFO UDS converted handle 0x1552000124e0 to fd 79 on remote peer 2
dgx-35:3927806:3928132 [1] NCCL INFO proxyUDSRecvReq::ncclProxyMsgGetFd rank 2 opId 0x89b69d0d7d11dddc handle=0x155200009a80
dgx-35:3927806:3928132 [1] NCCL INFO UDS proxyGetFd received handle 0x155200009a80 peer 2 opId 89b69d0d7d11dddc
dgx-35:3927806:3928092 [1] NCCL INFO Imported shareable buffer device 1 size 2097152 ptr 0x15523d600000
dgx-35:3927806:3928092 [1] NCCL INFO ProxyCall UDS comm 0x836e950 rank 1 tpRank 2(19269476ceb72aba) reqSize 8 respSize 0 respFd 0x15527c5b0d08 opId 0x2cc0547b9bf8d631
dgx-35:3927806:3928092 [1] NCCL INFO ProxyCall UDS comm 0x836e950 rank 1 tpRank 2(19269476ceb72aba) reqSize 8 respSize 0 respFd 79 opId 0x2cc0547b9bf8d631 - DONE
dgx-35:3927806:3928092 [1] NCCL INFO UDS: ClientGetFd handle 0x155200013b80 tpRank 2 returned fd 79
dgx-35:3927806:3928092 [1] NCCL INFO UDS converted handle 0x155200013b80 to fd 79 on remote peer 2
dgx-35:3927806:3928132 [1] NCCL INFO proxyUDSRecvReq::ncclProxyMsgGetFd rank 2 opId 0x114f722df50b859a handle=0x15520000b220
dgx-35:3927806:3928132 [1] NCCL INFO UDS proxyGetFd received handle 0x15520000b220 peer 2 opId 114f722df50b859a
dgx-35:3927806:3928092 [1] NCCL INFO Imported shareable buffer device 1 size 2097152 ptr 0x15523d800000
dgx-35:3927806:3928092 [1] NCCL INFO ncclPollProxyResponse Received new opId=0x155213bccf30
dgx-35:3927806:3928092 [1] NCCL INFO resp.opId=0x155213bccf30 matches expected opId=0x155213bccf30
dgx-35:3927806:3928092 [1] NCCL INFO sendConnect ncclPollProxyResponse opId=0x155213bccf30
dgx-35:3927806:3928092 [1] NCCL INFO ProxyCall UDS comm 0x836e950 rank 1 tpRank 0(2332cb032fd0904) reqSize 8 respSize 0 respFd 0x15527c5b1cf8 opId 0xaee4ec1acae9127c
dgx-35:3927806:3928092 [1] NCCL INFO ProxyCall UDS comm 0x836e950 rank 1 tpRank 0(2332cb032fd0904) reqSize 8 respSize 0 respFd 80 opId 0xaee4ec1acae9127c - DONE
dgx-35:3927806:3928092 [1] NCCL INFO UDS: ClientGetFd handle 0x154c1c3be3b0 tpRank 0 returned fd 80
dgx-35:3927806:3928092 [1] NCCL INFO UDS converted handle 0x154c1c3be3b0 to fd 80 on remote peer 0
dgx-35:3927806:3928132 [1] NCCL INFO proxyUDSRecvReq::ncclProxyMsgGetFd rank 2 opId 0x613f8cd8483e110a handle=0x15520000c940
dgx-35:3927806:3928132 [1] NCCL INFO UDS proxyGetFd received handle 0x15520000c940 peer 2 opId 613f8cd8483e110a
dgx-35:3927806:3928132 [1] NCCL INFO proxyUDSRecvReq::ncclProxyMsgGetFd rank 2 opId 0x23c29a4e0d46bc2c handle=0x15520000e040
dgx-35:3927806:3928132 [1] NCCL INFO UDS proxyGetFd received handle 0x15520000e040 peer 2 opId 23c29a4e0d46bc2c
dgx-35:3927806:3928092 [1] NCCL INFO Imported shareable buffer device 1 size 10485760 ptr 0x15523da00000
dgx-35:3927806:3928092 [1] NCCL INFO ncclPollProxyResponse Received new opId=0x155213be2cf0
dgx-35:3927806:3928092 [1] NCCL INFO resp.opId=0x155213be2cf0 matches expected opId=0x155213be2cf0
dgx-35:3927806:3928092 [1] NCCL INFO sendConnect ncclPollProxyResponse opId=0x155213be2cf0
dgx-35:3927806:3928092 [1] NCCL INFO ProxyCall UDS comm 0x836e950 rank 1 tpRank 0(2332cb032fd0904) reqSize 8 respSize 0 respFd 0x15527c5b1cf8 opId 0x41e545b288a8bfc8
dgx-35:3927806:3928092 [1] NCCL INFO ProxyCall UDS comm 0x836e950 rank 1 tpRank 0(2332cb032fd0904) reqSize 8 respSize 0 respFd 81 opId 0x41e545b288a8bfc8 - DONE
dgx-35:3927806:3928092 [1] NCCL INFO UDS: ClientGetFd handle 0x154c1c42e300 tpRank 0 returned fd 81
dgx-35:3927806:3928092 [1] NCCL INFO UDS converted handle 0x154c1c42e300 to fd 81 on remote peer 0
dgx-35:3927806:3928092 [1] NCCL INFO Imported shareable buffer device 1 size 10485760 ptr 0x15523e400000
dgx-35:3927806:3928092 [1] NCCL INFO ncclPollProxyResponse Received new opId=0x155213be8980
dgx-35:3927806:3928092 [1] NCCL INFO resp.opId=0x155213be8980 matches expected opId=0x155213be8980
dgx-35:3927806:3928092 [1] NCCL INFO sendConnect ncclPollProxyResponse opId=0x155213be8980
dgx-35:3927806:3928092 [1] NCCL INFO ProxyCall UDS comm 0x836e950 rank 1 tpRank 0(2332cb032fd0904) reqSize 8 respSize 0 respFd 0x15527c5b1cf8 opId 0x68eddcd95f5a2113
dgx-35:3927806:3928092 [1] NCCL INFO ProxyCall UDS comm 0x836e950 rank 1 tpRank 0(2332cb032fd0904) reqSize 8 respSize 0 respFd 82 opId 0x68eddcd95f5a2113 - DONE
dgx-35:3927806:3928092 [1] NCCL INFO UDS: ClientGetFd handle 0x154c1c4155e0 tpRank 0 returned fd 82
dgx-35:3927806:3928092 [1] NCCL INFO UDS converted handle 0x154c1c4155e0 to fd 82 on remote peer 0
dgx-35:3927806:3928092 [1] NCCL INFO Imported shareable buffer device 1 size 10485760 ptr 0x15523ee00000
dgx-35:3927806:3928092 [1] NCCL INFO ncclPollProxyResponse Received new opId=0x155213bee6b0
dgx-35:3927806:3928092 [1] NCCL INFO resp.opId=0x155213bee6b0 matches expected opId=0x155213bee6b0
dgx-35:3927806:3928092 [1] NCCL INFO sendConnect ncclPollProxyResponse opId=0x155213bee6b0
dgx-35:3927806:3928092 [1] NCCL INFO ProxyCall UDS comm 0x836e950 rank 1 tpRank 0(2332cb032fd0904) reqSize 8 respSize 0 respFd 0x15527c5b1cf8 opId 0xae7667fe7af5bdfe
dgx-35:3927806:3928092 [1] NCCL INFO ProxyCall UDS comm 0x836e950 rank 1 tpRank 0(2332cb032fd0904) reqSize 8 respSize 0 respFd 83 opId 0xae7667fe7af5bdfe - DONE
dgx-35:3927806:3928092 [1] NCCL INFO UDS: ClientGetFd handle 0x154c1c2de2b0 tpRank 0 returned fd 83
dgx-35:3927806:3928092 [1] NCCL INFO UDS converted handle 0x154c1c2de2b0 to fd 83 on remote peer 0
dgx-35:3927806:3928092 [1] NCCL INFO Imported shareable buffer device 1 size 10485760 ptr 0x15523f800000
dgx-35:3927806:3928092 [1] NCCL INFO Connected all rings
dgx-35:3927806:3928128 [1] NCCL INFO New proxy recv connection 4 from local rank 1, transport 0
dgx-35:3927806:3928128 [1] NCCL INFO proxyProgressAsync opId=0x155213a97ae0 op.type=1 op.reqBuff=0x15520000df80 op.respSize=16 done
dgx-35:3927806:3928128 [1] NCCL INFO Received and initiated operation=Init res=0
dgx-35:3927806:3928092 [1] NCCL INFO ncclPollProxyResponse Received new opId=0x155213a97ae0
dgx-35:3927806:3928092 [1] NCCL INFO resp.opId=0x155213a97ae0 matches expected opId=0x155213a97ae0
dgx-35:3927806:3928092 [1] NCCL INFO Connected to proxy localRank 1 -> connection 0x155200005f90
dgx-35:3927806:3928128 [1] NCCL INFO Allocated shareable buffer 0x155240200000 size 10485760 ipcDesc 0x15520000f6d0
dgx-35:3927806:3928128 [1] NCCL INFO proxyProgressAsync opId=0x155213a97ae0 op.type=3 op.reqBuff=0x15520000f660 op.respSize=80 done
dgx-35:3927806:3928128 [1] NCCL INFO Received and initiated operation=Setup res=0
dgx-35:3927806:3928092 [1] NCCL INFO ncclPollProxyResponse Received new opId=0x155213a97ae0
dgx-35:3927806:3928092 [1] NCCL INFO resp.opId=0x155213a97ae0 matches expected opId=0x155213a97ae0
dgx-35:3927806:3928128 [1] NCCL INFO New proxy recv connection 5 from local rank 1, transport 0
dgx-35:3927806:3928128 [1] NCCL INFO proxyProgressAsync opId=0x155213a97ae0 op.type=1 op.reqBuff=0x15520000f660 op.respSize=16 done
dgx-35:3927806:3928128 [1] NCCL INFO Received and initiated operation=Init res=0
dgx-35:3927806:3928092 [1] NCCL INFO ncclPollProxyResponse Received new opId=0x155213a97ae0
dgx-35:3927806:3928092 [1] NCCL INFO resp.opId=0x155213a97ae0 matches expected opId=0x155213a97ae0
dgx-35:3927806:3928092 [1] NCCL INFO Connected to proxy localRank 1 -> connection 0x155200006008
dgx-35:3927806:3928128 [1] NCCL INFO Allocated shareable buffer 0x155240c00000 size 10485760 ipcDesc 0x155200010db0
dgx-35:3927806:3928128 [1] NCCL INFO proxyProgressAsync opId=0x155213a97ae0 op.type=3 op.reqBuff=0x155200010d40 op.respSize=80 done
dgx-35:3927806:3928128 [1] NCCL INFO Received and initiated operation=Setup res=0
dgx-35:3927806:3928092 [1] NCCL INFO ncclPollProxyResponse Received new opId=0x155213a97ae0
dgx-35:3927806:3928092 [1] NCCL INFO resp.opId=0x155213a97ae0 matches expected opId=0x155213a97ae0
dgx-35:3927806:3928128 [1] NCCL INFO New proxy recv connection 6 from local rank 1, transport 0
dgx-35:3927806:3928128 [1] NCCL INFO proxyProgressAsync opId=0x155213a97ae0 op.type=1 op.reqBuff=0x155200010d40 op.respSize=16 done
dgx-35:3927806:3928128 [1] NCCL INFO Received and initiated operation=Init res=0
dgx-35:3927806:3928092 [1] NCCL INFO ncclPollProxyResponse Received new opId=0x155213a97ae0
dgx-35:3927806:3928092 [1] NCCL INFO resp.opId=0x155213a97ae0 matches expected opId=0x155213a97ae0
dgx-35:3927806:3928092 [1] NCCL INFO Connected to proxy localRank 1 -> connection 0x155200006080
dgx-35:3927806:3928128 [1] NCCL INFO Allocated shareable buffer 0x155241600000 size 10485760 ipcDesc 0x155200012490
dgx-35:3927806:3928128 [1] NCCL INFO proxyProgressAsync opId=0x155213a97ae0 op.type=3 op.reqBuff=0x155200012420 op.respSize=80 done
dgx-35:3927806:3928128 [1] NCCL INFO Received and initiated operation=Setup res=0
dgx-35:3927806:3928092 [1] NCCL INFO ncclPollProxyResponse Received new opId=0x155213a97ae0
dgx-35:3927806:3928092 [1] NCCL INFO resp.opId=0x155213a97ae0 matches expected opId=0x155213a97ae0
dgx-35:3927806:3928128 [1] NCCL INFO New proxy recv connection 7 from local rank 1, transport 0
dgx-35:3927806:3928128 [1] NCCL INFO proxyProgressAsync opId=0x155213a97ae0 op.type=1 op.reqBuff=0x155200012420 op.respSize=16 done
dgx-35:3927806:3928128 [1] NCCL INFO Received and initiated operation=Init res=0
dgx-35:3927806:3928092 [1] NCCL INFO ncclPollProxyResponse Received new opId=0x155213a97ae0
dgx-35:3927806:3928092 [1] NCCL INFO resp.opId=0x155213a97ae0 matches expected opId=0x155213a97ae0
dgx-35:3927806:3928092 [1] NCCL INFO Connected to proxy localRank 1 -> connection 0x1552000060f8
dgx-35:3927806:3928128 [1] NCCL INFO Allocated shareable buffer 0x155242000000 size 10485760 ipcDesc 0x155200013b30
dgx-35:3927806:3928128 [1] NCCL INFO proxyProgressAsync opId=0x155213a97ae0 op.type=3 op.reqBuff=0x155200013b00 op.respSize=80 done
dgx-35:3927806:3928128 [1] NCCL INFO Received and initiated operation=Setup res=0
dgx-35:3927806:3928092 [1] NCCL INFO ncclPollProxyResponse Received new opId=0x155213a97ae0
dgx-35:3927806:3928092 [1] NCCL INFO resp.opId=0x155213a97ae0 matches expected opId=0x155213a97ae0
dgx-35:3927806:3928092 [1] NCCL INFO Channel 00/0 : 1[1] -> 2[2] via P2P/CUMEM
dgx-35:3927806:3928128 [1] NCCL INFO New proxy send connection 8 from local rank 1, transport 0
dgx-35:3927806:3928128 [1] NCCL INFO proxyProgressAsync opId=0x155213a97ae0 op.type=1 op.reqBuff=0x155200013b00 op.respSize=16 done
dgx-35:3927806:3928128 [1] NCCL INFO Received and initiated operation=Init res=0
dgx-35:3927806:3928092 [1] NCCL INFO ncclPollProxyResponse Received new opId=0x155213a97ae0
dgx-35:3927806:3928092 [1] NCCL INFO resp.opId=0x155213a97ae0 matches expected opId=0x155213a97ae0
dgx-35:3927806:3928092 [1] NCCL INFO Connected to proxy localRank 1 -> connection 0x155200006170
dgx-35:3927806:3928128 [1] NCCL INFO Allocated shareable buffer 0x155242a00000 size 2097152 ipcDesc 0x1552000151d0
dgx-35:3927806:3928128 [1] NCCL INFO proxyProgressAsync opId=0x155213a97ae0 op.type=3 op.reqBuff=0x1552000151a0 op.respSize=80 done
dgx-35:3927806:3928128 [1] NCCL INFO Received and initiated operation=Setup res=0
dgx-35:3927806:3928092 [1] NCCL INFO ncclPollProxyResponse Received new opId=0x155213a97ae0
dgx-35:3927806:3928092 [1] NCCL INFO resp.opId=0x155213a97ae0 matches expected opId=0x155213a97ae0
dgx-35:3927806:3928092 [1] NCCL INFO Channel 01/0 : 1[1] -> 2[2] via P2P/CUMEM
dgx-35:3927806:3928128 [1] NCCL INFO New proxy send connection 9 from local rank 1, transport 0
dgx-35:3927806:3928128 [1] NCCL INFO proxyProgressAsync opId=0x155213a97ae0 op.type=1 op.reqBuff=0x1552000151a0 op.respSize=16 done
dgx-35:3927806:3928128 [1] NCCL INFO Received and initiated operation=Init res=0
dgx-35:3927806:3928092 [1] NCCL INFO ncclPollProxyResponse Received new opId=0x155213a97ae0
dgx-35:3927806:3928092 [1] NCCL INFO resp.opId=0x155213a97ae0 matches expected opId=0x155213a97ae0
dgx-35:3927806:3928092 [1] NCCL INFO Connected to proxy localRank 1 -> connection 0x1552000061e8
dgx-35:3927806:3928128 [1] NCCL INFO Allocated shareable buffer 0x155242c00000 size 2097152 ipcDesc 0x155200016870
dgx-35:3927806:3928128 [1] NCCL INFO proxyProgressAsync opId=0x155213a97ae0 op.type=3 op.reqBuff=0x155200016840 op.respSize=80 done
dgx-35:3927806:3928092 [1] NCCL INFO ncclPollProxyResponse Received new opId=0x155213a97ae0
dgx-35:3927806:3928128 [1] NCCL INFO Received and initiated operation=Setup res=0
dgx-35:3927806:3928092 [1] NCCL INFO resp.opId=0x155213a97ae0 matches expected opId=0x155213a97ae0
dgx-35:3927806:3928092 [1] NCCL INFO Channel 02/0 : 1[1] -> 2[2] via P2P/CUMEM
dgx-35:3927806:3928128 [1] NCCL INFO New proxy send connection 10 from local rank 1, transport 0
dgx-35:3927806:3928128 [1] NCCL INFO proxyProgressAsync opId=0x155213a97ae0 op.type=1 op.reqBuff=0x155200016840 op.respSize=16 done
dgx-35:3927806:3928128 [1] NCCL INFO Received and initiated operation=Init res=0
dgx-35:3927806:3928092 [1] NCCL INFO ncclPollProxyResponse Received new opId=0x155213a97ae0
dgx-35:3927806:3928092 [1] NCCL INFO resp.opId=0x155213a97ae0 matches expected opId=0x155213a97ae0
dgx-35:3927806:3928092 [1] NCCL INFO Connected to proxy localRank 1 -> connection 0x155200006260
dgx-35:3927806:3928128 [1] NCCL INFO Allocated shareable buffer 0x155242e00000 size 2097152 ipcDesc 0x155200017f10
dgx-35:3927806:3928128 [1] NCCL INFO proxyProgressAsync opId=0x155213a97ae0 op.type=3 op.reqBuff=0x155200017ee0 op.respSize=80 done
dgx-35:3927806:3928128 [1] NCCL INFO Received and initiated operation=Setup res=0
dgx-35:3927806:3928092 [1] NCCL INFO ncclPollProxyResponse Received new opId=0x155213a97ae0
dgx-35:3927806:3928092 [1] NCCL INFO resp.opId=0x155213a97ae0 matches expected opId=0x155213a97ae0
dgx-35:3927806:3928092 [1] NCCL INFO Channel 03/0 : 1[1] -> 2[2] via P2P/CUMEM
dgx-35:3927806:3928128 [1] NCCL INFO New proxy send connection 11 from local rank 1, transport 0
dgx-35:3927806:3928128 [1] NCCL INFO proxyProgressAsync opId=0x155213a97ae0 op.type=1 op.reqBuff=0x155200017ee0 op.respSize=16 done
dgx-35:3927806:3928128 [1] NCCL INFO Received and initiated operation=Init res=0
dgx-35:3927806:3928092 [1] NCCL INFO ncclPollProxyResponse Received new opId=0x155213a97ae0
dgx-35:3927806:3928092 [1] NCCL INFO resp.opId=0x155213a97ae0 matches expected opId=0x155213a97ae0
dgx-35:3927806:3928092 [1] NCCL INFO Connected to proxy localRank 1 -> connection 0x1552000062d8
dgx-35:3927806:3928128 [1] NCCL INFO Allocated shareable buffer 0x155243000000 size 2097152 ipcDesc 0x1552000195b0
dgx-35:3927806:3928128 [1] NCCL INFO proxyProgressAsync opId=0x155213a97ae0 op.type=3 op.reqBuff=0x155200019580 op.respSize=80 done
dgx-35:3927806:3928128 [1] NCCL INFO Received and initiated operation=Setup res=0
dgx-35:3927806:3928092 [1] NCCL INFO ncclPollProxyResponse Received new opId=0x155213a97ae0
dgx-35:3927806:3928092 [1] NCCL INFO resp.opId=0x155213a97ae0 matches expected opId=0x155213a97ae0
dgx-35:3927806:3928092 [1] NCCL INFO Channel 00/0 : 1[1] -> 0[0] via P2P/CUMEM
dgx-35:3927806:3928132 [1] NCCL INFO proxyUDSRecvReq::ncclProxyMsgGetFd rank 2 opId 0xe55303db5e36ae36 handle=0x155200015220
dgx-35:3927806:3928132 [1] NCCL INFO UDS proxyGetFd received handle 0x155200015220 peer 2 opId e55303db5e36ae36
dgx-35:3927806:3928128 [1] NCCL INFO New proxy send connection 12 from local rank 1, transport 0
dgx-35:3927806:3928128 [1] NCCL INFO proxyProgressAsync opId=0x155213a97ae0 op.type=1 op.reqBuff=0x155200019580 op.respSize=16 done
dgx-35:3927806:3928128 [1] NCCL INFO Received and initiated operation=Init res=0
dgx-35:3927806:3928092 [1] NCCL INFO ncclPollProxyResponse Received new opId=0x155213a97ae0
dgx-35:3927806:3928092 [1] NCCL INFO resp.opId=0x155213a97ae0 matches expected opId=0x155213a97ae0
dgx-35:3927806:3928092 [1] NCCL INFO Connected to proxy localRank 1 -> connection 0x155200006350
dgx-35:3927806:3928132 [1] NCCL INFO proxyUDSRecvReq::ncclProxyMsgGetFd rank 2 opId 0x2dbbef0c7b0a10aa handle=0x1552000168c0
dgx-35:3927806:3928132 [1] NCCL INFO UDS proxyGetFd received handle 0x1552000168c0 peer 2 opId 2dbbef0c7b0a10aa
dgx-35:3927806:3928132 [1] NCCL INFO proxyUDSRecvReq::ncclProxyMsgGetFd rank 2 opId 0x40470a4aa5c28e8a handle=0x155200017f60
dgx-35:3927806:3928132 [1] NCCL INFO UDS proxyGetFd received handle 0x155200017f60 peer 2 opId 40470a4aa5c28e8a
dgx-35:3927806:3928132 [1] NCCL INFO proxyUDSRecvReq::ncclProxyMsgGetFd rank 2 opId 0x4e4b6ed1b30cda2f handle=0x155200019600
dgx-35:3927806:3928132 [1] NCCL INFO UDS proxyGetFd received handle 0x155200019600 peer 2 opId 4e4b6ed1b30cda2f
dgx-35:3927806:3928128 [1] NCCL INFO Allocated shareable buffer 0x155243200000 size 2097152 ipcDesc 0x15520001ac50
dgx-35:3927806:3928128 [1] NCCL INFO proxyProgressAsync opId=0x155213a97ae0 op.type=3 op.reqBuff=0x15520001ac20 op.respSize=80 done
dgx-35:3927806:3928128 [1] NCCL INFO Received and initiated operation=Setup res=0
dgx-35:3927806:3928092 [1] NCCL INFO ncclPollProxyResponse Received new opId=0x155213a97ae0
dgx-35:3927806:3928092 [1] NCCL INFO resp.opId=0x155213a97ae0 matches expected opId=0x155213a97ae0
dgx-35:3927806:3928092 [1] NCCL INFO Channel 01/0 : 1[1] -> 0[0] via P2P/CUMEM
dgx-35:3927806:3928128 [1] NCCL INFO New proxy send connection 13 from local rank 1, transport 0
dgx-35:3927806:3928128 [1] NCCL INFO proxyProgressAsync opId=0x155213a97ae0 op.type=1 op.reqBuff=0x15520001ac20 op.respSize=16 done
dgx-35:3927806:3928092 [1] NCCL INFO ncclPollProxyResponse Received new opId=0x155213a97ae0
dgx-35:3927806:3928128 [1] NCCL INFO Received and initiated operation=Init res=0
dgx-35:3927806:3928092 [1] NCCL INFO resp.opId=0x155213a97ae0 matches expected opId=0x155213a97ae0
dgx-35:3927806:3928092 [1] NCCL INFO Connected to proxy localRank 1 -> connection 0x1552000063c8
dgx-35:3927806:3928128 [1] NCCL INFO Allocated shareable buffer 0x155243400000 size 2097152 ipcDesc 0x15520001c2f0
dgx-35:3927806:3928128 [1] NCCL INFO proxyProgressAsync opId=0x155213a97ae0 op.type=3 op.reqBuff=0x15520001c2c0 op.respSize=80 done
dgx-35:3927806:3928128 [1] NCCL INFO Received and initiated operation=Setup res=0
dgx-35:3927806:3928092 [1] NCCL INFO ncclPollProxyResponse Received new opId=0x155213a97ae0
dgx-35:3927806:3928092 [1] NCCL INFO resp.opId=0x155213a97ae0 matches expected opId=0x155213a97ae0
dgx-35:3927806:3928092 [1] NCCL INFO Channel 02/0 : 1[1] -> 0[0] via P2P/CUMEM
dgx-35:3927806:3928128 [1] NCCL INFO New proxy send connection 14 from local rank 1, transport 0
dgx-35:3927806:3928128 [1] NCCL INFO proxyProgressAsync opId=0x155213a97ae0 op.type=1 op.reqBuff=0x15520001c2c0 op.respSize=16 done
dgx-35:3927806:3928128 [1] NCCL INFO Received and initiated operation=Init res=0
dgx-35:3927806:3928092 [1] NCCL INFO ncclPollProxyResponse Received new opId=0x155213a97ae0
dgx-35:3927806:3928092 [1] NCCL INFO resp.opId=0x155213a97ae0 matches expected opId=0x155213a97ae0
dgx-35:3927806:3928092 [1] NCCL INFO Connected to proxy localRank 1 -> connection 0x155200006440
dgx-35:3927806:3928128 [1] NCCL INFO Allocated shareable buffer 0x155243600000 size 2097152 ipcDesc 0x15520001d990
dgx-35:3927806:3928128 [1] NCCL INFO proxyProgressAsync opId=0x155213a97ae0 op.type=3 op.reqBuff=0x15520001d960 op.respSize=80 done
dgx-35:3927806:3928092 [1] NCCL INFO ncclPollProxyResponse Received new opId=0x155213a97ae0
dgx-35:3927806:3928128 [1] NCCL INFO Received and initiated operation=Setup res=0
dgx-35:3927806:3928092 [1] NCCL INFO resp.opId=0x155213a97ae0 matches expected opId=0x155213a97ae0
dgx-35:3927806:3928092 [1] NCCL INFO Channel 03/0 : 1[1] -> 0[0] via P2P/CUMEM
dgx-35:3927806:3928128 [1] NCCL INFO New proxy send connection 15 from local rank 1, transport 0
dgx-35:3927806:3928128 [1] NCCL INFO proxyProgressAsync opId=0x155213a97ae0 op.type=1 op.reqBuff=0x15520001d960 op.respSize=16 done
dgx-35:3927806:3928092 [1] NCCL INFO ncclPollProxyResponse Received new opId=0x155213a97ae0
dgx-35:3927806:3928128 [1] NCCL INFO Received and initiated operation=Init res=0
dgx-35:3927806:3928092 [1] NCCL INFO resp.opId=0x155213a97ae0 matches expected opId=0x155213a97ae0
dgx-35:3927806:3928092 [1] NCCL INFO Connected to proxy localRank 1 -> connection 0x1552000064b8
dgx-35:3927806:3928128 [1] NCCL INFO Allocated shareable buffer 0x155243800000 size 2097152 ipcDesc 0x15520001f030
dgx-35:3927806:3928128 [1] NCCL INFO proxyProgressAsync opId=0x155213a97ae0 op.type=3 op.reqBuff=0x15520001f000 op.respSize=80 done
dgx-35:3927806:3928092 [1] NCCL INFO ncclPollProxyResponse Received new opId=0x155213a97ae0
dgx-35:3927806:3928128 [1] NCCL INFO Received and initiated operation=Setup res=0
dgx-35:3927806:3928092 [1] NCCL INFO resp.opId=0x155213a97ae0 matches expected opId=0x155213a97ae0
dgx-35:3927806:3928092 [1] NCCL INFO ProxyCall UDS comm 0x836e950 rank 1 tpRank 2(19269476ceb72aba) reqSize 8 respSize 0 respFd 0x15527c5b1d38 opId 0x42fc640a5dee918
dgx-35:3927806:3928092 [1] NCCL INFO ProxyCall UDS comm 0x836e950 rank 1 tpRank 2(19269476ceb72aba) reqSize 8 respSize 0 respFd 83 opId 0x42fc640a5dee918 - DONE
dgx-35:3927806:3928092 [1] NCCL INFO UDS: ClientGetFd handle 0x155200015220 tpRank 2 returned fd 83
dgx-35:3927806:3928092 [1] NCCL INFO UDS converted handle 0x155200015220 to fd 83 on remote peer 2
dgx-35:3927806:3928092 [1] NCCL INFO Imported shareable buffer device 1 size 10485760 ptr 0x155243a00000
dgx-35:3927806:3928092 [1] NCCL INFO ProxyCall UDS comm 0x836e950 rank 1 tpRank 0(2332cb032fd0904) reqSize 8 respSize 0 respFd 0x15527c5b0d08 opId 0x25cad5017194a622
dgx-35:3927806:3928092 [1] NCCL INFO ProxyCall UDS comm 0x836e950 rank 1 tpRank 0(2332cb032fd0904) reqSize 8 respSize 0 respFd 83 opId 0x25cad5017194a622 - DONE
dgx-35:3927806:3928092 [1] NCCL INFO UDS: ClientGetFd handle 0x154c1c297cb0 tpRank 0 returned fd 83
dgx-35:3927806:3928092 [1] NCCL INFO UDS converted handle 0x154c1c297cb0 to fd 83 on remote peer 0
dgx-35:3927806:3928132 [1] NCCL INFO proxyUDSRecvReq::ncclProxyMsgGetFd rank 0 opId 0x9be8f248d0fbab4a handle=0x15520000f720
dgx-35:3927806:3928132 [1] NCCL INFO UDS proxyGetFd received handle 0x15520000f720 peer 0 opId 9be8f248d0fbab4a
dgx-35:3927806:3928092 [1] NCCL INFO Imported shareable buffer device 1 size 2097152 ptr 0x155244400000
dgx-35:3927806:3928092 [1] NCCL INFO ProxyCall UDS comm 0x836e950 rank 1 tpRank 2(19269476ceb72aba) reqSize 8 respSize 0 respFd 0x15527c5b1d38 opId 0x9c3e3b81fe3cf904
dgx-35:3927806:3928092 [1] NCCL INFO ProxyCall UDS comm 0x836e950 rank 1 tpRank 2(19269476ceb72aba) reqSize 8 respSize 0 respFd 83 opId 0x9c3e3b81fe3cf904 - DONE
dgx-35:3927806:3928092 [1] NCCL INFO UDS: ClientGetFd handle 0x1552000168c0 tpRank 2 returned fd 83
dgx-35:3927806:3928092 [1] NCCL INFO UDS converted handle 0x1552000168c0 to fd 83 on remote peer 2
dgx-35:3927806:3928132 [1] NCCL INFO proxyUDSRecvReq::ncclProxyMsgGetFd rank 0 opId 0x9a111459d424480c handle=0x155200010e00
dgx-35:3927806:3928132 [1] NCCL INFO UDS proxyGetFd received handle 0x155200010e00 peer 0 opId 9a111459d424480c
dgx-35:3927806:3928092 [1] NCCL INFO Imported shareable buffer device 1 size 10485760 ptr 0x155244600000
dgx-35:3927806:3928092 [1] NCCL INFO ProxyCall UDS comm 0x836e950 rank 1 tpRank 0(2332cb032fd0904) reqSize 8 respSize 0 respFd 0x15527c5b0d08 opId 0x6be4d534f1087d4d
dgx-35:3927806:3928092 [1] NCCL INFO ProxyCall UDS comm 0x836e950 rank 1 tpRank 0(2332cb032fd0904) reqSize 8 respSize 0 respFd 83 opId 0x6be4d534f1087d4d - DONE
dgx-35:3927806:3928092 [1] NCCL INFO UDS: ClientGetFd handle 0x154c1c4513b0 tpRank 0 returned fd 83
dgx-35:3927806:3928092 [1] NCCL INFO UDS converted handle 0x154c1c4513b0 to fd 83 on remote peer 0
dgx-35:3927806:3928132 [1] NCCL INFO proxyUDSRecvReq::ncclProxyMsgGetFd rank 0 opId 0x14225791573aa23d handle=0x1552000124e0
dgx-35:3927806:3928132 [1] NCCL INFO UDS proxyGetFd received handle 0x1552000124e0 peer 0 opId 14225791573aa23d
dgx-35:3927806:3928092 [1] NCCL INFO Imported shareable buffer device 1 size 2097152 ptr 0x155245000000
dgx-35:3927806:3928092 [1] NCCL INFO ProxyCall UDS comm 0x836e950 rank 1 tpRank 2(19269476ceb72aba) reqSize 8 respSize 0 respFd 0x15527c5b1d38 opId 0x21feb71768b604d8
dgx-35:3927806:3928132 [1] NCCL INFO proxyUDSRecvReq::ncclProxyMsgGetFd rank 0 opId 0xdd4415e26600671b handle=0x155200013b80
dgx-35:3927806:3928132 [1] NCCL INFO UDS proxyGetFd received handle 0x155200013b80 peer 0 opId dd4415e26600671b
dgx-35:3927806:3928092 [1] NCCL INFO ProxyCall UDS comm 0x836e950 rank 1 tpRank 2(19269476ceb72aba) reqSize 8 respSize 0 respFd 83 opId 0x21feb71768b604d8 - DONE
dgx-35:3927806:3928092 [1] NCCL INFO UDS: ClientGetFd handle 0x155200017f60 tpRank 2 returned fd 83
dgx-35:3927806:3928092 [1] NCCL INFO UDS converted handle 0x155200017f60 to fd 83 on remote peer 2
dgx-35:3927806:3928092 [1] NCCL INFO Imported shareable buffer device 1 size 10485760 ptr 0x155245200000
dgx-35:3927806:3928092 [1] NCCL INFO ProxyCall UDS comm 0x836e950 rank 1 tpRank 0(2332cb032fd0904) reqSize 8 respSize 0 respFd 0x15527c5b0d08 opId 0x9ca14695a7d94622
dgx-35:3927806:3928092 [1] NCCL INFO ProxyCall UDS comm 0x836e950 rank 1 tpRank 0(2332cb032fd0904) reqSize 8 respSize 0 respFd 83 opId 0x9ca14695a7d94622 - DONE
dgx-35:3927806:3928092 [1] NCCL INFO UDS: ClientGetFd handle 0x154c1c06c7d0 tpRank 0 returned fd 83
dgx-35:3927806:3928092 [1] NCCL INFO UDS converted handle 0x154c1c06c7d0 to fd 83 on remote peer 0
dgx-35:3927806:3928092 [1] NCCL INFO Imported shareable buffer device 1 size 2097152 ptr 0x155245c00000
dgx-35:3927806:3928092 [1] NCCL INFO ProxyCall UDS comm 0x836e950 rank 1 tpRank 2(19269476ceb72aba) reqSize 8 respSize 0 respFd 0x15527c5b1d38 opId 0xcc2c3dae8466f58b
dgx-35:3927806:3928092 [1] NCCL INFO ProxyCall UDS comm 0x836e950 rank 1 tpRank 2(19269476ceb72aba) reqSize 8 respSize 0 respFd 83 opId 0xcc2c3dae8466f58b - DONE
dgx-35:3927806:3928092 [1] NCCL INFO UDS: ClientGetFd handle 0x155200019600 tpRank 2 returned fd 83
dgx-35:3927806:3928092 [1] NCCL INFO UDS converted handle 0x155200019600 to fd 83 on remote peer 2
dgx-35:3927806:3928092 [1] NCCL INFO Imported shareable buffer device 1 size 10485760 ptr 0x155245e00000
dgx-35:3927806:3928092 [1] NCCL INFO ProxyCall UDS comm 0x836e950 rank 1 tpRank 0(2332cb032fd0904) reqSize 8 respSize 0 respFd 0x15527c5b0d08 opId 0x3b349808e97b2f27
dgx-35:3927806:3928092 [1] NCCL INFO ProxyCall UDS comm 0x836e950 rank 1 tpRank 0(2332cb032fd0904) reqSize 8 respSize 0 respFd 83 opId 0x3b349808e97b2f27 - DONE
dgx-35:3927806:3928092 [1] NCCL INFO UDS: ClientGetFd handle 0x154c1c03e250 tpRank 0 returned fd 83
dgx-35:3927806:3928092 [1] NCCL INFO UDS converted handle 0x154c1c03e250 to fd 83 on remote peer 0
dgx-35:3927806:3928132 [1] NCCL INFO proxyUDSRecvReq::ncclProxyMsgGetFd rank 0 opId 0x50c0e79f70e6898d handle=0x15520001aca0
dgx-35:3927806:3928132 [1] NCCL INFO UDS proxyGetFd received handle 0x15520001aca0 peer 0 opId 50c0e79f70e6898d
dgx-35:3927806:3928092 [1] NCCL INFO Imported shareable buffer device 1 size 2097152 ptr 0x155246800000
dgx-35:3927806:3928092 [1] NCCL INFO ProxyCall UDS comm 0x836e950 rank 1 tpRank 0(2332cb032fd0904) reqSize 8 respSize 0 respFd 0x15527c5b1d38 opId 0x46672ea236718406
dgx-35:3927806:3928092 [1] NCCL INFO ProxyCall UDS comm 0x836e950 rank 1 tpRank 0(2332cb032fd0904) reqSize 8 respSize 0 respFd 83 opId 0x46672ea236718406 - DONE
dgx-35:3927806:3928092 [1] NCCL INFO UDS: ClientGetFd handle 0x154c1c09c0a0 tpRank 0 returned fd 83
dgx-35:3927806:3928092 [1] NCCL INFO UDS converted handle 0x154c1c09c0a0 to fd 83 on remote peer 0
dgx-35:3927806:3928132 [1] NCCL INFO proxyUDSRecvReq::ncclProxyMsgGetFd rank 0 opId 0xbac6c8d3694126fc handle=0x15520001c340
dgx-35:3927806:3928132 [1] NCCL INFO UDS proxyGetFd received handle 0x15520001c340 peer 0 opId bac6c8d3694126fc
dgx-35:3927806:3928092 [1] NCCL INFO Imported shareable buffer device 1 size 10485760 ptr 0x155246a00000
dgx-35:3927806:3928092 [1] NCCL INFO ProxyCall UDS comm 0x836e950 rank 1 tpRank 0(2332cb032fd0904) reqSize 8 respSize 0 respFd 0x15527c5b1d38 opId 0x876acbd35d8cfaaf
dgx-35:3927806:3928092 [1] NCCL INFO ProxyCall UDS comm 0x836e950 rank 1 tpRank 0(2332cb032fd0904) reqSize 8 respSize 0 respFd 83 opId 0x876acbd35d8cfaaf - DONE
dgx-35:3927806:3928092 [1] NCCL INFO UDS: ClientGetFd handle 0x154c1c069120 tpRank 0 returned fd 83
dgx-35:3927806:3928092 [1] NCCL INFO UDS converted handle 0x154c1c069120 to fd 83 on remote peer 0
dgx-35:3927806:3928132 [1] NCCL INFO proxyUDSRecvReq::ncclProxyMsgGetFd rank 0 opId 0xe1985f8e5e4024b5 handle=0x15520001d9e0
dgx-35:3927806:3928132 [1] NCCL INFO UDS proxyGetFd received handle 0x15520001d9e0 peer 0 opId e1985f8e5e4024b5
dgx-35:3927806:3928092 [1] NCCL INFO Imported shareable buffer device 1 size 10485760 ptr 0x155247400000
dgx-35:3927806:3928092 [1] NCCL INFO ProxyCall UDS comm 0x836e950 rank 1 tpRank 0(2332cb032fd0904) reqSize 8 respSize 0 respFd 0x15527c5b1d38 opId 0x145b12c130576b44
dgx-35:3927806:3928092 [1] NCCL INFO ProxyCall UDS comm 0x836e950 rank 1 tpRank 0(2332cb032fd0904) reqSize 8 respSize 0 respFd 83 opId 0x145b12c130576b44 - DONE
dgx-35:3927806:3928092 [1] NCCL INFO UDS: ClientGetFd handle 0x154c1c0f5c50 tpRank 0 returned fd 83
dgx-35:3927806:3928092 [1] NCCL INFO UDS converted handle 0x154c1c0f5c50 to fd 83 on remote peer 0
dgx-35:3927806:3928092 [1] NCCL INFO Imported shareable buffer device 1 size 10485760 ptr 0x155247e00000
dgx-35:3927806:3928092 [1] NCCL INFO ProxyCall UDS comm 0x836e950 rank 1 tpRank 0(2332cb032fd0904) reqSize 8 respSize 0 respFd 0x15527c5b1d38 opId 0xba68c15ae3047b3c
dgx-35:3927806:3928092 [1] NCCL INFO ProxyCall UDS comm 0x836e950 rank 1 tpRank 0(2332cb032fd0904) reqSize 8 respSize 0 respFd 83 opId 0xba68c15ae3047b3c - DONE
dgx-35:3927806:3928092 [1] NCCL INFO UDS: ClientGetFd handle 0x154c1c1d12f0 tpRank 0 returned fd 83
dgx-35:3927806:3928092 [1] NCCL INFO UDS converted handle 0x154c1c1d12f0 to fd 83 on remote peer 0
dgx-35:3927806:3928092 [1] NCCL INFO Imported shareable buffer device 1 size 10485760 ptr 0x155248800000
dgx-35:3927806:3928132 [1] NCCL INFO proxyUDSRecvReq::ncclProxyMsgGetFd rank 0 opId 0x8005fe471704e471 handle=0x15520001f080
dgx-35:3927806:3928132 [1] NCCL INFO UDS proxyGetFd received handle 0x15520001f080 peer 0 opId 8005fe471704e471
dgx-35:3927806:3928092 [1] NCCL INFO Connected all trees
dgx-35:3927806:3928092 [1] NCCL INFO threadThresholds 8/8/64 | 64/8/64 | 512 | 512
dgx-35:3927806:3928092 [1] NCCL INFO 4 coll channels, 4 collnet channels, 0 nvls channels, 4 p2p channels, 2 p2p channels per peer
dgx-35:3927806:3928128 [1] NCCL INFO Allocated 7340388 bytes of shared memory in /dev/shm/nccl-VemSDY
dgx-35:3927806:3928128 [1] NCCL INFO New proxy send connection 16 from local rank 1, transport 2
dgx-35:3927806:3928128 [1] NCCL INFO proxyProgressAsync opId=0x155213a97ae0 op.type=1 op.reqBuff=0x15520001f000 op.respSize=16 done
dgx-35:3927806:3928128 [1] NCCL INFO Received and initiated operation=Init res=0
dgx-35:3927806:3928092 [1] NCCL INFO ncclPollProxyResponse Received new opId=0x155213a97ae0
dgx-35:3927806:3928092 [1] NCCL INFO resp.opId=0x155213a97ae0 matches expected opId=0x155213a97ae0
dgx-35:3927806:3928092 [1] NCCL INFO Connected to proxy localRank 1 -> connection 0x155200006530
dgx-35:3927806:3928128 [1] NCCL INFO Allocated shareable buffer 0x155249200000 size 8388608 ipcDesc 0x1552000209b8
dgx-35:3927806:3928128 [1] NCCL INFO proxyProgressAsync opId=0x155213a97ae0 op.type=2 op.reqBuff=0x1552000206a0 op.respSize=0 done
dgx-35:3927806:3928128 [1] NCCL INFO Received and initiated operation=SharedInit res=0
dgx-35:3927806:3928092 [1] NCCL INFO ncclPollProxyResponse Received new opId=0x155213a97ae0
dgx-35:3927806:3928092 [1] NCCL INFO resp.opId=0x155213a97ae0 matches expected opId=0x155213a97ae0
dgx-35:3927806:3928092 [1] NCCL INFO GPU Direct RDMA Enabled for GPU 43000 / HCA 0 (distance 4 <= 6), read 1
dgx-35:3927806:3928092 [1] NCCL INFO Mem Realloc old size 0, new size 4 pointer 0x155213a97ae0
dgx-35:3927806:3928092 [1] NCCL INFO GPU Direct RDMA Enabled for GPU 43000 / HCA 0 (distance 4 <= 6), read 1
dgx-35:3927806:3928092 [1] NCCL INFO GPU Direct RDMA Enabled for GPU 43000 / HCA 0 (distance 4 <= 6), read 1
dgx-35:3927806:3928092 [1] NCCL INFO GPU Direct RDMA Enabled for GPU 43000 / HCA 0 (distance 4 <= 6), read 1
dgx-35:3927806:3928092 [1] NCCL INFO GPU Direct RDMA Enabled for GPU 43000 / HCA 0 (distance 4 <= 6), read 1
dgx-35:3927806:3928092 [1] NCCL INFO GPU Direct RDMA Enabled for GPU 43000 / HCA 0 (distance 4 <= 6), read 1
dgx-35:3927806:3928092 [1] NCCL INFO GPU Direct RDMA Enabled for GPU 43000 / HCA 0 (distance 4 <= 6), read 1
dgx-35:3927806:3928092 [1] NCCL INFO GPU Direct RDMA Enabled for GPU 43000 / HCA 0 (distance 4 <= 6), read 1
dgx-35:3927806:3928092 [1] NCCL INFO ncclPollProxyResponse Received new opId=0x155213c21a50
dgx-35:3927806:3928092 [1] NCCL INFO resp.opId=0x155213c21a50 matches expected opId=0x155213c21a50
