[rank4]:[W105 09:14:19.538043415 ProcessGroupNCCL.cpp:4115] [PG ID 0 PG GUID 0 Rank 4]  using GPU 0 to perform barrier as devices used by this process are currently unknown. This can potentially cause a hang if this rank to GPU mapping is incorrect.Specify device_ids in barrier() to force use of a particular device,or call init_process_group() with a device_id.
dgx-48:665541:665541 [0] NCCL INFO cudaDriverVersion 12020
dgx-48:665541:665541 [0] NCCL INFO Bootstrap : Using ibp24s0:10.23.1.133<0>
dgx-48:665541:665541 [0] NCCL INFO NET/Plugin: No plugin found (libnccl-net.so)
dgx-48:665541:665541 [0] NCCL INFO NET/Plugin: Plugin load returned 2 : libnccl-net.so: cannot open shared object file: No such file or directory : when loading libnccl-net.so
dgx-48:665541:665541 [0] NCCL INFO NET/Plugin: Using internal network plugin.
dgx-48:665541:665541 [0] NCCL INFO init.cc:1785 Cuda Host Alloc Size 4 pointer 0x155235600000
dgx-48:665541:666161 [0] NCCL INFO NCCL_IB_DISABLE set by environment to 0.
dgx-48:665541:666161 [0] NCCL INFO NCCL_IB_HCA set to mlx5_0
dgx-48:665541:666161 [0] NCCL INFO NET/IB : Using [0]mlx5_0:1/IB [RO]; OOB ibp24s0:10.23.1.133<0>
dgx-48:665541:666161 [0] NCCL INFO Using non-device net plugin version 0
dgx-48:665541:666161 [0] NCCL INFO Using network IB
dgx-48:665541:666161 [0] NCCL INFO ncclCommInitRank comm 0x836c630 rank 4 nranks 8 cudaDev 0 nvmlDev 0 busId 1b000 commId 0x79fd8d69287cf8fe - Init START
dgx-48:665541:666161 [0] NCCL INFO NET/IB : GPU Direct RDMA Enabled for HCA 0 'mlx5_0'
dgx-48:665541:666161 [0] NCCL INFO NCCL_NET_GDR_LEVEL set by environment to PHB
dgx-48:665541:666161 [0] NCCL INFO GPU Direct RDMA Enabled for GPU 1b000 / HCA 0 (distance 4 <= 6), read 0
dgx-48:665541:666161 [0] NCCL INFO GPU Direct RDMA Enabled for GPU 43000 / HCA 0 (distance 4 <= 6), read 0
dgx-48:665541:666161 [0] NCCL INFO GPU Direct RDMA Enabled for GPU 52000 / HCA 0 (distance 4 <= 6), read 0
dgx-48:665541:666161 [0] NCCL INFO GPU Direct RDMA Enabled for GPU 61000 / HCA 0 (distance 4 <= 6), read 0
dgx-48:665541:666161 [0] NCCL INFO GPU Direct RDMA Enabled for GPU 1b000 / HCA 0 (distance 4 <= 6), read 0
dgx-48:665541:666161 [0] NCCL INFO GPU Direct RDMA Enabled for GPU 43000 / HCA 0 (distance 4 <= 6), read 0
dgx-48:665541:666161 [0] NCCL INFO GPU Direct RDMA Enabled for GPU 52000 / HCA 0 (distance 4 <= 6), read 0
dgx-48:665541:666161 [0] NCCL INFO GPU Direct RDMA Enabled for GPU 61000 / HCA 0 (distance 4 <= 6), read 0
dgx-48:665541:666161 [0] NCCL INFO === System : maxBw 48.0 totalBw 164.8 ===
dgx-48:665541:666161 [0] NCCL INFO CPU/0-0 (1/1/2)
dgx-48:665541:666161 [0] NCCL INFO + PCI[48.0] - PCI/0-16000 (15b3197900000000)
dgx-48:665541:666161 [0] NCCL INFO               + PCI[48.0] - NIC/0-18000
dgx-48:665541:666161 [0] NCCL INFO                             + NET[50.0] - NET/0 (b408ff0003ae6d94/1/50.000000)
dgx-48:665541:666161 [0] NCCL INFO               + PCI[48.0] - PCI/0-19000 (15b3197900000000)
dgx-48:665541:666161 [0] NCCL INFO                             + PCI[48.0] - GPU/0-1b000 (4)
dgx-48:665541:666161 [0] NCCL INFO                                           + NVL[164.8] - NVS/0
dgx-48:665541:666161 [0] NCCL INFO + PCI[48.0] - PCI/0-3e000 (15b3197900000000)
dgx-48:665541:666161 [0] NCCL INFO               + PCI[48.0] - PCI/0-41000 (15b3197900000000)
dgx-48:665541:666161 [0] NCCL INFO                             + PCI[48.0] - GPU/0-43000 (5)
dgx-48:665541:666161 [0] NCCL INFO                                           + NVL[164.8] - NVS/0
dgx-48:665541:666161 [0] NCCL INFO + PCI[48.0] - PCI/0-4d000 (15b3197900000000)
dgx-48:665541:666161 [0] NCCL INFO               + PCI[48.0] - PCI/0-50000 (15b3197900000000)
dgx-48:665541:666161 [0] NCCL INFO                             + PCI[48.0] - GPU/0-52000 (6)
dgx-48:665541:666161 [0] NCCL INFO                                           + NVL[164.8] - NVS/0
dgx-48:665541:666161 [0] NCCL INFO + PCI[48.0] - PCI/0-5c000 (15b3197900000000)
dgx-48:665541:666161 [0] NCCL INFO               + PCI[48.0] - PCI/0-5f000 (15b3197900000000)
dgx-48:665541:666161 [0] NCCL INFO                             + PCI[48.0] - GPU/0-61000 (7)
dgx-48:665541:666161 [0] NCCL INFO                                           + NVL[164.8] - NVS/0
dgx-48:665541:666161 [0] NCCL INFO ==========================================
dgx-48:665541:666161 [0] NCCL INFO GPU/1B000 :GPU/0-1b000 (0/5000.0/LOC) GPU/0-43000 (2/164.8/NVL) GPU/0-52000 (2/164.8/NVL) GPU/0-61000 (2/164.8/NVL) NVS/0-0 (1/164.8/NVL) CPU/0-0 (3/48.0/PHB) NET/0-0 (4/48.0/PXB) 
dgx-48:665541:666161 [0] NCCL INFO GPU/43000 :GPU/0-1b000 (2/164.8/NVL) GPU/0-43000 (0/5000.0/LOC) GPU/0-52000 (2/164.8/NVL) GPU/0-61000 (2/164.8/NVL) NVS/0-0 (1/164.8/NVL) CPU/0-0 (3/48.0/PHB) NET/0-0 (6/48.0/PXN) 
dgx-48:665541:666161 [0] NCCL INFO GPU/52000 :GPU/0-1b000 (2/164.8/NVL) GPU/0-43000 (2/164.8/NVL) GPU/0-52000 (0/5000.0/LOC) GPU/0-61000 (2/164.8/NVL) NVS/0-0 (1/164.8/NVL) CPU/0-0 (3/48.0/PHB) NET/0-0 (6/48.0/PXN) 
dgx-48:665541:666161 [0] NCCL INFO GPU/61000 :GPU/0-1b000 (2/164.8/NVL) GPU/0-43000 (2/164.8/NVL) GPU/0-52000 (2/164.8/NVL) GPU/0-61000 (0/5000.0/LOC) NVS/0-0 (1/164.8/NVL) CPU/0-0 (3/48.0/PHB) NET/0-0 (6/48.0/PXN) 
dgx-48:665541:666161 [0] NCCL INFO NET/0 :GPU/0-1b000 (4/48.0/PXB) GPU/0-43000 (6/48.0/PHB) GPU/0-52000 (6/48.0/PHB) GPU/0-61000 (6/48.0/PHB) CPU/0-0 (3/48.0/PHB) NET/0-0 (0/5000.0/LOC) 
dgx-48:665541:666161 [0] NCCL INFO Setting affinity for GPU 0 to 030000,00000000,00000000,00000003
dgx-48:665541:666161 [0] NCCL INFO Pattern 4, crossNic 0, nChannels 2, bw 24.000000/24.000000, type NVL/PXN, sameChannels 1
dgx-48:665541:666161 [0] NCCL INFO  0 : NET/0 GPU/4 GPU/7 GPU/6 GPU/5 NET/0
dgx-48:665541:666161 [0] NCCL INFO  1 : NET/0 GPU/4 GPU/7 GPU/6 GPU/5 NET/0
dgx-48:665541:666161 [0] NCCL INFO Pattern 3, crossNic 0, nChannels 2, bw 48.000000/24.000000, type NVL/PXB, sameChannels 1
dgx-48:665541:666161 [0] NCCL INFO  0 : NET/0 GPU/4 GPU/5 GPU/6 GPU/7 NET/0
dgx-48:665541:666161 [0] NCCL INFO  1 : NET/0 GPU/4 GPU/5 GPU/6 GPU/7 NET/0
dgx-48:665541:666161 [0] NCCL INFO comm 0x836c630 rank 4 nRanks 8 nNodes 2 localRanks 4 localRank 0 MNNVL 0
dgx-48:665541:666161 [0] NCCL INFO Tree 0 : 0 -> 4 -> 5/-1/-1
dgx-48:665541:666161 [0] NCCL INFO Tree 2 : -1 -> 4 -> 5/0/-1
dgx-48:665541:666161 [0] NCCL INFO Tree 1 : 0 -> 4 -> 5/-1/-1
dgx-48:665541:666161 [0] NCCL INFO Tree 3 : -1 -> 4 -> 5/0/-1
dgx-48:665541:666161 [0] NCCL INFO Ring 00 : 1 -> 4 -> 7
dgx-48:665541:666161 [0] NCCL INFO Ring 01 : 1 -> 4 -> 7
dgx-48:665541:666161 [0] NCCL INFO Ring 02 : 1 -> 4 -> 7
dgx-48:665541:666161 [0] NCCL INFO Ring 03 : 1 -> 4 -> 7
dgx-48:665541:666161 [0] NCCL INFO Trees [0] 5/-1/-1->4->0 [1] 5/-1/-1->4->0 [2] 5/0/-1->4->-1 [3] 5/0/-1->4->-1
dgx-48:665541:666161 [0] NCCL INFO P2P Chunksize set to 131072
dgx-48:665541:666161 [0] NCCL INFO UDS: Creating service thread comm 0x836c630 rank 4
dgx-48:665541:666161 [0] NCCL INFO misc/utils.cc:235 memory stack hunk malloc(65536)
dgx-48:665541:666161 [0] NCCL INFO channel.cc:41 Cuda Alloc Size 4864 pointer 0x155239200000
dgx-48:665541:666161 [0] NCCL INFO channel.cc:44 Cuda Alloc Size 104 pointer 0x155239400000
dgx-48:665541:666161 [0] NCCL INFO channel.cc:55 Cuda Alloc Size 32 pointer 0x155239600000
dgx-48:665541:666161 [0] NCCL INFO channel.cc:41 Cuda Alloc Size 4864 pointer 0x155239800000
dgx-48:665541:666161 [0] NCCL INFO channel.cc:44 Cuda Alloc Size 104 pointer 0x155239a00000
dgx-48:665541:666161 [0] NCCL INFO channel.cc:55 Cuda Alloc Size 32 pointer 0x155239c00000
dgx-48:665541:666161 [0] NCCL INFO channel.cc:41 Cuda Alloc Size 4864 pointer 0x155239e00000
dgx-48:665541:666161 [0] NCCL INFO channel.cc:44 Cuda Alloc Size 104 pointer 0x15523a000000
dgx-48:665541:666161 [0] NCCL INFO channel.cc:55 Cuda Alloc Size 32 pointer 0x15523a200000
dgx-48:665541:666161 [0] NCCL INFO channel.cc:41 Cuda Alloc Size 4864 pointer 0x15523a400000
dgx-48:665541:666161 [0] NCCL INFO channel.cc:44 Cuda Alloc Size 104 pointer 0x15523a600000
dgx-48:665541:666161 [0] NCCL INFO channel.cc:55 Cuda Alloc Size 32 pointer 0x15523a800000
dgx-48:665541:666161 [0] NCCL INFO GPU Direct RDMA Enabled for GPU 1b000 / HCA 0 (distance 4 <= 6), read 0
dgx-48:665541:666174 [0] NCCL INFO Mem Realloc old size 0, new size 8 pointer 0x155200002f10
dgx-48:665541:666174 [0] NCCL INFO Allocated 7340388 bytes of shared memory in /dev/shm/nccl-omCsqG
dgx-48:665541:666174 [0] NCCL INFO New proxy recv connection 0 from local rank 0, transport 2
dgx-48:665541:666174 [0] NCCL INFO proxyProgressAsync opId=0x155213a97a80 op.type=1 op.reqBuff=0x155200002ed0 op.respSize=16 done
dgx-48:665541:666161 [0] NCCL INFO ncclPollProxyResponse Received new opId=0x155213a97a80
dgx-48:665541:666161 [0] NCCL INFO resp.opId=0x155213a97a80 matches expected opId=0x155213a97a80
dgx-48:665541:666174 [0] NCCL INFO Received and initiated operation=Init res=0
dgx-48:665541:666161 [0] NCCL INFO Connected to proxy localRank 0 -> connection 0x155200005db0
dgx-48:665541:666174 [0] NCCL INFO proxyProgressAsync opId=0x155213a97a80 op.type=3 op.reqBuff=0x155200009cd0 op.respSize=128 done
dgx-48:665541:666174 [0] NCCL INFO Received and initiated operation=Setup res=0
dgx-48:665541:666174 [0] NCCL INFO New proxy send connection 1 from local rank 1, transport 2
dgx-48:665541:666174 [0] NCCL INFO proxyProgressAsync opId=0x155213a97a80 op.type=1 op.reqBuff=0x15520000f160 op.respSize=16 done
dgx-48:665541:666174 [0] NCCL INFO Received and initiated operation=Init res=0
dgx-48:665541:666161 [0] NCCL INFO ncclPollProxyResponse Received new opId=0x155213a97a80
dgx-48:665541:666161 [0] NCCL INFO resp.opId=0x155213a97a80 matches expected opId=0x155213a97a80
dgx-48:665541:666161 [0] NCCL INFO Channel 00/0 : 1[1] -> 4[0] [receive] via NET/IB/0/GDRDMA
dgx-48:665541:666161 [0] NCCL INFO GPU Direct RDMA Enabled for GPU 1b000 / HCA 0 (distance 4 <= 6), read 0
dgx-48:665541:666174 [0] NCCL INFO New proxy recv connection 2 from local rank 0, transport 2
dgx-48:665541:666174 [0] NCCL INFO proxyProgressAsync opId=0x155213a97a80 op.type=1 op.reqBuff=0x15520000f1e0 op.respSize=16 done
dgx-48:665541:666161 [0] NCCL INFO ncclPollProxyResponse Received new opId=0x155213a97a80
dgx-48:665541:666174 [0] NCCL INFO Received and initiated operation=Init res=0
dgx-48:665541:666161 [0] NCCL INFO resp.opId=0x155213a97a80 matches expected opId=0x155213a97a80
dgx-48:665541:666161 [0] NCCL INFO Connected to proxy localRank 0 -> connection 0x155200005ea0
dgx-48:665541:666174 [0] NCCL INFO proxyProgressAsync opId=0x155213a97a80 op.type=3 op.reqBuff=0x15520000f260 op.respSize=0 done
dgx-48:665541:666174 [0] NCCL INFO Received and initiated operation=Setup res=0
dgx-48:665541:666174 [0] NCCL INFO proxyProgressAsync opId=0x155213a97a80 op.type=3 op.reqBuff=0x1552000145c0 op.respSize=128 done
dgx-48:665541:666161 [0] NCCL INFO ncclPollProxyResponse Received new opId=0x155213a97a80
dgx-48:665541:666174 [0] NCCL INFO Received and initiated operation=Setup res=0
dgx-48:665541:666161 [0] NCCL INFO resp.opId=0x155213a97a80 matches expected opId=0x155213a97a80
dgx-48:665541:666161 [0] NCCL INFO Channel 01/0 : 1[1] -> 4[0] [receive] via NET/IB/0/GDRDMA
dgx-48:665541:666161 [0] NCCL INFO GPU Direct RDMA Enabled for GPU 1b000 / HCA 0 (distance 4 <= 6), read 0
dgx-48:665541:666174 [0] NCCL INFO New proxy recv connection 3 from local rank 0, transport 2
dgx-48:665541:666174 [0] NCCL INFO proxyProgressAsync opId=0x155213a97a80 op.type=1 op.reqBuff=0x155200019a50 op.respSize=16 done
dgx-48:665541:666161 [0] NCCL INFO ncclPollProxyResponse Received new opId=0x155213a97a80
dgx-48:665541:666174 [0] NCCL INFO Received and initiated operation=Init res=0
dgx-48:665541:666161 [0] NCCL INFO resp.opId=0x155213a97a80 matches expected opId=0x155213a97a80
dgx-48:665541:666161 [0] NCCL INFO Connected to proxy localRank 0 -> connection 0x155200005f18
dgx-48:665541:666174 [0] NCCL INFO New proxy send connection 4 from local rank 1, transport 2
dgx-48:665541:666174 [0] NCCL INFO proxyProgressAsync opId=0x155213a97a80 op.type=1 op.reqBuff=0x155200019a70 op.respSize=16 done
dgx-48:665541:666174 [0] NCCL INFO Received and initiated operation=Init res=0
dgx-48:665541:666174 [0] NCCL INFO proxyProgressAsync opId=0x155213a97a80 op.type=3 op.reqBuff=0x155200019af0 op.respSize=128 done
dgx-48:665541:666161 [0] NCCL INFO ncclPollProxyResponse Received new opId=0x155213a97a80
dgx-48:665541:666174 [0] NCCL INFO Received and initiated operation=Setup res=0
dgx-48:665541:666161 [0] NCCL INFO resp.opId=0x155213a97a80 matches expected opId=0x155213a97a80
dgx-48:665541:666161 [0] NCCL INFO Channel 02/0 : 1[1] -> 4[0] [receive] via NET/IB/0/GDRDMA
dgx-48:665541:666161 [0] NCCL INFO GPU Direct RDMA Enabled for GPU 1b000 / HCA 0 (distance 4 <= 6), read 0
dgx-48:665541:666174 [0] NCCL INFO proxyProgressAsync opId=0x155213a97a80 op.type=3 op.reqBuff=0x15520001ef40 op.respSize=0 done
dgx-48:665541:666174 [0] NCCL INFO Received and initiated operation=Setup res=0
dgx-48:665541:666174 [0] NCCL INFO New proxy recv connection 5 from local rank 0, transport 2
dgx-48:665541:666174 [0] NCCL INFO proxyProgressAsync opId=0x155213a97a80 op.type=1 op.reqBuff=0x155200019ad0 op.respSize=16 done
dgx-48:665541:666161 [0] NCCL INFO ncclPollProxyResponse Received new opId=0x155213a97a80
dgx-48:665541:666174 [0] NCCL INFO Received and initiated operation=Init res=0
dgx-48:665541:666161 [0] NCCL INFO resp.opId=0x155213a97a80 matches expected opId=0x155213a97a80
dgx-48:665541:666161 [0] NCCL INFO Connected to proxy localRank 0 -> connection 0x155200006008
dgx-48:665541:666174 [0] NCCL INFO New proxy send connection 6 from local rank 1, transport 2
dgx-48:665541:666174 [0] NCCL INFO proxyProgressAsync opId=0x155213a97a80 op.type=1 op.reqBuff=0x155200019a70 op.respSize=16 done
dgx-48:665541:666174 [0] NCCL INFO Received and initiated operation=Init res=0
dgx-48:665541:666174 [0] NCCL INFO proxyProgressAsync opId=0x155213a97a80 op.type=3 op.reqBuff=0x155200024260 op.respSize=128 done
dgx-48:665541:666161 [0] NCCL INFO ncclPollProxyResponse Received new opId=0x155213a97a80
dgx-48:665541:666174 [0] NCCL INFO Received and initiated operation=Setup res=0
dgx-48:665541:666161 [0] NCCL INFO resp.opId=0x155213a97a80 matches expected opId=0x155213a97a80
dgx-48:665541:666161 [0] NCCL INFO Channel 03/0 : 1[1] -> 4[0] [receive] via NET/IB/0/GDRDMA
dgx-48:665541:666174 [0] NCCL INFO proxyProgressAsync opId=0x155213a97a80 op.type=3 op.reqBuff=0x1552000296b0 op.respSize=0 done
dgx-48:665541:666174 [0] NCCL INFO Received and initiated operation=Setup res=0
dgx-48:665541:666161 [0] NCCL INFO Channel 00/0 : 4[0] -> 7[3] via P2P/CUMEM
dgx-48:665541:666174 [0] NCCL INFO New proxy send connection 7 from local rank 0, transport 0
dgx-48:665541:666174 [0] NCCL INFO proxyProgressAsync opId=0x155213a97a80 op.type=1 op.reqBuff=0x155200019ad0 op.respSize=16 done
dgx-48:665541:666161 [0] NCCL INFO ncclPollProxyResponse Received new opId=0x155213a97a80
dgx-48:665541:666174 [0] NCCL INFO Received and initiated operation=Init res=0
dgx-48:665541:666161 [0] NCCL INFO resp.opId=0x155213a97a80 matches expected opId=0x155213a97a80
dgx-48:665541:666161 [0] NCCL INFO Connected to proxy localRank 0 -> connection 0x1552000060f8
dgx-48:665541:666174 [0] NCCL INFO New proxy send connection 8 from local rank 1, transport 2
dgx-48:665541:666174 [0] NCCL INFO proxyProgressAsync opId=0x155213a97a80 op.type=1 op.reqBuff=0x155200019a70 op.respSize=16 done
dgx-48:665541:666174 [0] NCCL INFO Received and initiated operation=Init res=0
dgx-48:665541:666174 [0] NCCL INFO Allocated shareable buffer 0x15523aa00000 size 2097152 ipcDesc 0x15520002e9e0
dgx-48:665541:666174 [0] NCCL INFO proxyProgressAsync opId=0x155213a97a80 op.type=3 op.reqBuff=0x155200019ad0 op.respSize=80 done
dgx-48:665541:666161 [0] NCCL INFO ncclPollProxyResponse Received new opId=0x155213a97a80
dgx-48:665541:666174 [0] NCCL INFO Received and initiated operation=Setup res=0
dgx-48:665541:666161 [0] NCCL INFO resp.opId=0x155213a97a80 matches expected opId=0x155213a97a80
dgx-48:665541:666161 [0] NCCL INFO Channel 01/0 : 4[0] -> 7[3] via P2P/CUMEM
dgx-48:665541:666174 [0] NCCL INFO proxyProgressAsync opId=0x155213a97a80 op.type=3 op.reqBuff=0x1552000300b0 op.respSize=0 done
dgx-48:665541:666174 [0] NCCL INFO Received and initiated operation=Setup res=0
dgx-48:665541:666174 [0] NCCL INFO New proxy send connection 9 from local rank 0, transport 0
dgx-48:665541:666174 [0] NCCL INFO proxyProgressAsync opId=0x155213a97a80 op.type=1 op.reqBuff=0x155200019ad0 op.respSize=16 done
dgx-48:665541:666161 [0] NCCL INFO ncclPollProxyResponse Received new opId=0x155213a97a80
dgx-48:665541:666174 [0] NCCL INFO Received and initiated operation=Init res=0
dgx-48:665541:666161 [0] NCCL INFO resp.opId=0x155213a97a80 matches expected opId=0x155213a97a80
dgx-48:665541:666161 [0] NCCL INFO Connected to proxy localRank 0 -> connection 0x1552000061e8
dgx-48:665541:666174 [0] NCCL INFO Allocated shareable buffer 0x15523ac00000 size 2097152 ipcDesc 0x155200035400
dgx-48:665541:666174 [0] NCCL INFO proxyProgressAsync opId=0x155213a97a80 op.type=3 op.reqBuff=0x1552000353d0 op.respSize=80 done
dgx-48:665541:666161 [0] NCCL INFO ncclPollProxyResponse Received new opId=0x155213a97a80
dgx-48:665541:666174 [0] NCCL INFO Received and initiated operation=Setup res=0
dgx-48:665541:666161 [0] NCCL INFO resp.opId=0x155213a97a80 matches expected opId=0x155213a97a80
dgx-48:665541:666161 [0] NCCL INFO Channel 02/0 : 4[0] -> 7[3] via P2P/CUMEM
dgx-48:665541:666174 [0] NCCL INFO New proxy send connection 10 from local rank 0, transport 0
dgx-48:665541:666174 [0] NCCL INFO proxyProgressAsync opId=0x155213a97a80 op.type=1 op.reqBuff=0x1552000353d0 op.respSize=16 done
dgx-48:665541:666174 [0] NCCL INFO Received and initiated operation=Init res=0
dgx-48:665541:666161 [0] NCCL INFO ncclPollProxyResponse Received new opId=0x155213a97a80
dgx-48:665541:666161 [0] NCCL INFO resp.opId=0x155213a97a80 matches expected opId=0x155213a97a80
dgx-48:665541:666161 [0] NCCL INFO Connected to proxy localRank 0 -> connection 0x155200006260
dgx-48:665541:666174 [0] NCCL INFO Allocated shareable buffer 0x15523ae00000 size 2097152 ipcDesc 0x155200036a80
dgx-48:665541:666174 [0] NCCL INFO proxyProgressAsync opId=0x155213a97a80 op.type=3 op.reqBuff=0x155200036a50 op.respSize=80 done
dgx-48:665541:666174 [0] NCCL INFO Received and initiated operation=Setup res=0
dgx-48:665541:666161 [0] NCCL INFO ncclPollProxyResponse Received new opId=0x155213a97a80
dgx-48:665541:666161 [0] NCCL INFO resp.opId=0x155213a97a80 matches expected opId=0x155213a97a80
dgx-48:665541:666161 [0] NCCL INFO Channel 03/0 : 4[0] -> 7[3] via P2P/CUMEM
dgx-48:665541:666174 [0] NCCL INFO New proxy send connection 11 from local rank 0, transport 0
dgx-48:665541:666174 [0] NCCL INFO proxyProgressAsync opId=0x155213a97a80 op.type=1 op.reqBuff=0x155200036a50 op.respSize=16 done
dgx-48:665541:666174 [0] NCCL INFO Received and initiated operation=Init res=0
dgx-48:665541:666161 [0] NCCL INFO ncclPollProxyResponse Received new opId=0x155213a97a80
dgx-48:665541:666161 [0] NCCL INFO resp.opId=0x155213a97a80 matches expected opId=0x155213a97a80
dgx-48:665541:666161 [0] NCCL INFO Connected to proxy localRank 0 -> connection 0x1552000062d8
dgx-48:665541:666174 [0] NCCL INFO Allocated shareable buffer 0x15523b000000 size 2097152 ipcDesc 0x155200038120
dgx-48:665541:666174 [0] NCCL INFO proxyProgressAsync opId=0x155213a97a80 op.type=3 op.reqBuff=0x1552000380f0 op.respSize=80 done
dgx-48:665541:666174 [0] NCCL INFO Received and initiated operation=Setup res=0
dgx-48:665541:666161 [0] NCCL INFO ncclPollProxyResponse Received new opId=0x155213a97a80
dgx-48:665541:666161 [0] NCCL INFO resp.opId=0x155213a97a80 matches expected opId=0x155213a97a80
dgx-48:665541:666161 [0] NCCL INFO ProxyCall UDS comm 0x836c630 rank 0 tpRank 7(70d61c78d0f77123) reqSize 8 respSize 0 respFd 0x15527c5b1d38 opId 0x9800517646336238
dgx-48:665541:666161 [0] NCCL INFO ProxyCall UDS comm 0x836c630 rank 0 tpRank 7(70d61c78d0f77123) reqSize 8 respSize 0 respFd 84 opId 0x9800517646336238 - DONE
dgx-48:665541:666161 [0] NCCL INFO UDS: ClientGetFd handle 0x1551fc009a80 tpRank 7 returned fd 84
dgx-48:665541:666161 [0] NCCL INFO UDS converted handle 0x1551fc009a80 to fd 84 on remote peer 7
dgx-48:665541:666161 [0] NCCL INFO Imported shareable buffer device 0 size 10485760 ptr 0x15523b200000
dgx-48:665541:666161 [0] NCCL INFO recvConnect ncclProxyCallAsync opId=0x155213bcc618 &recv->proxyConn=0x155213bcc620 connectInfo=0x155213bf4260
dgx-48:665541:666161 [0] NCCL INFO ProxyCall UDS comm 0x836c630 rank 0 tpRank 7(70d61c78d0f77123) reqSize 8 respSize 0 respFd 0x15527c5b1d38 opId 0x585ce9fc07a3068a
dgx-48:665541:666161 [0] NCCL INFO ProxyCall UDS comm 0x836c630 rank 0 tpRank 7(70d61c78d0f77123) reqSize 8 respSize 0 respFd 84 opId 0x585ce9fc07a3068a - DONE
dgx-48:665541:666161 [0] NCCL INFO UDS: ClientGetFd handle 0x1551fc00b220 tpRank 7 returned fd 84
dgx-48:665541:666161 [0] NCCL INFO UDS converted handle 0x1551fc00b220 to fd 84 on remote peer 7
dgx-48:665541:666174 [0] NCCL INFO transport/net_ib.cc:1191 Ib Alloc Size 164448 pointer 0x15520003f000
dgx-48:665541:666174 [0] NCCL INFO Received and initiated operation=Connect res=0
dgx-48:665541:666161 [0] NCCL INFO Imported shareable buffer device 0 size 10485760 ptr 0x15523bc00000
dgx-48:665541:666161 [0] NCCL INFO recvConnect ncclProxyCallAsync opId=0x155213be23d8 &recv->proxyConn=0x155213be23e0 connectInfo=0x155213bf42e0
dgx-48:665541:666161 [0] NCCL INFO ProxyCall UDS comm 0x836c630 rank 0 tpRank 7(70d61c78d0f77123) reqSize 8 respSize 0 respFd 0x15527c5b1d38 opId 0xa65b6bad87f33650
dgx-48:665541:666161 [0] NCCL INFO ProxyCall UDS comm 0x836c630 rank 0 tpRank 7(70d61c78d0f77123) reqSize 8 respSize 0 respFd 84 opId 0xa65b6bad87f33650 - DONE
dgx-48:665541:666161 [0] NCCL INFO UDS: ClientGetFd handle 0x1551fc00c940 tpRank 7 returned fd 84
dgx-48:665541:666161 [0] NCCL INFO UDS converted handle 0x1551fc00c940 to fd 84 on remote peer 7
dgx-48:665541:666174 [0] NCCL INFO transport/net_ib.cc:1191 Ib Alloc Size 164448 pointer 0x15520006e000
dgx-48:665541:666174 [0] NCCL INFO Received and initiated operation=Connect res=0
dgx-48:665541:666161 [0] NCCL INFO Imported shareable buffer device 0 size 10485760 ptr 0x15523c600000
dgx-48:665541:666161 [0] NCCL INFO recvConnect ncclProxyCallAsync opId=0x155213be8068 &recv->proxyConn=0x155213be8070 connectInfo=0x155213bf4360
dgx-48:665541:666161 [0] NCCL INFO ProxyCall UDS comm 0x836c630 rank 0 tpRank 7(70d61c78d0f77123) reqSize 8 respSize 0 respFd 0x15527c5b1d38 opId 0x383e8f651ead95d7
dgx-48:665541:666174 [0] NCCL INFO transport/net_ib.cc:1191 Ib Alloc Size 164448 pointer 0x15520009d000
dgx-48:665541:666174 [0] NCCL INFO Received and initiated operation=Connect res=0
dgx-48:665541:666161 [0] NCCL INFO ProxyCall UDS comm 0x836c630 rank 0 tpRank 7(70d61c78d0f77123) reqSize 8 respSize 0 respFd 84 opId 0x383e8f651ead95d7 - DONE
dgx-48:665541:666161 [0] NCCL INFO UDS: ClientGetFd handle 0x1551fc00e040 tpRank 7 returned fd 84
dgx-48:665541:666161 [0] NCCL INFO UDS converted handle 0x1551fc00e040 to fd 84 on remote peer 7
dgx-48:665541:666161 [0] NCCL INFO Imported shareable buffer device 0 size 10485760 ptr 0x15523d000000
dgx-48:665541:666161 [0] NCCL INFO recvConnect ncclProxyCallAsync opId=0x155213bedd98 &recv->proxyConn=0x155213bedda0 connectInfo=0x155213bf43e0
dgx-48:665541:666174 [0] NCCL INFO transport/net_ib.cc:1191 Ib Alloc Size 164448 pointer 0x1552000cc000
dgx-48:665541:666174 [0] NCCL INFO Received and initiated operation=Connect res=0
dgx-48:665541:666174 [0] NCCL INFO transport/net_ib.cc:985 Ib Alloc Size 181568 pointer 0x1552000fb000
dgx-48:665541:666174 [0] NCCL INFO NET/IB: NCCL Dev 0 IbDev 0 Port 1 qpn 24312 mtu 5 LID 319 fifoRkey=0x17c587 fifoLkey=0x17c587
dgx-48:665541:666174 [0] NCCL INFO transport/net_ib.cc:1077 Ib Alloc Size 3336 pointer 0x15520016e000
dgx-48:665541:666174 [0] NCCL INFO Received and initiated operation=Connect res=0
dgx-48:665541:666174 [0] NCCL INFO transport/net_ib.cc:985 Ib Alloc Size 181568 pointer 0x155200175000
dgx-48:665541:666174 [0] NCCL INFO NET/IB: NCCL Dev 0 IbDev 0 Port 1 qpn 24313 mtu 5 LID 319 fifoRkey=0x172cec fifoLkey=0x172cec
dgx-48:665541:666174 [0] NCCL INFO transport/net_ib.cc:1077 Ib Alloc Size 3336 pointer 0x1552001de000
dgx-48:665541:666174 [0] NCCL INFO Received and initiated operation=Connect res=0
dgx-48:665541:666174 [0] NCCL INFO transport/net_ib.cc:985 Ib Alloc Size 181568 pointer 0x1552001e5000
dgx-48:665541:666174 [0] NCCL INFO NET/IB: NCCL Dev 0 IbDev 0 Port 1 qpn 24314 mtu 5 LID 319 fifoRkey=0x17df9d fifoLkey=0x17df9d
dgx-48:665541:666174 [0] NCCL INFO transport/net_ib.cc:1077 Ib Alloc Size 3336 pointer 0x15520024e000
dgx-48:665541:666174 [0] NCCL INFO Received and initiated operation=Connect res=0
dgx-48:665541:666174 [0] NCCL INFO Allocated shareable buffer 0x15523da00000 size 10485760 ipcDesc 0x155200010320
dgx-48:665541:666174 [0] NCCL INFO Allocated 532484 bytes of shared memory in /dev/shm/nccl-IbrPeS
dgx-48:665541:666174 [0] NCCL INFO Mem Realloc old size 0, new size 1024 pointer 0x15520022b340
dgx-48:665541:666177 [0] NCCL INFO proxyUDSRecvReq::ncclProxyMsgGetFd rank 3 opId 0x24a3bb06042ea248 handle=0x15520002ea30
dgx-48:665541:666177 [0] NCCL INFO UDS proxyGetFd received handle 0x15520002ea30 peer 3 opId 24a3bb06042ea248
dgx-48:665541:666174 [0] NCCL INFO proxyProgressAsync opId=0x155213bcc130 op.type=4 op.reqBuff=0x15520003eb30 op.respSize=21040 done
dgx-48:665541:666177 [0] NCCL INFO proxyUDSRecvReq::ncclProxyMsgGetFd rank 3 opId 0x23b7fac91dbede07 handle=0x155200035450
dgx-48:665541:666177 [0] NCCL INFO UDS proxyGetFd received handle 0x155200035450 peer 3 opId 23b7fac91dbede07
dgx-48:665541:666174 [0] NCCL INFO Allocated shareable buffer 0x15523e400000 size 10485760 ipcDesc 0x155200020000
dgx-48:665541:666174 [0] NCCL INFO Allocated 532484 bytes of shared memory in /dev/shm/nccl-BKKchu
dgx-48:665541:666177 [0] NCCL INFO proxyUDSRecvReq::ncclProxyMsgGetFd rank 3 opId 0xda8b994c77f81e1d handle=0x155200036ad0
dgx-48:665541:666177 [0] NCCL INFO UDS proxyGetFd received handle 0x155200036ad0 peer 3 opId da8b994c77f81e1d
dgx-48:665541:666174 [0] NCCL INFO proxyProgressAsync opId=0x155213be1ef0 op.type=4 op.reqBuff=0x15520009cdd0 op.respSize=21040 done
dgx-48:665541:666177 [0] NCCL INFO proxyUDSRecvReq::ncclProxyMsgGetFd rank 1 opId 0x456bf9465638129f handle=0x1552001744f0
dgx-48:665541:666177 [0] NCCL INFO UDS proxyGetFd received handle 0x1552001744f0 peer 1 opId 456bf9465638129f
dgx-48:665541:666174 [0] NCCL INFO Allocated shareable buffer 0x15523ee00000 size 10485760 ipcDesc 0x15520002a770
dgx-48:665541:666174 [0] NCCL INFO Allocated 532484 bytes of shared memory in /dev/shm/nccl-D9iwa7
dgx-48:665541:666177 [0] NCCL INFO proxyUDSRecvReq::ncclProxyMsgGetFd rank 3 opId 0x639e7b641f552ae9 handle=0x155200038170
dgx-48:665541:666177 [0] NCCL INFO UDS proxyGetFd received handle 0x155200038170 peer 3 opId 639e7b641f552ae9
dgx-48:665541:666174 [0] NCCL INFO proxyProgressAsync opId=0x155213be7b80 op.type=4 op.reqBuff=0x1552000faf60 op.respSize=21040 done
dgx-48:665541:666174 [0] NCCL INFO transport/net_ib.cc:985 Ib Alloc Size 181568 pointer 0x155200250000
dgx-48:665541:666174 [0] NCCL INFO NET/IB: NCCL Dev 0 IbDev 0 Port 1 qpn 24315 mtu 5 LID 319 fifoRkey=0x17dd9e fifoLkey=0x17dd9e
dgx-48:665541:666174 [0] NCCL INFO transport/net_ib.cc:1077 Ib Alloc Size 3336 pointer 0x1552002b1000
dgx-48:665541:666174 [0] NCCL INFO Received and initiated operation=Connect res=0
dgx-48:665541:666174 [0] NCCL INFO Allocated shareable buffer 0x15523f800000 size 10485760 ipcDesc 0x155200031170
dgx-48:665541:666174 [0] NCCL INFO Allocated 532484 bytes of shared memory in /dev/shm/nccl-Lx3cgk
dgx-48:665541:666174 [0] NCCL INFO proxyProgressAsync opId=0x155213bed8b0 op.type=4 op.reqBuff=0x15520006d4e0 op.respSize=21040 done
dgx-48:665541:666177 [0] NCCL INFO proxyUDSRecvReq::ncclProxyMsgGetFd rank 1 opId 0xbcc7f003956d169 handle=0x15520022b880
dgx-48:665541:666177 [0] NCCL INFO UDS proxyGetFd received handle 0x15520022b880 peer 1 opId bcc7f003956d169
dgx-48:665541:666177 [0] NCCL INFO proxyUDSRecvReq::ncclProxyMsgGetFd rank 1 opId 0x9f0b8bf9b56a028f handle=0x1552001e4700
dgx-48:665541:666177 [0] NCCL INFO UDS proxyGetFd received handle 0x1552001e4700 peer 1 opId 9f0b8bf9b56a028f
dgx-48:665541:666177 [0] NCCL INFO proxyUDSRecvReq::ncclProxyMsgGetFd rank 1 opId 0x107addb6374e9113 handle=0x15520006dbe0
dgx-48:665541:666177 [0] NCCL INFO UDS proxyGetFd received handle 0x15520006dbe0 peer 1 opId 107addb6374e9113
dgx-48:665541:666174 [0] NCCL INFO transport/net_ib.cc:1204 Ib Alloc Size 3336 pointer 0x1552001e0000
dgx-48:665541:666174 [0] NCCL INFO transport/net_ib.cc:1345 Ib Alloc Size 3336 pointer 0x155200316000
dgx-48:665541:666174 [0] NCCL INFO transport/net_ib.cc:1204 Ib Alloc Size 3336 pointer 0x155200318000
dgx-48:665541:666174 [0] NCCL INFO transport/net_ib.cc:1345 Ib Alloc Size 3336 pointer 0x15520037f000
dgx-48:665541:666174 [0] NCCL INFO transport/net_ib.cc:1204 Ib Alloc Size 3336 pointer 0x155200381000
dgx-48:665541:666174 [0] NCCL INFO transport/net_ib.cc:1345 Ib Alloc Size 3336 pointer 0x1552003e8000
dgx-48:665541:666174 [0] NCCL INFO transport/net_ib.cc:1204 Ib Alloc Size 3336 pointer 0x1552003ea000
dgx-48:665541:666174 [0] NCCL INFO transport/net_ib.cc:1345 Ib Alloc Size 3336 pointer 0x155200451000
dgx-48:665541:666174 [0] NCCL INFO Allocated shareable buffer 0x155240200000 size 9633792 ipcDesc 0x15520000ae20
dgx-48:665541:666174 [0] NCCL INFO transport/net.cc:894 Cuda Host Alloc Size 8192 pointer 0x155235600200
dgx-48:665541:666174 [0] NCCL INFO proxyProgressAsync opId=0x155213bcc618 op.type=4 op.reqBuff=0x1552000380f0 op.respSize=21040 done
dgx-48:665541:666161 [0] NCCL INFO ncclPollProxyResponse Received new opId=0x155213bcc618
dgx-48:665541:666161 [0] NCCL INFO resp.opId=0x155213bcc618 matches expected opId=0x155213bcc618
dgx-48:665541:666161 [0] NCCL INFO recvConnect ncclPollProxyResponse opId=0x155213bcc618
dgx-48:665541:666174 [0] NCCL INFO Allocated shareable buffer 0x155240c00000 size 9633792 ipcDesc 0x155200015710
dgx-48:665541:666174 [0] NCCL INFO transport/net.cc:894 Cuda Host Alloc Size 8192 pointer 0x155235602200
dgx-48:665541:666174 [0] NCCL INFO proxyProgressAsync opId=0x155213be23d8 op.type=4 op.reqBuff=0x15520003ea10 op.respSize=21040 done
dgx-48:665541:666161 [0] NCCL INFO ncclPollProxyResponse Received new opId=0x155213be23d8
dgx-48:665541:666161 [0] NCCL INFO resp.opId=0x155213be23d8 matches expected opId=0x155213be23d8
dgx-48:665541:666161 [0] NCCL INFO recvConnect ncclPollProxyResponse opId=0x155213be23d8
dgx-48:665541:666174 [0] NCCL INFO Allocated shareable buffer 0x155241600000 size 9633792 ipcDesc 0x15520001ac40
dgx-48:665541:666174 [0] NCCL INFO transport/net.cc:894 Cuda Host Alloc Size 8192 pointer 0x155235604200
dgx-48:665541:666174 [0] NCCL INFO proxyProgressAsync opId=0x155213be8068 op.type=4 op.reqBuff=0x15520003ea70 op.respSize=21040 done
dgx-48:665541:666161 [0] NCCL INFO ncclPollProxyResponse Received new opId=0x155213be8068
dgx-48:665541:666161 [0] NCCL INFO Queuing opId=0x155213be8068 respBuff=0x155213bfd0e0 respSize=21040
dgx-48:665541:666161 [0] NCCL INFO ncclPollProxyResponse Dequeued cached opId=0x155213be8068
dgx-48:665541:666161 [0] NCCL INFO recvConnect ncclPollProxyResponse opId=0x155213be8068
dgx-48:665541:666174 [0] NCCL INFO Allocated shareable buffer 0x155242000000 size 9633792 ipcDesc 0x1552000253b0
dgx-48:665541:666174 [0] NCCL INFO transport/net.cc:894 Cuda Host Alloc Size 8192 pointer 0x155235606200
dgx-48:665541:666174 [0] NCCL INFO proxyProgressAsync opId=0x155213bedd98 op.type=4 op.reqBuff=0x15520003ead0 op.respSize=21040 done
dgx-48:665541:666161 [0] NCCL INFO ncclPollProxyResponse Received new opId=0x155213bedd98
dgx-48:665541:666161 [0] NCCL INFO resp.opId=0x155213bedd98 matches expected opId=0x155213bedd98
dgx-48:665541:666161 [0] NCCL INFO recvConnect ncclPollProxyResponse opId=0x155213bedd98
dgx-48:665541:666161 [0] NCCL INFO Connected all rings
dgx-48:665541:666161 [0] NCCL INFO Channel 00/0 : 4[0] -> 5[1] via P2P/CUMEM
dgx-48:665541:666174 [0] NCCL INFO New proxy send connection 12 from local rank 0, transport 0
dgx-48:665541:666174 [0] NCCL INFO proxyProgressAsync opId=0x155213a97a80 op.type=1 op.reqBuff=0x15520028ebd0 op.respSize=16 done
dgx-48:665541:666161 [0] NCCL INFO ncclPollProxyResponse Received new opId=0x155213a97a80
dgx-48:665541:666174 [0] NCCL INFO Received and initiated operation=Init res=0
dgx-48:665541:666161 [0] NCCL INFO resp.opId=0x155213a97a80 matches expected opId=0x155213a97a80
dgx-48:665541:666161 [0] NCCL INFO Connected to proxy localRank 0 -> connection 0x155200006350
dgx-48:665541:666174 [0] NCCL INFO Allocated shareable buffer 0x155242a00000 size 2097152 ipcDesc 0x15520028ec80
dgx-48:665541:666174 [0] NCCL INFO proxyProgressAsync opId=0x155213a97a80 op.type=3 op.reqBuff=0x15520028ec50 op.respSize=80 done
dgx-48:665541:666161 [0] NCCL INFO ncclPollProxyResponse Received new opId=0x155213a97a80
dgx-48:665541:666174 [0] NCCL INFO Received and initiated operation=Setup res=0
dgx-48:665541:666161 [0] NCCL INFO resp.opId=0x155213a97a80 matches expected opId=0x155213a97a80
dgx-48:665541:666161 [0] NCCL INFO Channel 01/0 : 4[0] -> 5[1] via P2P/CUMEM
dgx-48:665541:666174 [0] NCCL INFO New proxy send connection 13 from local rank 0, transport 0
dgx-48:665541:666174 [0] NCCL INFO proxyProgressAsync opId=0x155213a97a80 op.type=1 op.reqBuff=0x155200128fe0 op.respSize=16 done
dgx-48:665541:666174 [0] NCCL INFO Received and initiated operation=Init res=0
dgx-48:665541:666161 [0] NCCL INFO ncclPollProxyResponse Received new opId=0x155213a97a80
dgx-48:665541:666161 [0] NCCL INFO resp.opId=0x155213a97a80 matches expected opId=0x155213a97a80
dgx-48:665541:666161 [0] NCCL INFO Connected to proxy localRank 0 -> connection 0x1552000063c8
dgx-48:665541:666174 [0] NCCL INFO Allocated shareable buffer 0x155242c00000 size 2097152 ipcDesc 0x15520037f400
dgx-48:665541:666174 [0] NCCL INFO proxyProgressAsync opId=0x155213a97a80 op.type=3 op.reqBuff=0x15520037f3d0 op.respSize=80 done
dgx-48:665541:666161 [0] NCCL INFO ncclPollProxyResponse Received new opId=0x155213a97a80
dgx-48:665541:666174 [0] NCCL INFO Received and initiated operation=Setup res=0
dgx-48:665541:666161 [0] NCCL INFO resp.opId=0x155213a97a80 matches expected opId=0x155213a97a80
dgx-48:665541:666161 [0] NCCL INFO Channel 02/0 : 4[0] -> 5[1] via P2P/CUMEM
dgx-48:665541:666174 [0] NCCL INFO New proxy send connection 14 from local rank 0, transport 0
dgx-48:665541:666174 [0] NCCL INFO proxyProgressAsync opId=0x155213a97a80 op.type=1 op.reqBuff=0x155200451b80 op.respSize=16 done
dgx-48:665541:666174 [0] NCCL INFO Received and initiated operation=Init res=0
dgx-48:665541:666161 [0] NCCL INFO ncclPollProxyResponse Received new opId=0x155213a97a80
dgx-48:665541:666161 [0] NCCL INFO resp.opId=0x155213a97a80 matches expected opId=0x155213a97a80
dgx-48:665541:666161 [0] NCCL INFO Connected to proxy localRank 0 -> connection 0x155200006440
dgx-48:665541:666174 [0] NCCL INFO Allocated shareable buffer 0x155242e00000 size 2097152 ipcDesc 0x155200451c10
dgx-48:665541:666174 [0] NCCL INFO proxyProgressAsync opId=0x155213a97a80 op.type=3 op.reqBuff=0x155200451ba0 op.respSize=80 done
dgx-48:665541:666161 [0] NCCL INFO ncclPollProxyResponse Received new opId=0x155213a97a80
dgx-48:665541:666174 [0] NCCL INFO Received and initiated operation=Setup res=0
dgx-48:665541:666161 [0] NCCL INFO resp.opId=0x155213a97a80 matches expected opId=0x155213a97a80
dgx-48:665541:666161 [0] NCCL INFO Channel 03/0 : 4[0] -> 5[1] via P2P/CUMEM
dgx-48:665541:666174 [0] NCCL INFO New proxy send connection 15 from local rank 0, transport 0
dgx-48:665541:666174 [0] NCCL INFO proxyProgressAsync opId=0x155213a97a80 op.type=1 op.reqBuff=0x155200451ba0 op.respSize=16 done
dgx-48:665541:666161 [0] NCCL INFO ncclPollProxyResponse Received new opId=0x155213a97a80
dgx-48:665541:666174 [0] NCCL INFO Received and initiated operation=Init res=0
dgx-48:665541:666161 [0] NCCL INFO resp.opId=0x155213a97a80 matches expected opId=0x155213a97a80
dgx-48:665541:666161 [0] NCCL INFO Connected to proxy localRank 0 -> connection 0x1552000064b8
dgx-48:665541:666174 [0] NCCL INFO Allocated shareable buffer 0x155243000000 size 2097152 ipcDesc 0x1552001e32a0
dgx-48:665541:666174 [0] NCCL INFO proxyProgressAsync opId=0x155213a97a80 op.type=3 op.reqBuff=0x1552001e3230 op.respSize=80 done
dgx-48:665541:666161 [0] NCCL INFO ncclPollProxyResponse Received new opId=0x155213a97a80
dgx-48:665541:666174 [0] NCCL INFO Received and initiated operation=Setup res=0
dgx-48:665541:666161 [0] NCCL INFO resp.opId=0x155213a97a80 matches expected opId=0x155213a97a80
dgx-48:665541:666161 [0] NCCL INFO GPU Direct RDMA Enabled for GPU 1b000 / HCA 0 (distance 4 <= 6), read 0
dgx-48:665541:666174 [0] NCCL INFO New proxy recv connection 16 from local rank 0, transport 2
dgx-48:665541:666174 [0] NCCL INFO proxyProgressAsync opId=0x155213a97a80 op.type=1 op.reqBuff=0x1552001e3230 op.respSize=16 done
dgx-48:665541:666161 [0] NCCL INFO ncclPollProxyResponse Received new opId=0x155213a97a80
dgx-48:665541:666174 [0] NCCL INFO Received and initiated operation=Init res=0
dgx-48:665541:666161 [0] NCCL INFO resp.opId=0x155213a97a80 matches expected opId=0x155213a97a80
dgx-48:665541:666161 [0] NCCL INFO Connected to proxy localRank 0 -> connection 0x155200006530
dgx-48:665541:666174 [0] NCCL INFO proxyProgressAsync opId=0x155213a97a80 op.type=3 op.reqBuff=0x155200332fd0 op.respSize=128 done
dgx-48:665541:666161 [0] NCCL INFO ncclPollProxyResponse Received new opId=0x155213a97a80
dgx-48:665541:666174 [0] NCCL INFO Received and initiated operation=Setup res=0
dgx-48:665541:666161 [0] NCCL INFO resp.opId=0x155213a97a80 matches expected opId=0x155213a97a80
dgx-48:665541:666161 [0] NCCL INFO Channel 00/0 : 0[0] -> 4[0] [receive] via NET/IB/0/GDRDMA
dgx-48:665541:666161 [0] NCCL INFO GPU Direct RDMA Enabled for GPU 1b000 / HCA 0 (distance 4 <= 6), read 0
dgx-48:665541:666174 [0] NCCL INFO New proxy recv connection 17 from local rank 0, transport 2
dgx-48:665541:666174 [0] NCCL INFO proxyProgressAsync opId=0x155213a97a80 op.type=1 op.reqBuff=0x155200381750 op.respSize=16 done
dgx-48:665541:666174 [0] NCCL INFO Received and initiated operation=Init res=0
dgx-48:665541:666161 [0] NCCL INFO ncclPollProxyResponse Received new opId=0x155213a97a80
dgx-48:665541:666161 [0] NCCL INFO resp.opId=0x155213a97a80 matches expected opId=0x155213a97a80
dgx-48:665541:666161 [0] NCCL INFO Connected to proxy localRank 0 -> connection 0x1552000065a8
dgx-48:665541:666174 [0] NCCL INFO proxyProgressAsync opId=0x155213a97a80 op.type=3 op.reqBuff=0x155200332fd0 op.respSize=128 done
dgx-48:665541:666174 [0] NCCL INFO Received and initiated operation=Setup res=0
dgx-48:665541:666161 [0] NCCL INFO ncclPollProxyResponse Received new opId=0x155213a97a80
dgx-48:665541:666161 [0] NCCL INFO resp.opId=0x155213a97a80 matches expected opId=0x155213a97a80
dgx-48:665541:666161 [0] NCCL INFO Channel 01/0 : 0[0] -> 4[0] [receive] via NET/IB/0/GDRDMA
dgx-48:665541:666161 [0] NCCL INFO GPU Direct RDMA Enabled for GPU 1b000 / HCA 0 (distance 4 <= 6), read 0
dgx-48:665541:666174 [0] NCCL INFO New proxy recv connection 18 from local rank 0, transport 2
dgx-48:665541:666174 [0] NCCL INFO proxyProgressAsync opId=0x155213a97a80 op.type=1 op.reqBuff=0x1552001e3230 op.respSize=16 done
dgx-48:665541:666161 [0] NCCL INFO ncclPollProxyResponse Received new opId=0x155213a97a80
dgx-48:665541:666174 [0] NCCL INFO Received and initiated operation=Init res=0
dgx-48:665541:666161 [0] NCCL INFO resp.opId=0x155213a97a80 matches expected opId=0x155213a97a80
dgx-48:665541:666161 [0] NCCL INFO Connected to proxy localRank 0 -> connection 0x155200006620
dgx-48:665541:666174 [0] NCCL INFO proxyProgressAsync opId=0x155213a97a80 op.type=3 op.reqBuff=0x155200332fd0 op.respSize=128 done
dgx-48:665541:666161 [0] NCCL INFO ncclPollProxyResponse Received new opId=0x155213a97a80
dgx-48:665541:666174 [0] NCCL INFO Received and initiated operation=Setup res=0
dgx-48:665541:666161 [0] NCCL INFO resp.opId=0x155213a97a80 matches expected opId=0x155213a97a80
dgx-48:665541:666161 [0] NCCL INFO Channel 02/0 : 0[0] -> 4[0] [receive] via NET/IB/0/GDRDMA
dgx-48:665541:666161 [0] NCCL INFO GPU Direct RDMA Enabled for GPU 1b000 / HCA 0 (distance 4 <= 6), read 0
dgx-48:665541:666174 [0] NCCL INFO New proxy recv connection 19 from local rank 0, transport 2
dgx-48:665541:666174 [0] NCCL INFO proxyProgressAsync opId=0x155213a97a80 op.type=1 op.reqBuff=0x155200381750 op.respSize=16 done
dgx-48:665541:666161 [0] NCCL INFO ncclPollProxyResponse Received new opId=0x155213a97a80
dgx-48:665541:666174 [0] NCCL INFO Received and initiated operation=Init res=0
dgx-48:665541:666161 [0] NCCL INFO resp.opId=0x155213a97a80 matches expected opId=0x155213a97a80
dgx-48:665541:666161 [0] NCCL INFO Connected to proxy localRank 0 -> connection 0x155200006698
dgx-48:665541:666174 [0] NCCL INFO proxyProgressAsync opId=0x155213a97a80 op.type=3 op.reqBuff=0x155200332fd0 op.respSize=128 done
dgx-48:665541:666161 [0] NCCL INFO ncclPollProxyResponse Received new opId=0x155213a97a80
dgx-48:665541:666174 [0] NCCL INFO Received and initiated operation=Setup res=0
dgx-48:665541:666161 [0] NCCL INFO resp.opId=0x155213a97a80 matches expected opId=0x155213a97a80
dgx-48:665541:666161 [0] NCCL INFO Channel 03/0 : 0[0] -> 4[0] [receive] via NET/IB/0/GDRDMA
dgx-48:665541:666161 [0] NCCL INFO GPU Direct RDMA Enabled for GPU 1b000 / HCA 0 (distance 4 <= 6), read 1
dgx-48:665541:666174 [0] NCCL INFO New proxy send connection 20 from local rank 0, transport 2
dgx-48:665541:666174 [0] NCCL INFO proxyProgressAsync opId=0x155213a97a80 op.type=1 op.reqBuff=0x1552001e3230 op.respSize=16 done
dgx-48:665541:666161 [0] NCCL INFO ncclPollProxyResponse Received new opId=0x155213a97a80
dgx-48:665541:666174 [0] NCCL INFO Received and initiated operation=Init res=0
dgx-48:665541:666161 [0] NCCL INFO resp.opId=0x155213a97a80 matches expected opId=0x155213a97a80
dgx-48:665541:666161 [0] NCCL INFO Connected to proxy localRank 0 -> connection 0x155200006710
dgx-48:665541:666174 [0] NCCL INFO proxyProgressAsync opId=0x155213a97a80 op.type=3 op.reqBuff=0x155200332fd0 op.respSize=0 done
dgx-48:665541:666174 [0] NCCL INFO Received and initiated operation=Setup res=0
dgx-48:665541:666161 [0] NCCL INFO ncclPollProxyResponse Received new opId=0x155213a97a80
dgx-48:665541:666161 [0] NCCL INFO resp.opId=0x155213a97a80 matches expected opId=0x155213a97a80
dgx-48:665541:666161 [0] NCCL INFO Channel 00/0 : 4[0] -> 0[0] [send] via NET/IB/0/GDRDMA
dgx-48:665541:666161 [0] NCCL INFO GPU Direct RDMA Enabled for GPU 1b000 / HCA 0 (distance 4 <= 6), read 1
dgx-48:665541:666174 [0] NCCL INFO New proxy send connection 21 from local rank 0, transport 2
dgx-48:665541:666174 [0] NCCL INFO proxyProgressAsync opId=0x155213a97a80 op.type=1 op.reqBuff=0x155200381750 op.respSize=16 done
dgx-48:665541:666174 [0] NCCL INFO Received and initiated operation=Init res=0
dgx-48:665541:666161 [0] NCCL INFO ncclPollProxyResponse Received new opId=0x155213a97a80
dgx-48:665541:666161 [0] NCCL INFO resp.opId=0x155213a97a80 matches expected opId=0x155213a97a80
dgx-48:665541:666161 [0] NCCL INFO Connected to proxy localRank 0 -> connection 0x155200006788
dgx-48:665541:666174 [0] NCCL INFO proxyProgressAsync opId=0x155213a97a80 op.type=3 op.reqBuff=0x155200332fd0 op.respSize=0 done
dgx-48:665541:666174 [0] NCCL INFO Received and initiated operation=Setup res=0
dgx-48:665541:666174 [0] NCCL INFO New proxy send connection 22 from local rank 3, transport 2
dgx-48:665541:666174 [0] NCCL INFO proxyProgressAsync opId=0x155213bf6cd0 op.type=1 op.reqBuff=0x1552001e3230 op.respSize=16 done
dgx-48:665541:666174 [0] NCCL INFO Received and initiated operation=Init res=0
dgx-48:665541:666161 [0] NCCL INFO ncclPollProxyResponse Received new opId=0x155213a97a80
dgx-48:665541:666161 [0] NCCL INFO resp.opId=0x155213a97a80 matches expected opId=0x155213a97a80
dgx-48:665541:666161 [0] NCCL INFO Channel 01/0 : 4[0] -> 0[0] [send] via NET/IB/0/GDRDMA
dgx-48:665541:666161 [0] NCCL INFO GPU Direct RDMA Enabled for GPU 1b000 / HCA 0 (distance 4 <= 6), read 1
dgx-48:665541:666174 [0] NCCL INFO New proxy send connection 23 from local rank 0, transport 2
dgx-48:665541:666174 [0] NCCL INFO proxyProgressAsync opId=0x155213a97a80 op.type=1 op.reqBuff=0x155200381750 op.respSize=16 done
dgx-48:665541:666174 [0] NCCL INFO Received and initiated operation=Init res=0
dgx-48:665541:666174 [0] NCCL INFO Allocated shareable buffer 0x155243200000 size 8388608 ipcDesc 0x155200381848
dgx-48:665541:666174 [0] NCCL INFO proxyProgressAsync opId=0x155213bf6cd0 op.type=2 op.reqBuff=0x1552001e3230 op.respSize=0 done
dgx-48:665541:666174 [0] NCCL INFO Received and initiated operation=SharedInit res=0
dgx-48:665541:666161 [0] NCCL INFO ncclPollProxyResponse Received new opId=0x155213a97a80
dgx-48:665541:666161 [0] NCCL INFO resp.opId=0x155213a97a80 matches expected opId=0x155213a97a80
dgx-48:665541:666161 [0] NCCL INFO Connected to proxy localRank 0 -> connection 0x155200006878
dgx-48:665541:666174 [0] NCCL INFO proxyProgressAsync opId=0x155213a97a80 op.type=3 op.reqBuff=0x155200382fd0 op.respSize=0 done
dgx-48:665541:666174 [0] NCCL INFO Received and initiated operation=Setup res=0
dgx-48:665541:666161 [0] NCCL INFO ncclPollProxyResponse Received new opId=0x155213a97a80
dgx-48:665541:666161 [0] NCCL INFO resp.opId=0x155213a97a80 matches expected opId=0x155213a97a80
dgx-48:665541:666161 [0] NCCL INFO Channel 02/0 : 4[0] -> 0[0] [send] via NET/IB/0/GDRDMA
dgx-48:665541:666161 [0] NCCL INFO GPU Direct RDMA Enabled for GPU 1b000 / HCA 0 (distance 4 <= 6), read 1
dgx-48:665541:666174 [0] NCCL INFO New proxy send connection 24 from local rank 0, transport 2
dgx-48:665541:666174 [0] NCCL INFO proxyProgressAsync opId=0x155213a97a80 op.type=1 op.reqBuff=0x1552001e3230 op.respSize=16 done
dgx-48:665541:666174 [0] NCCL INFO Received and initiated operation=Init res=0
dgx-48:665541:666161 [0] NCCL INFO ncclPollProxyResponse Received new opId=0x155213a97a80
dgx-48:665541:666161 [0] NCCL INFO resp.opId=0x155213a97a80 matches expected opId=0x155213a97a80
dgx-48:665541:666161 [0] NCCL INFO Connected to proxy localRank 0 -> connection 0x1552000068f0
dgx-48:665541:666174 [0] NCCL INFO proxyProgressAsync opId=0x155213a97a80 op.type=3 op.reqBuff=0x15520028efd0 op.respSize=0 done
dgx-48:665541:666174 [0] NCCL INFO Received and initiated operation=Setup res=0
dgx-48:665541:666161 [0] NCCL INFO ncclPollProxyResponse Received new opId=0x155213a97a80
dgx-48:665541:666161 [0] NCCL INFO resp.opId=0x155213a97a80 matches expected opId=0x155213a97a80
dgx-48:665541:666161 [0] NCCL INFO Channel 03/0 : 4[0] -> 0[0] [send] via NET/IB/0/GDRDMA
dgx-48:665541:666174 [0] NCCL INFO New proxy recv connection 25 from local rank 0, transport 0
dgx-48:665541:666174 [0] NCCL INFO proxyProgressAsync opId=0x155213a97a80 op.type=1 op.reqBuff=0x1552001e3230 op.respSize=16 done
dgx-48:665541:666174 [0] NCCL INFO Received and initiated operation=Init res=0
dgx-48:665541:666161 [0] NCCL INFO ncclPollProxyResponse Received new opId=0x155213a97a80
dgx-48:665541:666161 [0] NCCL INFO resp.opId=0x155213a97a80 matches expected opId=0x155213a97a80
dgx-48:665541:666161 [0] NCCL INFO Connected to proxy localRank 0 -> connection 0x155200006968
dgx-48:665541:666174 [0] NCCL INFO Allocated shareable buffer 0x155243a00000 size 10485760 ipcDesc 0x1552001e4230
dgx-48:665541:666174 [0] NCCL INFO proxyProgressAsync opId=0x155213a97a80 op.type=3 op.reqBuff=0x1552001e3230 op.respSize=80 done
dgx-48:665541:666174 [0] NCCL INFO Received and initiated operation=Setup res=0
dgx-48:665541:666161 [0] NCCL INFO ncclPollProxyResponse Received new opId=0x155213a97a80
dgx-48:665541:666161 [0] NCCL INFO resp.opId=0x155213a97a80 matches expected opId=0x155213a97a80
dgx-48:665541:666174 [0] NCCL INFO New proxy recv connection 26 from local rank 0, transport 0
dgx-48:665541:666174 [0] NCCL INFO proxyProgressAsync opId=0x155213a97a80 op.type=1 op.reqBuff=0x1552001e3230 op.respSize=16 done
dgx-48:665541:666174 [0] NCCL INFO Received and initiated operation=Init res=0
dgx-48:665541:666161 [0] NCCL INFO ncclPollProxyResponse Received new opId=0x155213a97a80
dgx-48:665541:666161 [0] NCCL INFO resp.opId=0x155213a97a80 matches expected opId=0x155213a97a80
dgx-48:665541:666161 [0] NCCL INFO Connected to proxy localRank 0 -> connection 0x1552000069e0
dgx-48:665541:666174 [0] NCCL INFO Allocated shareable buffer 0x155244400000 size 10485760 ipcDesc 0x1552003174a0
dgx-48:665541:666174 [0] NCCL INFO proxyProgressAsync opId=0x155213a97a80 op.type=3 op.reqBuff=0x155200317470 op.respSize=80 done
dgx-48:665541:666174 [0] NCCL INFO Received and initiated operation=Setup res=0
dgx-48:665541:666161 [0] NCCL INFO ncclPollProxyResponse Received new opId=0x155213a97a80
dgx-48:665541:666161 [0] NCCL INFO resp.opId=0x155213a97a80 matches expected opId=0x155213a97a80
dgx-48:665541:666174 [0] NCCL INFO New proxy recv connection 27 from local rank 0, transport 0
dgx-48:665541:666174 [0] NCCL INFO proxyProgressAsync opId=0x155213a97a80 op.type=1 op.reqBuff=0x155200317470 op.respSize=16 done
dgx-48:665541:666174 [0] NCCL INFO Received and initiated operation=Init res=0
dgx-48:665541:666161 [0] NCCL INFO ncclPollProxyResponse Received new opId=0x155213a97a80
dgx-48:665541:666161 [0] NCCL INFO resp.opId=0x155213a97a80 matches expected opId=0x155213a97a80
dgx-48:665541:666161 [0] NCCL INFO Connected to proxy localRank 0 -> connection 0x155200006a58
dgx-48:665541:666174 [0] NCCL INFO Allocated shareable buffer 0x155244e00000 size 10485760 ipcDesc 0x155200318ba0
dgx-48:665541:666174 [0] NCCL INFO proxyProgressAsync opId=0x155213a97a80 op.type=3 op.reqBuff=0x155200318b70 op.respSize=80 done
dgx-48:665541:666174 [0] NCCL INFO Received and initiated operation=Setup res=0
dgx-48:665541:666161 [0] NCCL INFO ncclPollProxyResponse Received new opId=0x155213a97a80
