dgx-48:665541:666161 [0] NCCL INFO resp.opId=0x155213a97a80 matches expected opId=0x155213a97a80
dgx-48:665541:666174 [0] NCCL INFO New proxy recv connection 28 from local rank 0, transport 0
dgx-48:665541:666174 [0] NCCL INFO proxyProgressAsync opId=0x155213a97a80 op.type=1 op.reqBuff=0x155200318b70 op.respSize=16 done
dgx-48:665541:666174 [0] NCCL INFO Received and initiated operation=Init res=0
dgx-48:665541:666161 [0] NCCL INFO ncclPollProxyResponse Received new opId=0x155213a97a80
dgx-48:665541:666161 [0] NCCL INFO resp.opId=0x155213a97a80 matches expected opId=0x155213a97a80
dgx-48:665541:666161 [0] NCCL INFO Connected to proxy localRank 0 -> connection 0x155200006ad0
dgx-48:665541:666174 [0] NCCL INFO Allocated shareable buffer 0x155245800000 size 10485760 ipcDesc 0x1552003163d0
dgx-48:665541:666174 [0] NCCL INFO proxyProgressAsync opId=0x155213a97a80 op.type=3 op.reqBuff=0x1552003163a0 op.respSize=80 done
dgx-48:665541:666174 [0] NCCL INFO Received and initiated operation=Setup res=0
dgx-48:665541:666161 [0] NCCL INFO ncclPollProxyResponse Received new opId=0x155213a97a80
dgx-48:665541:666161 [0] NCCL INFO resp.opId=0x155213a97a80 matches expected opId=0x155213a97a80
dgx-48:665541:666161 [0] NCCL INFO ProxyCall UDS comm 0x836c630 rank 0 tpRank 5(b2a291aed4483aff) reqSize 8 respSize 0 respFd 0x15527c5b1d38 opId 0x3bcd805361eac37e
dgx-48:665541:666161 [0] NCCL INFO ProxyCall UDS comm 0x836c630 rank 0 tpRank 5(b2a291aed4483aff) reqSize 8 respSize 0 respFd 97 opId 0x3bcd805361eac37e - DONE
dgx-48:665541:666161 [0] NCCL INFO UDS: ClientGetFd handle 0x15520000f720 tpRank 5 returned fd 97
dgx-48:665541:666161 [0] NCCL INFO UDS converted handle 0x15520000f720 to fd 97 on remote peer 5
dgx-48:665541:666177 [0] NCCL INFO proxyUDSRecvReq::ncclProxyMsgGetFd rank 1 opId 0x2357b4e7f6b0bf18 handle=0x15520028ecd0
dgx-48:665541:666177 [0] NCCL INFO UDS proxyGetFd received handle 0x15520028ecd0 peer 1 opId 2357b4e7f6b0bf18
dgx-48:665541:666161 [0] NCCL INFO Imported shareable buffer device 0 size 10485760 ptr 0x155246200000
dgx-48:665541:666161 [0] NCCL INFO ProxyCall UDS comm 0x836c630 rank 0 tpRank 5(b2a291aed4483aff) reqSize 8 respSize 0 respFd 0x15527c5b1d38 opId 0xae9073ecbb4ae6e0
dgx-48:665541:666161 [0] NCCL INFO ProxyCall UDS comm 0x836c630 rank 0 tpRank 5(b2a291aed4483aff) reqSize 8 respSize 0 respFd 96 opId 0xae9073ecbb4ae6e0 - DONE
dgx-48:665541:666161 [0] NCCL INFO UDS: ClientGetFd handle 0x155200010e00 tpRank 5 returned fd 96
dgx-48:665541:666161 [0] NCCL INFO UDS converted handle 0x155200010e00 to fd 96 on remote peer 5
dgx-48:665541:666161 [0] NCCL INFO Imported shareable buffer device 0 size 10485760 ptr 0x155246c00000
dgx-48:665541:666161 [0] NCCL INFO ProxyCall UDS comm 0x836c630 rank 0 tpRank 5(b2a291aed4483aff) reqSize 8 respSize 0 respFd 0x15527c5b1d38 opId 0x731d1a16adbd1125
dgx-48:665541:666161 [0] NCCL INFO ProxyCall UDS comm 0x836c630 rank 0 tpRank 5(b2a291aed4483aff) reqSize 8 respSize 0 respFd 97 opId 0x731d1a16adbd1125 - DONE
dgx-48:665541:666161 [0] NCCL INFO UDS: ClientGetFd handle 0x1552000124e0 tpRank 5 returned fd 97
dgx-48:665541:666161 [0] NCCL INFO UDS converted handle 0x1552000124e0 to fd 97 on remote peer 5
dgx-48:665541:666177 [0] NCCL INFO proxyUDSRecvReq::ncclProxyMsgGetFd rank 1 opId 0xded271f9cd013e3d handle=0x15520037f450
dgx-48:665541:666177 [0] NCCL INFO UDS proxyGetFd received handle 0x15520037f450 peer 1 opId ded271f9cd013e3d
dgx-48:665541:666161 [0] NCCL INFO Imported shareable buffer device 0 size 10485760 ptr 0x155247600000
dgx-48:665541:666161 [0] NCCL INFO ProxyCall UDS comm 0x836c630 rank 0 tpRank 5(b2a291aed4483aff) reqSize 8 respSize 0 respFd 0x15527c5b1d38 opId 0x4d12238622ece7c2
dgx-48:665541:666161 [0] NCCL INFO ProxyCall UDS comm 0x836c630 rank 0 tpRank 5(b2a291aed4483aff) reqSize 8 respSize 0 respFd 97 opId 0x4d12238622ece7c2 - DONE
dgx-48:665541:666161 [0] NCCL INFO UDS: ClientGetFd handle 0x155200013b80 tpRank 5 returned fd 97
dgx-48:665541:666161 [0] NCCL INFO UDS converted handle 0x155200013b80 to fd 97 on remote peer 5
dgx-48:665541:666177 [0] NCCL INFO proxyUDSRecvReq::ncclProxyMsgGetFd rank 1 opId 0xd286c6ca8ade8365 handle=0x155200451c60
dgx-48:665541:666177 [0] NCCL INFO UDS proxyGetFd received handle 0x155200451c60 peer 1 opId d286c6ca8ade8365
dgx-48:665541:666161 [0] NCCL INFO Imported shareable buffer device 0 size 10485760 ptr 0x155248000000
dgx-48:665541:666161 [0] NCCL INFO sendConnect ncclProxyCallAsync opId=0x155213bcc130
dgx-48:665541:666177 [0] NCCL INFO proxyUDSRecvReq::ncclProxyMsgGetFd rank 1 opId 0xe74b54c0817de7c4 handle=0x1552001e32f0
dgx-48:665541:666177 [0] NCCL INFO UDS proxyGetFd received handle 0x1552001e32f0 peer 1 opId e74b54c0817de7c4
dgx-48:665541:666177 [0] NCCL INFO proxyUDSRecvReq::ncclProxyMsgGetFd rank 1 opId 0xc64cec6768cf8942 handle=0x155200173120
dgx-48:665541:666177 [0] NCCL INFO UDS proxyGetFd received handle 0x155200173120 peer 1 opId c64cec6768cf8942
dgx-48:665541:666177 [0] NCCL INFO proxyUDSRecvReq::ncclProxyMsgGetFd rank 1 opId 0xd461d1f0f10105ed handle=0x1552003174f0
dgx-48:665541:666177 [0] NCCL INFO UDS proxyGetFd received handle 0x1552003174f0 peer 1 opId d461d1f0f10105ed
dgx-48:665541:666161 [0] NCCL INFO recvConnect ncclProxyCallAsync opId=0x155213bcc2d0 &recv->proxyConn=0x155213bcc2d8 connectInfo=0x155213bff2f0
dgx-48:665541:666161 [0] NCCL INFO sendConnect ncclProxyCallAsync opId=0x155213be1ef0
dgx-48:665541:666161 [0] NCCL INFO recvConnect ncclProxyCallAsync opId=0x155213be2090 &recv->proxyConn=0x155213be2098 connectInfo=0x155213bff370
dgx-48:665541:666161 [0] NCCL INFO sendConnect ncclProxyCallAsync opId=0x155213be7b80
dgx-48:665541:666161 [0] NCCL INFO recvConnect ncclProxyCallAsync opId=0x155213be7d20 &recv->proxyConn=0x155213be7d28 connectInfo=0x155213bff3f0
dgx-48:665541:666161 [0] NCCL INFO sendConnect ncclProxyCallAsync opId=0x155213bed8b0
dgx-48:665541:666161 [0] NCCL INFO recvConnect ncclProxyCallAsync opId=0x155213beda50 &recv->proxyConn=0x155213beda58 connectInfo=0x155213bff470
dgx-48:665541:666161 [0] NCCL INFO ProxyCall UDS comm 0x836c630 rank 0 tpRank 5(b2a291aed4483aff) reqSize 8 respSize 0 respFd 0x15527c5b0d08 opId 0x143a8c5934c9bece
dgx-48:665541:666174 [0] NCCL INFO transport/net_ib.cc:985 Ib Alloc Size 181568 pointer 0x15520047c000
dgx-48:665541:666174 [0] NCCL INFO NET/IB: NCCL Dev 0 IbDev 0 Port 1 qpn 24324 mtu 5 LID 319 fifoRkey=0x17c786 fifoLkey=0x17c786
dgx-48:665541:666174 [0] NCCL INFO transport/net_ib.cc:1077 Ib Alloc Size 3336 pointer 0x15520003a000
dgx-48:665541:666174 [0] NCCL INFO Received and initiated operation=Connect res=0
dgx-48:665541:666174 [0] NCCL INFO transport/net_ib.cc:1191 Ib Alloc Size 164448 pointer 0x1552004e2000
dgx-48:665541:666174 [0] NCCL INFO Received and initiated operation=Connect res=0
dgx-48:665541:666174 [0] NCCL INFO transport/net_ib.cc:985 Ib Alloc Size 181568 pointer 0x155200511000
dgx-48:665541:666174 [0] NCCL INFO NET/IB: NCCL Dev 0 IbDev 0 Port 1 qpn 24325 mtu 5 LID 319 fifoRkey=0x174405 fifoLkey=0x174405
dgx-48:665541:666174 [0] NCCL INFO transport/net_ib.cc:1077 Ib Alloc Size 3336 pointer 0x155200578000
dgx-48:665541:666174 [0] NCCL INFO Received and initiated operation=Connect res=0
dgx-48:665541:666174 [0] NCCL INFO transport/net_ib.cc:1191 Ib Alloc Size 164448 pointer 0x15520057f000
dgx-48:665541:666174 [0] NCCL INFO Received and initiated operation=Connect res=0
dgx-48:665541:666174 [0] NCCL INFO transport/net_ib.cc:985 Ib Alloc Size 181568 pointer 0x1552005ae000
dgx-48:665541:666174 [0] NCCL INFO NET/IB: NCCL Dev 0 IbDev 0 Port 1 qpn 24326 mtu 5 LID 319 fifoRkey=0x1700c0 fifoLkey=0x1700c0
dgx-48:665541:666174 [0] NCCL INFO transport/net_ib.cc:1077 Ib Alloc Size 3336 pointer 0x155200617000
dgx-48:665541:666174 [0] NCCL INFO Received and initiated operation=Connect res=0
dgx-48:665541:666174 [0] NCCL INFO transport/net_ib.cc:1191 Ib Alloc Size 164448 pointer 0x15520061e000
dgx-48:665541:666174 [0] NCCL INFO Received and initiated operation=Connect res=0
dgx-48:665541:666174 [0] NCCL INFO transport/net_ib.cc:985 Ib Alloc Size 181568 pointer 0x15520064d000
dgx-48:665541:666174 [0] NCCL INFO NET/IB: NCCL Dev 0 IbDev 0 Port 1 qpn 24327 mtu 5 LID 319 fifoRkey=0x17ebab fifoLkey=0x17ebab
dgx-48:665541:666174 [0] NCCL INFO transport/net_ib.cc:1077 Ib Alloc Size 3336 pointer 0x1552006b6000
dgx-48:665541:666174 [0] NCCL INFO Received and initiated operation=Connect res=0
dgx-48:665541:666174 [0] NCCL INFO transport/net_ib.cc:1191 Ib Alloc Size 164448 pointer 0x1552006bd000
dgx-48:665541:666174 [0] NCCL INFO Received and initiated operation=Connect res=0
dgx-48:665541:666161 [0] NCCL INFO ProxyCall UDS comm 0x836c630 rank 0 tpRank 5(b2a291aed4483aff) reqSize 8 respSize 0 respFd 102 opId 0x143a8c5934c9bece - DONE
dgx-48:665541:666161 [0] NCCL INFO UDS: ClientGetFd handle 0x15520001aca0 tpRank 5 returned fd 102
dgx-48:665541:666161 [0] NCCL INFO UDS converted handle 0x15520001aca0 to fd 102 on remote peer 5
dgx-48:665541:666177 [0] NCCL INFO proxyUDSRecvReq::ncclProxyMsgGetFd rank 1 opId 0x8ae71599aaf41a6b handle=0x155200318bf0
dgx-48:665541:666177 [0] NCCL INFO UDS proxyGetFd received handle 0x155200318bf0 peer 1 opId 8ae71599aaf41a6b
dgx-48:665541:666161 [0] NCCL INFO Imported shareable buffer device 0 size 2097152 ptr 0x155248a00000
dgx-48:665541:666161 [0] NCCL INFO ProxyCall UDS comm 0x836c630 rank 0 tpRank 5(b2a291aed4483aff) reqSize 8 respSize 0 respFd 0x15527c5b0d08 opId 0xfb500f6f615ceb83
dgx-48:665541:666161 [0] NCCL INFO ProxyCall UDS comm 0x836c630 rank 0 tpRank 5(b2a291aed4483aff) reqSize 8 respSize 0 respFd 97 opId 0xfb500f6f615ceb83 - DONE
dgx-48:665541:666161 [0] NCCL INFO UDS: ClientGetFd handle 0x15520001c340 tpRank 5 returned fd 97
dgx-48:665541:666161 [0] NCCL INFO UDS converted handle 0x15520001c340 to fd 97 on remote peer 5
dgx-48:665541:666161 [0] NCCL INFO Imported shareable buffer device 0 size 2097152 ptr 0x155248c00000
dgx-48:665541:666161 [0] NCCL INFO ProxyCall UDS comm 0x836c630 rank 0 tpRank 5(b2a291aed4483aff) reqSize 8 respSize 0 respFd 0x15527c5b0d08 opId 0x33774fa83bc8429f
dgx-48:665541:666161 [0] NCCL INFO ProxyCall UDS comm 0x836c630 rank 0 tpRank 5(b2a291aed4483aff) reqSize 8 respSize 0 respFd 96 opId 0x33774fa83bc8429f - DONE
dgx-48:665541:666161 [0] NCCL INFO UDS: ClientGetFd handle 0x15520001d9e0 tpRank 5 returned fd 96
dgx-48:665541:666161 [0] NCCL INFO UDS converted handle 0x15520001d9e0 to fd 96 on remote peer 5
dgx-48:665541:666177 [0] NCCL INFO proxyUDSRecvReq::ncclProxyMsgGetFd rank 1 opId 0x24e469e331ed01da handle=0x155200316420
dgx-48:665541:666177 [0] NCCL INFO UDS proxyGetFd received handle 0x155200316420 peer 1 opId 24e469e331ed01da
dgx-48:665541:666161 [0] NCCL INFO Imported shareable buffer device 0 size 2097152 ptr 0x155248e00000
dgx-48:665541:666161 [0] NCCL INFO ProxyCall UDS comm 0x836c630 rank 0 tpRank 5(b2a291aed4483aff) reqSize 8 respSize 0 respFd 0x15527c5b0d08 opId 0x1e1e61756eb8e137
dgx-48:665541:666161 [0] NCCL INFO ProxyCall UDS comm 0x836c630 rank 0 tpRank 5(b2a291aed4483aff) reqSize 8 respSize 0 respFd 96 opId 0x1e1e61756eb8e137 - DONE
dgx-48:665541:666161 [0] NCCL INFO UDS: ClientGetFd handle 0x15520001f080 tpRank 5 returned fd 96
dgx-48:665541:666161 [0] NCCL INFO UDS converted handle 0x15520001f080 to fd 96 on remote peer 5
dgx-48:665541:666161 [0] NCCL INFO Imported shareable buffer device 0 size 2097152 ptr 0x155249000000
dgx-48:665541:666174 [0] NCCL INFO transport/net_ib.cc:1204 Ib Alloc Size 3336 pointer 0x1552006e7000
dgx-48:665541:666174 [0] NCCL INFO transport/net_ib.cc:1345 Ib Alloc Size 3336 pointer 0x15520074e000
dgx-48:665541:666174 [0] NCCL INFO Allocated shareable buffer 0x155249200000 size 10485760 ipcDesc 0x155200467f30
dgx-48:665541:666174 [0] NCCL INFO transport/net.cc:745 Cuda Host Alloc Size 532480 pointer 0x155235608200
dgx-48:665541:666174 [0] NCCL INFO proxyProgressAsync opId=0x155213bcc130 op.type=4 op.reqBuff=0x15520016dc50 op.respSize=21040 done
dgx-48:665541:666174 [0] NCCL INFO Allocated shareable buffer 0x155249c00000 size 9633792 ipcDesc 0x1552004532f0
dgx-48:665541:666174 [0] NCCL INFO transport/net.cc:894 Cuda Host Alloc Size 8192 pointer 0x15523568a200
dgx-48:665541:666174 [0] NCCL INFO proxyProgressAsync opId=0x155213bcc2d0 op.type=4 op.reqBuff=0x1552003163a0 op.respSize=21040 done
dgx-48:665541:666174 [0] NCCL INFO transport/net_ib.cc:1204 Ib Alloc Size 3336 pointer 0x1552004dd000
dgx-48:665541:666174 [0] NCCL INFO transport/net_ib.cc:1345 Ib Alloc Size 3336 pointer 0x1552007af000
dgx-48:665541:666161 [0] NCCL INFO ncclPollProxyResponse Received new opId=0x155213bcc130
dgx-48:665541:666161 [0] NCCL INFO resp.opId=0x155213bcc130 matches expected opId=0x155213bcc130
dgx-48:665541:666161 [0] NCCL INFO sendConnect ncclPollProxyResponse opId=0x155213bcc130
dgx-48:665541:666161 [0] NCCL INFO ncclPollProxyResponse Received new opId=0x155213bcc2d0
dgx-48:665541:666161 [0] NCCL INFO resp.opId=0x155213bcc2d0 matches expected opId=0x155213bcc2d0
dgx-48:665541:666161 [0] NCCL INFO recvConnect ncclPollProxyResponse opId=0x155213bcc2d0
dgx-48:665541:666174 [0] NCCL INFO New proxy send connection 29 from local rank 2, transport 2
dgx-48:665541:666174 [0] NCCL INFO proxyProgressAsync opId=0x155213bf60f0 op.type=1 op.reqBuff=0x155200762ed0 op.respSize=16 done
dgx-48:665541:666174 [0] NCCL INFO Received and initiated operation=Init res=0
dgx-48:665541:666174 [0] NCCL INFO Allocated shareable buffer 0x15524a600000 size 8388608 ipcDesc 0x1552007ae1d8
dgx-48:665541:666174 [0] NCCL INFO proxyProgressAsync opId=0x155213bf60f0 op.type=2 op.reqBuff=0x155200762f50 op.respSize=0 done
dgx-48:665541:666174 [0] NCCL INFO Received and initiated operation=SharedInit res=0
dgx-48:665541:666174 [0] NCCL INFO Allocated shareable buffer 0x15524ae00000 size 9633792 ipcDesc 0x155200458600
dgx-48:665541:666174 [0] NCCL INFO transport/net.cc:894 Cuda Host Alloc Size 8192 pointer 0x15523568c200
dgx-48:665541:666174 [0] NCCL INFO Mem Realloc old size 1024, new size 2048 pointer 0x155200693080
dgx-48:665541:666174 [0] NCCL INFO proxyProgressAsync opId=0x155213be2090 op.type=4 op.reqBuff=0x155200039fe0 op.respSize=21040 done
dgx-48:665541:666161 [0] NCCL INFO ncclPollProxyResponse Received new opId=0x155213be2090
dgx-48:665541:666161 [0] NCCL INFO resp.opId=0x155213be2090 matches expected opId=0x155213be2090
dgx-48:665541:666161 [0] NCCL INFO recvConnect ncclPollProxyResponse opId=0x155213be2090
dgx-48:665541:666174 [0] NCCL INFO Allocated shareable buffer 0x15524b800000 size 10485760 ipcDesc 0x15520046d220
dgx-48:665541:666174 [0] NCCL INFO transport/net.cc:745 Cuda Host Alloc Size 532480 pointer 0x15523568e200
dgx-48:665541:666174 [0] NCCL INFO proxyProgressAsync opId=0x155213be1ef0 op.type=4 op.reqBuff=0x15520047bcc0 op.respSize=21040 done
dgx-48:665541:666174 [0] NCCL INFO transport/net_ib.cc:1204 Ib Alloc Size 3336 pointer 0x15520050c000
dgx-48:665541:666161 [0] NCCL INFO ncclPollProxyResponse Received new opId=0x155213be1ef0
dgx-48:665541:666161 [0] NCCL INFO Queuing opId=0x155213be1ef0 respBuff=0x155213c25360 respSize=21040
dgx-48:665541:666161 [0] NCCL INFO ncclPollProxyResponse Dequeued cached opId=0x155213be1ef0
dgx-48:665541:666161 [0] NCCL INFO sendConnect ncclPollProxyResponse opId=0x155213be1ef0
dgx-48:665541:666174 [0] NCCL INFO transport/net_ib.cc:1345 Ib Alloc Size 3336 pointer 0x155200810000
dgx-48:665541:666174 [0] NCCL INFO Allocated shareable buffer 0x15524c200000 size 9633792 ipcDesc 0x15520045d910
dgx-48:665541:666174 [0] NCCL INFO transport/net.cc:894 Cuda Host Alloc Size 8192 pointer 0x155235710200
dgx-48:665541:666174 [0] NCCL INFO proxyProgressAsync opId=0x155213be7d20 op.type=4 op.reqBuff=0x1552005adf50 op.respSize=21040 done
dgx-48:665541:666161 [0] NCCL INFO ncclPollProxyResponse Received new opId=0x155213be7d20
dgx-48:665541:666161 [0] NCCL INFO resp.opId=0x155213be7d20 matches expected opId=0x155213be7d20
dgx-48:665541:666161 [0] NCCL INFO recvConnect ncclPollProxyResponse opId=0x155213be7d20
dgx-48:665541:666174 [0] NCCL INFO Allocated shareable buffer 0x15524cc00000 size 10485760 ipcDesc 0x155200472510
dgx-48:665541:666174 [0] NCCL INFO transport/net.cc:745 Cuda Host Alloc Size 532480 pointer 0x155235712200
dgx-48:665541:666174 [0] NCCL INFO proxyProgressAsync opId=0x155213be7b80 op.type=4 op.reqBuff=0x155200510590 op.respSize=21040 done
dgx-48:665541:666174 [0] NCCL INFO transport/net_ib.cc:1204 Ib Alloc Size 3336 pointer 0x1552005a9000
dgx-48:665541:666161 [0] NCCL INFO ncclPollProxyResponse Received new opId=0x155213be7b80
dgx-48:665541:666161 [0] NCCL INFO resp.opId=0x155213be7b80 matches expected opId=0x155213be7b80
dgx-48:665541:666161 [0] NCCL INFO sendConnect ncclPollProxyResponse opId=0x155213be7b80
dgx-48:665541:666174 [0] NCCL INFO transport/net_ib.cc:1345 Ib Alloc Size 3336 pointer 0x155200871000
dgx-48:665541:666174 [0] NCCL INFO Allocated shareable buffer 0x15524d600000 size 9633792 ipcDesc 0x155200462c20
dgx-48:665541:666174 [0] NCCL INFO transport/net.cc:894 Cuda Host Alloc Size 8192 pointer 0x155235794200
dgx-48:665541:666174 [0] NCCL INFO proxyProgressAsync opId=0x155213beda50 op.type=4 op.reqBuff=0x15520061dc60 op.respSize=21040 done
dgx-48:665541:666174 [0] NCCL INFO Allocated shareable buffer 0x15524e000000 size 10485760 ipcDesc 0x155200477800
dgx-48:665541:666174 [0] NCCL INFO transport/net.cc:745 Cuda Host Alloc Size 532480 pointer 0x15524ea00000
dgx-48:665541:666174 [0] NCCL INFO proxyProgressAsync opId=0x155213bed8b0 op.type=4 op.reqBuff=0x155200510c90 op.respSize=21040 done
dgx-48:665541:666161 [0] NCCL INFO ncclPollProxyResponse Received new opId=0x155213beda50
dgx-48:665541:666161 [0] NCCL INFO Queuing opId=0x155213beda50 respBuff=0x155213c2f7e0 respSize=21040
dgx-48:665541:666161 [0] NCCL INFO ncclPollProxyResponse Dequeued cached opId=0x155213beda50
dgx-48:665541:666161 [0] NCCL INFO recvConnect ncclPollProxyResponse opId=0x155213beda50
dgx-48:665541:666161 [0] NCCL INFO ncclPollProxyResponse Received new opId=0x155213bed8b0
dgx-48:665541:666161 [0] NCCL INFO resp.opId=0x155213bed8b0 matches expected opId=0x155213bed8b0
dgx-48:665541:666161 [0] NCCL INFO sendConnect ncclPollProxyResponse opId=0x155213bed8b0
dgx-48:665541:666161 [0] NCCL INFO Connected all trees
dgx-48:665541:666161 [0] NCCL INFO threadThresholds 8/8/64 | 64/8/64 | 512 | 512
dgx-48:665541:666161 [0] NCCL INFO 4 coll channels, 4 collnet channels, 0 nvls channels, 4 p2p channels, 2 p2p channels per peer
dgx-48:665541:666174 [0] NCCL INFO New proxy send connection 30 from local rank 0, transport 2
dgx-48:665541:666174 [0] NCCL INFO proxyProgressAsync opId=0x155213a97a80 op.type=1 op.reqBuff=0x15520028efd0 op.respSize=16 done
dgx-48:665541:666161 [0] NCCL INFO ncclPollProxyResponse Received new opId=0x155213a97a80
dgx-48:665541:666174 [0] NCCL INFO Received and initiated operation=Init res=0
dgx-48:665541:666161 [0] NCCL INFO resp.opId=0x155213a97a80 matches expected opId=0x155213a97a80
dgx-48:665541:666161 [0] NCCL INFO Connected to proxy localRank 0 -> connection 0x155200006bc0
dgx-48:665541:666174 [0] NCCL INFO Allocated shareable buffer 0x15524ec00000 size 8388608 ipcDesc 0x1552004ba6e8
dgx-48:665541:666174 [0] NCCL INFO proxyProgressAsync opId=0x155213a97a80 op.type=2 op.reqBuff=0x15520064cfd0 op.respSize=0 done
dgx-48:665541:666174 [0] NCCL INFO Received and initiated operation=SharedInit res=0
dgx-48:665541:666161 [0] NCCL INFO ncclPollProxyResponse Received new opId=0x155213a97a80
dgx-48:665541:666161 [0] NCCL INFO resp.opId=0x155213a97a80 matches expected opId=0x155213a97a80
dgx-48:665541:666161 [0] NCCL INFO init.cc:402 Cuda Alloc Size 11856 pointer 0x15524f400000
dgx-48:665541:666174 [0] NCCL INFO New proxy send connection 31 from local rank 1, transport 2
dgx-48:665541:666174 [0] NCCL INFO proxyProgressAsync opId=0x155213c21970 op.type=1 op.reqBuff=0x15520003a180 op.respSize=16 done
dgx-48:665541:666174 [0] NCCL INFO Received and initiated operation=Init res=0
dgx-48:665541:666174 [0] NCCL INFO Allocated shareable buffer 0x15524f600000 size 8388608 ipcDesc 0x15520003a238
dgx-48:665541:666174 [0] NCCL INFO proxyProgressAsync opId=0x155213c21970 op.type=2 op.reqBuff=0x15520003a200 op.respSize=0 done
dgx-48:665541:666174 [0] NCCL INFO Received and initiated operation=SharedInit res=0
dgx-48:665541:666161 [0] NCCL INFO init.cc:430 Cuda Host Alloc Size 33554432 pointer 0x1551fa000000
dgx-48:665541:666161 [0] NCCL INFO init.cc:436 Cuda Host Alloc Size 128 pointer 0x155235796200
dgx-48:665541:666161 [0] NCCL INFO TUNER/Plugin: Plugin load returned 2 : libnccl-net.so: cannot open shared object file: No such file or directory : when loading libnccl-tuner.so
dgx-48:665541:666161 [0] NCCL INFO TUNER/Plugin: Using internal tuner plugin.
dgx-48:665541:666161 [0] NCCL INFO ncclCommInitRank comm 0x836c630 rank 4 nranks 8 cudaDev 0 nvmlDev 0 busId 1b000 commId 0x79fd8d69287cf8fe - Init COMPLETE
dgx-48:665541:665541 [0] NCCL INFO AllReduce: opCount 0 sendbuff 0x15524fe00200 recvbuff 0x15524fe00200 count 1 datatype 7 op 0 root 0 comm 0x836c630 [nranks=8] stream 0x7c4d160
dgx-48:665541:665541 [0] NCCL INFO misc/utils.cc:235 memory stack hunk malloc(65536)
dgx-48:665541:665541 [0] NCCL INFO AllReduce: opCount 1 sendbuff 0x15524fe00000 recvbuff 0x15524fe00000 count 1 datatype 7 op 0 root 0 comm 0x836c630 [nranks=8] stream 0x7c4d160
Rank 4: Received model_metadata: {'block_shape': torch.Size([13015864320])}
dgx-48:665541:665541 [0] NCCL INFO AllReduce: opCount 2 sendbuff 0x15524fe00200 recvbuff 0x15524fe00200 count 1 datatype 7 op 0 root 0 comm 0x836c630 [nranks=8] stream 0x7c4d160
Rank [4]: Block 0 in gpu before brocast: 0.0
Rank [4]: Starting broadcast...
dgx-48:665541:665541 [0] NCCL INFO Broadcast: opCount 3 sendbuff 0x154bb4000000 recvbuff 0x154bb4000000 count 26031728640 datatype 0 op 0 root 0 comm 0x836c630 [nranks=8] stream 0x7c4d160
dgx-48:665541:665541 [0] NCCL INFO AllReduce: opCount 4 sendbuff 0x15524fe00000 recvbuff 0x15524fe00000 count 1 datatype 7 op 0 root 0 comm 0x836c630 [nranks=8] stream 0x7c4d160
Rank [4]: Total Broadcast Time 837.809 ms.
Rank [4]: First block after broadcast: -4.887580871582031e-06
dgx-48:665541:666174 [0] NCCL INFO [Service thread] Connection closed by localRank 0
dgx-48:665541:666174 [0] NCCL INFO [Service thread] Connection closed by localRank 3
dgx-48:665541:666174 [0] NCCL INFO [Service thread] Connection closed by localRank 1
dgx-48:665541:666174 [0] NCCL INFO [Service thread] Connection closed by localRank 2
dgx-48:665541:666177 [0] NCCL INFO [Proxy Service UDS] exit: stop 1 abortFlag 1
dgx-48:665541:666186 [0] NCCL INFO comm 0x836c630 rank 4 nranks 8 cudaDev 0 busId 1b000 - Abort COMPLETE
