[rank3]:[W105 09:14:19.790560423 ProcessGroupNCCL.cpp:4115] [PG ID 0 PG GUID 0 Rank 3]  using GPU 3 to perform barrier as devices used by this process are currently unknown. This can potentially cause a hang if this rank to GPU mapping is incorrect.Specify device_ids in barrier() to force use of a particular device,or call init_process_group() with a device_id.
dgx-35:3927808:3927808 [3] NCCL INFO cudaDriverVersion 12020
dgx-35:3927808:3927808 [3] NCCL INFO Bootstrap : Using ibp24s0:10.23.1.29<0>
dgx-35:3927808:3927808 [3] NCCL INFO NET/Plugin: No plugin found (libnccl-net.so)
dgx-35:3927808:3927808 [3] NCCL INFO NET/Plugin: Plugin load returned 2 : libnccl-net.so: cannot open shared object file: No such file or directory : when loading libnccl-net.so
dgx-35:3927808:3927808 [3] NCCL INFO NET/Plugin: Using internal network plugin.
dgx-35:3927808:3927808 [3] NCCL INFO init.cc:1785 Cuda Host Alloc Size 4 pointer 0x155235600000
dgx-35:3927808:3928091 [3] NCCL INFO NCCL_IB_DISABLE set by environment to 0.
dgx-35:3927808:3928091 [3] NCCL INFO NCCL_IB_HCA set to mlx5_0
dgx-35:3927808:3928091 [3] NCCL INFO NET/IB : Using [0]mlx5_0:1/IB [RO]; OOB ibp24s0:10.23.1.29<0>
dgx-35:3927808:3928091 [3] NCCL INFO Using non-device net plugin version 0
dgx-35:3927808:3928091 [3] NCCL INFO Using network IB
dgx-35:3927808:3928091 [3] NCCL INFO ncclCommInitRank comm 0x836c610 rank 3 nranks 8 cudaDev 3 nvmlDev 3 busId 61000 commId 0x79fd8d69287cf8fe - Init START
dgx-35:3927808:3928091 [3] NCCL INFO NET/IB : GPU Direct RDMA Enabled for HCA 0 'mlx5_0'
dgx-35:3927808:3928091 [3] NCCL INFO NCCL_NET_GDR_LEVEL set by environment to PHB
dgx-35:3927808:3928091 [3] NCCL INFO GPU Direct RDMA Enabled for GPU 1b000 / HCA 0 (distance 4 <= 6), read 0
dgx-35:3927808:3928091 [3] NCCL INFO GPU Direct RDMA Enabled for GPU 43000 / HCA 0 (distance 4 <= 6), read 0
dgx-35:3927808:3928091 [3] NCCL INFO GPU Direct RDMA Enabled for GPU 52000 / HCA 0 (distance 4 <= 6), read 0
dgx-35:3927808:3928091 [3] NCCL INFO GPU Direct RDMA Enabled for GPU 61000 / HCA 0 (distance 4 <= 6), read 0
dgx-35:3927808:3928091 [3] NCCL INFO GPU Direct RDMA Enabled for GPU 1b000 / HCA 0 (distance 4 <= 6), read 0
dgx-35:3927808:3928091 [3] NCCL INFO GPU Direct RDMA Enabled for GPU 43000 / HCA 0 (distance 4 <= 6), read 0
dgx-35:3927808:3928091 [3] NCCL INFO GPU Direct RDMA Enabled for GPU 52000 / HCA 0 (distance 4 <= 6), read 0
dgx-35:3927808:3928091 [3] NCCL INFO GPU Direct RDMA Enabled for GPU 61000 / HCA 0 (distance 4 <= 6), read 0
dgx-35:3927808:3928091 [3] NCCL INFO === System : maxBw 48.0 totalBw 164.8 ===
dgx-35:3927808:3928091 [3] NCCL INFO CPU/0-0 (1/1/2)
dgx-35:3927808:3928091 [3] NCCL INFO + PCI[48.0] - PCI/0-16000 (15b3197900000000)
dgx-35:3927808:3928091 [3] NCCL INFO               + PCI[48.0] - NIC/0-18000
dgx-35:3927808:3928091 [3] NCCL INFO                             + NET[50.0] - NET/0 (d47f0a0003c288a0/1/50.000000)
dgx-35:3927808:3928091 [3] NCCL INFO               + PCI[48.0] - PCI/0-19000 (15b3197900000000)
dgx-35:3927808:3928091 [3] NCCL INFO                             + PCI[48.0] - GPU/0-1b000 (0)
dgx-35:3927808:3928091 [3] NCCL INFO                                           + NVL[164.8] - NVS/0
dgx-35:3927808:3928091 [3] NCCL INFO + PCI[48.0] - PCI/0-3e000 (15b3197900000000)
dgx-35:3927808:3928091 [3] NCCL INFO               + PCI[48.0] - PCI/0-41000 (15b3197900000000)
dgx-35:3927808:3928091 [3] NCCL INFO                             + PCI[48.0] - GPU/0-43000 (1)
dgx-35:3927808:3928091 [3] NCCL INFO                                           + NVL[164.8] - NVS/0
dgx-35:3927808:3928091 [3] NCCL INFO + PCI[48.0] - PCI/0-4d000 (15b3197900000000)
dgx-35:3927808:3928091 [3] NCCL INFO               + PCI[48.0] - PCI/0-50000 (15b3197900000000)
dgx-35:3927808:3928091 [3] NCCL INFO                             + PCI[48.0] - GPU/0-52000 (2)
dgx-35:3927808:3928091 [3] NCCL INFO                                           + NVL[164.8] - NVS/0
dgx-35:3927808:3928091 [3] NCCL INFO + PCI[48.0] - PCI/0-5c000 (15b3197900000000)
dgx-35:3927808:3928091 [3] NCCL INFO               + PCI[48.0] - PCI/0-5f000 (15b3197900000000)
dgx-35:3927808:3928091 [3] NCCL INFO                             + PCI[48.0] - GPU/0-61000 (3)
dgx-35:3927808:3928091 [3] NCCL INFO                                           + NVL[164.8] - NVS/0
dgx-35:3927808:3928091 [3] NCCL INFO ==========================================
dgx-35:3927808:3928091 [3] NCCL INFO GPU/1B000 :GPU/0-1b000 (0/5000.0/LOC) GPU/0-43000 (2/164.8/NVL) GPU/0-52000 (2/164.8/NVL) GPU/0-61000 (2/164.8/NVL) NVS/0-0 (1/164.8/NVL) CPU/0-0 (3/48.0/PHB) NET/0-0 (4/48.0/PXB) 
dgx-35:3927808:3928091 [3] NCCL INFO GPU/43000 :GPU/0-1b000 (2/164.8/NVL) GPU/0-43000 (0/5000.0/LOC) GPU/0-52000 (2/164.8/NVL) GPU/0-61000 (2/164.8/NVL) NVS/0-0 (1/164.8/NVL) CPU/0-0 (3/48.0/PHB) NET/0-0 (6/48.0/PXN) 
dgx-35:3927808:3928091 [3] NCCL INFO GPU/52000 :GPU/0-1b000 (2/164.8/NVL) GPU/0-43000 (2/164.8/NVL) GPU/0-52000 (0/5000.0/LOC) GPU/0-61000 (2/164.8/NVL) NVS/0-0 (1/164.8/NVL) CPU/0-0 (3/48.0/PHB) NET/0-0 (6/48.0/PXN) 
dgx-35:3927808:3928091 [3] NCCL INFO GPU/61000 :GPU/0-1b000 (2/164.8/NVL) GPU/0-43000 (2/164.8/NVL) GPU/0-52000 (2/164.8/NVL) GPU/0-61000 (0/5000.0/LOC) NVS/0-0 (1/164.8/NVL) CPU/0-0 (3/48.0/PHB) NET/0-0 (6/48.0/PXN) 
dgx-35:3927808:3928091 [3] NCCL INFO NET/0 :GPU/0-1b000 (4/48.0/PXB) GPU/0-43000 (6/48.0/PHB) GPU/0-52000 (6/48.0/PHB) GPU/0-61000 (6/48.0/PHB) CPU/0-0 (3/48.0/PHB) NET/0-0 (0/5000.0/LOC) 
dgx-35:3927808:3928091 [3] NCCL INFO Setting affinity for GPU 3 to 030000,00000000,00000000,00000003
dgx-35:3927808:3928091 [3] NCCL INFO Pattern 4, crossNic 0, nChannels 2, bw 24.000000/24.000000, type NVL/PXN, sameChannels 1
dgx-35:3927808:3928091 [3] NCCL INFO  0 : NET/0 GPU/0 GPU/3 GPU/2 GPU/1 NET/0
dgx-35:3927808:3928091 [3] NCCL INFO  1 : NET/0 GPU/0 GPU/3 GPU/2 GPU/1 NET/0
dgx-35:3927808:3928091 [3] NCCL INFO Pattern 3, crossNic 0, nChannels 2, bw 48.000000/24.000000, type NVL/PXB, sameChannels 1
dgx-35:3927808:3928091 [3] NCCL INFO  0 : NET/0 GPU/0 GPU/1 GPU/2 GPU/3 NET/0
dgx-35:3927808:3928091 [3] NCCL INFO  1 : NET/0 GPU/0 GPU/1 GPU/2 GPU/3 NET/0
dgx-35:3927808:3928091 [3] NCCL INFO comm 0x836c610 rank 3 nRanks 8 nNodes 2 localRanks 4 localRank 3 MNNVL 0
dgx-35:3927808:3928091 [3] NCCL INFO Ring 00 : 0 -> 3 -> 2
dgx-35:3927808:3928091 [3] NCCL INFO Ring 01 : 0 -> 3 -> 2
dgx-35:3927808:3928091 [3] NCCL INFO Ring 02 : 0 -> 3 -> 2
dgx-35:3927808:3928091 [3] NCCL INFO Ring 03 : 0 -> 3 -> 2
dgx-35:3927808:3928091 [3] NCCL INFO Trees [0] -1/-1/-1->3->2 [1] -1/-1/-1->3->2 [2] -1/-1/-1->3->2 [3] -1/-1/-1->3->2
dgx-35:3927808:3928091 [3] NCCL INFO P2P Chunksize set to 131072
dgx-35:3927808:3928091 [3] NCCL INFO UDS: Creating service thread comm 0x836c610 rank 3
dgx-35:3927808:3928091 [3] NCCL INFO misc/utils.cc:235 memory stack hunk malloc(65536)
dgx-35:3927808:3928091 [3] NCCL INFO channel.cc:41 Cuda Alloc Size 4864 pointer 0x155239200000
dgx-35:3927808:3928091 [3] NCCL INFO channel.cc:44 Cuda Alloc Size 104 pointer 0x155239400000
dgx-35:3927808:3928091 [3] NCCL INFO channel.cc:55 Cuda Alloc Size 32 pointer 0x155239600000
dgx-35:3927808:3928091 [3] NCCL INFO channel.cc:41 Cuda Alloc Size 4864 pointer 0x155239800000
dgx-35:3927808:3928091 [3] NCCL INFO channel.cc:44 Cuda Alloc Size 104 pointer 0x155239a00000
dgx-35:3927808:3928091 [3] NCCL INFO channel.cc:55 Cuda Alloc Size 32 pointer 0x155239c00000
dgx-35:3927808:3928091 [3] NCCL INFO channel.cc:41 Cuda Alloc Size 4864 pointer 0x155239e00000
dgx-35:3927808:3928091 [3] NCCL INFO channel.cc:44 Cuda Alloc Size 104 pointer 0x15523a000000
dgx-35:3927808:3928091 [3] NCCL INFO channel.cc:55 Cuda Alloc Size 32 pointer 0x15523a200000
dgx-35:3927808:3928091 [3] NCCL INFO channel.cc:41 Cuda Alloc Size 4864 pointer 0x15523a400000
dgx-35:3927808:3928091 [3] NCCL INFO channel.cc:44 Cuda Alloc Size 104 pointer 0x15523a600000
dgx-35:3927808:3928091 [3] NCCL INFO channel.cc:55 Cuda Alloc Size 32 pointer 0x15523a800000
dgx-35:3927808:3928129 [3] NCCL INFO Mem Realloc old size 0, new size 8 pointer 0x155200002f10
dgx-35:3927808:3928129 [3] NCCL INFO New proxy recv connection 0 from local rank 3, transport 0
dgx-35:3927808:3928129 [3] NCCL INFO proxyProgressAsync opId=0x155213a97ae0 op.type=1 op.reqBuff=0x155200002ed0 op.respSize=16 done
dgx-35:3927808:3928129 [3] NCCL INFO Received and initiated operation=Init res=0
dgx-35:3927808:3928091 [3] NCCL INFO ncclPollProxyResponse Received new opId=0x155213a97ae0
dgx-35:3927808:3928091 [3] NCCL INFO resp.opId=0x155213a97ae0 matches expected opId=0x155213a97ae0
dgx-35:3927808:3928091 [3] NCCL INFO Connected to proxy localRank 3 -> connection 0x155200005db0
dgx-35:3927808:3928129 [3] NCCL INFO Allocated shareable buffer 0x15523aa00000 size 10485760 ipcDesc 0x155200009a30
dgx-35:3927808:3928129 [3] NCCL INFO proxyProgressAsync opId=0x155213a97ae0 op.type=3 op.reqBuff=0x155200009a00 op.respSize=80 done
dgx-35:3927808:3928129 [3] NCCL INFO Received and initiated operation=Setup res=0
dgx-35:3927808:3928091 [3] NCCL INFO ncclPollProxyResponse Received new opId=0x155213a97ae0
dgx-35:3927808:3928091 [3] NCCL INFO resp.opId=0x155213a97ae0 matches expected opId=0x155213a97ae0
dgx-35:3927808:3928129 [3] NCCL INFO New proxy recv connection 1 from local rank 3, transport 0
dgx-35:3927808:3928129 [3] NCCL INFO proxyProgressAsync opId=0x155213a97ae0 op.type=1 op.reqBuff=0x15520000b120 op.respSize=16 done
dgx-35:3927808:3928129 [3] NCCL INFO Received and initiated operation=Init res=0
dgx-35:3927808:3928091 [3] NCCL INFO ncclPollProxyResponse Received new opId=0x155213a97ae0
dgx-35:3927808:3928091 [3] NCCL INFO resp.opId=0x155213a97ae0 matches expected opId=0x155213a97ae0
dgx-35:3927808:3928091 [3] NCCL INFO Connected to proxy localRank 3 -> connection 0x155200005e28
dgx-35:3927808:3928129 [3] NCCL INFO Allocated shareable buffer 0x15523b400000 size 10485760 ipcDesc 0x15520000b1d0
dgx-35:3927808:3928129 [3] NCCL INFO proxyProgressAsync opId=0x155213a97ae0 op.type=3 op.reqBuff=0x15520000b1a0 op.respSize=80 done
dgx-35:3927808:3928129 [3] NCCL INFO Received and initiated operation=Setup res=0
dgx-35:3927808:3928091 [3] NCCL INFO ncclPollProxyResponse Received new opId=0x155213a97ae0
dgx-35:3927808:3928091 [3] NCCL INFO resp.opId=0x155213a97ae0 matches expected opId=0x155213a97ae0
dgx-35:3927808:3928129 [3] NCCL INFO New proxy recv connection 2 from local rank 3, transport 0
dgx-35:3927808:3928129 [3] NCCL INFO proxyProgressAsync opId=0x155213a97ae0 op.type=1 op.reqBuff=0x15520000c860 op.respSize=16 done
dgx-35:3927808:3928129 [3] NCCL INFO Received and initiated operation=Init res=0
dgx-35:3927808:3928091 [3] NCCL INFO ncclPollProxyResponse Received new opId=0x155213a97ae0
dgx-35:3927808:3928091 [3] NCCL INFO resp.opId=0x155213a97ae0 matches expected opId=0x155213a97ae0
dgx-35:3927808:3928091 [3] NCCL INFO Connected to proxy localRank 3 -> connection 0x155200005ea0
dgx-35:3927808:3928129 [3] NCCL INFO Allocated shareable buffer 0x15523be00000 size 10485760 ipcDesc 0x15520000c8f0
dgx-35:3927808:3928129 [3] NCCL INFO proxyProgressAsync opId=0x155213a97ae0 op.type=3 op.reqBuff=0x15520000c880 op.respSize=80 done
dgx-35:3927808:3928129 [3] NCCL INFO Received and initiated operation=Setup res=0
dgx-35:3927808:3928091 [3] NCCL INFO ncclPollProxyResponse Received new opId=0x155213a97ae0
dgx-35:3927808:3928091 [3] NCCL INFO resp.opId=0x155213a97ae0 matches expected opId=0x155213a97ae0
dgx-35:3927808:3928129 [3] NCCL INFO New proxy recv connection 3 from local rank 3, transport 0
dgx-35:3927808:3928129 [3] NCCL INFO proxyProgressAsync opId=0x155213a97ae0 op.type=1 op.reqBuff=0x15520000c880 op.respSize=16 done
dgx-35:3927808:3928129 [3] NCCL INFO Received and initiated operation=Init res=0
dgx-35:3927808:3928091 [3] NCCL INFO ncclPollProxyResponse Received new opId=0x155213a97ae0
dgx-35:3927808:3928091 [3] NCCL INFO resp.opId=0x155213a97ae0 matches expected opId=0x155213a97ae0
dgx-35:3927808:3928091 [3] NCCL INFO Connected to proxy localRank 3 -> connection 0x155200005f18
dgx-35:3927808:3928129 [3] NCCL INFO Allocated shareable buffer 0x15523c800000 size 10485760 ipcDesc 0x15520000dff0
dgx-35:3927808:3928129 [3] NCCL INFO proxyProgressAsync opId=0x155213a97ae0 op.type=3 op.reqBuff=0x15520000df80 op.respSize=80 done
dgx-35:3927808:3928129 [3] NCCL INFO Received and initiated operation=Setup res=0
dgx-35:3927808:3928091 [3] NCCL INFO ncclPollProxyResponse Received new opId=0x155213a97ae0
dgx-35:3927808:3928091 [3] NCCL INFO resp.opId=0x155213a97ae0 matches expected opId=0x155213a97ae0
dgx-35:3927808:3928091 [3] NCCL INFO Channel 00/0 : 3[3] -> 2[2] via P2P/CUMEM
dgx-35:3927808:3928133 [3] NCCL INFO proxyUDSRecvReq::ncclProxyMsgGetFd rank 0 opId 0x41ea819242d09300 handle=0x155200009a80
dgx-35:3927808:3928133 [3] NCCL INFO UDS proxyGetFd received handle 0x155200009a80 peer 0 opId 41ea819242d09300
dgx-35:3927808:3928133 [3] NCCL INFO proxyUDSRecvReq::ncclProxyMsgGetFd rank 0 opId 0xc7d03916d82d338f handle=0x15520000b220
dgx-35:3927808:3928133 [3] NCCL INFO UDS proxyGetFd received handle 0x15520000b220 peer 0 opId c7d03916d82d338f
dgx-35:3927808:3928133 [3] NCCL INFO proxyUDSRecvReq::ncclProxyMsgGetFd rank 0 opId 0x70cb1a7e314fe915 handle=0x15520000c940
dgx-35:3927808:3928133 [3] NCCL INFO UDS proxyGetFd received handle 0x15520000c940 peer 0 opId 70cb1a7e314fe915
dgx-35:3927808:3928133 [3] NCCL INFO proxyUDSRecvReq::ncclProxyMsgGetFd rank 0 opId 0x8615161e41df3a66 handle=0x15520000e040
dgx-35:3927808:3928133 [3] NCCL INFO UDS proxyGetFd received handle 0x15520000e040 peer 0 opId 8615161e41df3a66
dgx-35:3927808:3928129 [3] NCCL INFO New proxy send connection 4 from local rank 3, transport 0
dgx-35:3927808:3928129 [3] NCCL INFO proxyProgressAsync opId=0x155213a97ae0 op.type=1 op.reqBuff=0x15520000df80 op.respSize=16 done
dgx-35:3927808:3928129 [3] NCCL INFO Received and initiated operation=Init res=0
dgx-35:3927808:3928091 [3] NCCL INFO ncclPollProxyResponse Received new opId=0x155213a97ae0
dgx-35:3927808:3928091 [3] NCCL INFO resp.opId=0x155213a97ae0 matches expected opId=0x155213a97ae0
dgx-35:3927808:3928091 [3] NCCL INFO Connected to proxy localRank 3 -> connection 0x155200005f90
dgx-35:3927808:3928129 [3] NCCL INFO Allocated shareable buffer 0x15523d200000 size 2097152 ipcDesc 0x15520000f6d0
dgx-35:3927808:3928129 [3] NCCL INFO proxyProgressAsync opId=0x155213a97ae0 op.type=3 op.reqBuff=0x15520000f660 op.respSize=80 done
dgx-35:3927808:3928129 [3] NCCL INFO Received and initiated operation=Setup res=0
dgx-35:3927808:3928091 [3] NCCL INFO ncclPollProxyResponse Received new opId=0x155213a97ae0
dgx-35:3927808:3928091 [3] NCCL INFO resp.opId=0x155213a97ae0 matches expected opId=0x155213a97ae0
dgx-35:3927808:3928091 [3] NCCL INFO Channel 01/0 : 3[3] -> 2[2] via P2P/CUMEM
dgx-35:3927808:3928129 [3] NCCL INFO New proxy send connection 5 from local rank 3, transport 0
dgx-35:3927808:3928129 [3] NCCL INFO proxyProgressAsync opId=0x155213a97ae0 op.type=1 op.reqBuff=0x15520000f660 op.respSize=16 done
dgx-35:3927808:3928129 [3] NCCL INFO Received and initiated operation=Init res=0
dgx-35:3927808:3928091 [3] NCCL INFO ncclPollProxyResponse Received new opId=0x155213a97ae0
dgx-35:3927808:3928091 [3] NCCL INFO resp.opId=0x155213a97ae0 matches expected opId=0x155213a97ae0
dgx-35:3927808:3928091 [3] NCCL INFO Connected to proxy localRank 3 -> connection 0x155200006008
dgx-35:3927808:3928129 [3] NCCL INFO Allocated shareable buffer 0x15523d400000 size 2097152 ipcDesc 0x155200010db0
dgx-35:3927808:3928129 [3] NCCL INFO proxyProgressAsync opId=0x155213a97ae0 op.type=3 op.reqBuff=0x155200010d40 op.respSize=80 done
dgx-35:3927808:3928129 [3] NCCL INFO Received and initiated operation=Setup res=0
dgx-35:3927808:3928091 [3] NCCL INFO ncclPollProxyResponse Received new opId=0x155213a97ae0
dgx-35:3927808:3928091 [3] NCCL INFO resp.opId=0x155213a97ae0 matches expected opId=0x155213a97ae0
dgx-35:3927808:3928091 [3] NCCL INFO Channel 02/0 : 3[3] -> 2[2] via P2P/CUMEM
dgx-35:3927808:3928129 [3] NCCL INFO New proxy send connection 6 from local rank 3, transport 0
dgx-35:3927808:3928129 [3] NCCL INFO proxyProgressAsync opId=0x155213a97ae0 op.type=1 op.reqBuff=0x155200010d40 op.respSize=16 done
dgx-35:3927808:3928129 [3] NCCL INFO Received and initiated operation=Init res=0
dgx-35:3927808:3928091 [3] NCCL INFO ncclPollProxyResponse Received new opId=0x155213a97ae0
dgx-35:3927808:3928091 [3] NCCL INFO resp.opId=0x155213a97ae0 matches expected opId=0x155213a97ae0
dgx-35:3927808:3928091 [3] NCCL INFO Connected to proxy localRank 3 -> connection 0x155200006080
dgx-35:3927808:3928129 [3] NCCL INFO Allocated shareable buffer 0x15523d600000 size 2097152 ipcDesc 0x155200012490
dgx-35:3927808:3928129 [3] NCCL INFO proxyProgressAsync opId=0x155213a97ae0 op.type=3 op.reqBuff=0x155200012420 op.respSize=80 done
dgx-35:3927808:3928129 [3] NCCL INFO Received and initiated operation=Setup res=0
dgx-35:3927808:3928091 [3] NCCL INFO ncclPollProxyResponse Received new opId=0x155213a97ae0
dgx-35:3927808:3928091 [3] NCCL INFO resp.opId=0x155213a97ae0 matches expected opId=0x155213a97ae0
dgx-35:3927808:3928091 [3] NCCL INFO Channel 03/0 : 3[3] -> 2[2] via P2P/CUMEM
dgx-35:3927808:3928129 [3] NCCL INFO New proxy send connection 7 from local rank 3, transport 0
dgx-35:3927808:3928129 [3] NCCL INFO proxyProgressAsync opId=0x155213a97ae0 op.type=1 op.reqBuff=0x155200012420 op.respSize=16 done
dgx-35:3927808:3928129 [3] NCCL INFO Received and initiated operation=Init res=0
dgx-35:3927808:3928091 [3] NCCL INFO ncclPollProxyResponse Received new opId=0x155213a97ae0
dgx-35:3927808:3928091 [3] NCCL INFO resp.opId=0x155213a97ae0 matches expected opId=0x155213a97ae0
dgx-35:3927808:3928091 [3] NCCL INFO Connected to proxy localRank 3 -> connection 0x1552000060f8
dgx-35:3927808:3928129 [3] NCCL INFO Allocated shareable buffer 0x15523d800000 size 2097152 ipcDesc 0x155200013b30
dgx-35:3927808:3928129 [3] NCCL INFO proxyProgressAsync opId=0x155213a97ae0 op.type=3 op.reqBuff=0x155200013b00 op.respSize=80 done
dgx-35:3927808:3928129 [3] NCCL INFO Received and initiated operation=Setup res=0
dgx-35:3927808:3928091 [3] NCCL INFO ncclPollProxyResponse Received new opId=0x155213a97ae0
dgx-35:3927808:3928091 [3] NCCL INFO resp.opId=0x155213a97ae0 matches expected opId=0x155213a97ae0
dgx-35:3927808:3928091 [3] NCCL INFO ProxyCall UDS comm 0x836c610 rank 3 tpRank 0(2332cb032fd0904) reqSize 8 respSize 0 respFd 0x15527c5b0d08 opId 0x20fa29d39319b16a
dgx-35:3927808:3928091 [3] NCCL INFO ProxyCall UDS comm 0x836c610 rank 3 tpRank 0(2332cb032fd0904) reqSize 8 respSize 0 respFd 78 opId 0x20fa29d39319b16a - DONE
dgx-35:3927808:3928091 [3] NCCL INFO UDS: ClientGetFd handle 0x154c1c02ea70 tpRank 0 returned fd 78
dgx-35:3927808:3928091 [3] NCCL INFO UDS converted handle 0x154c1c02ea70 to fd 78 on remote peer 0
dgx-35:3927808:3928133 [3] NCCL INFO proxyUDSRecvReq::ncclProxyMsgGetFd rank 2 opId 0xcc874dfcfc8a8a63 handle=0x15520000f720
dgx-35:3927808:3928133 [3] NCCL INFO UDS proxyGetFd received handle 0x15520000f720 peer 2 opId cc874dfcfc8a8a63
dgx-35:3927808:3928091 [3] NCCL INFO Imported shareable buffer device 3 size 2097152 ptr 0x15523da00000
dgx-35:3927808:3928091 [3] NCCL INFO ProxyCall UDS comm 0x836c610 rank 3 tpRank 0(2332cb032fd0904) reqSize 8 respSize 0 respFd 0x15527c5b0d08 opId 0x5858dfb54c456e56
dgx-35:3927808:3928091 [3] NCCL INFO ProxyCall UDS comm 0x836c610 rank 3 tpRank 0(2332cb032fd0904) reqSize 8 respSize 0 respFd 78 opId 0x5858dfb54c456e56 - DONE
dgx-35:3927808:3928091 [3] NCCL INFO UDS: ClientGetFd handle 0x154c1c035490 tpRank 0 returned fd 78
dgx-35:3927808:3928091 [3] NCCL INFO UDS converted handle 0x154c1c035490 to fd 78 on remote peer 0
dgx-35:3927808:3928091 [3] NCCL INFO Imported shareable buffer device 3 size 2097152 ptr 0x15523dc00000
dgx-35:3927808:3928091 [3] NCCL INFO ProxyCall UDS comm 0x836c610 rank 3 tpRank 0(2332cb032fd0904) reqSize 8 respSize 0 respFd 0x15527c5b0d08 opId 0xc8fd6645dd3e9a05
dgx-35:3927808:3928091 [3] NCCL INFO ProxyCall UDS comm 0x836c610 rank 3 tpRank 0(2332cb032fd0904) reqSize 8 respSize 0 respFd 78 opId 0xc8fd6645dd3e9a05 - DONE
dgx-35:3927808:3928091 [3] NCCL INFO UDS: ClientGetFd handle 0x154c1c036b10 tpRank 0 returned fd 78
dgx-35:3927808:3928091 [3] NCCL INFO UDS converted handle 0x154c1c036b10 to fd 78 on remote peer 0
dgx-35:3927808:3928133 [3] NCCL INFO proxyUDSRecvReq::ncclProxyMsgGetFd rank 2 opId 0x432cdd66c8473ba0 handle=0x155200010e00
dgx-35:3927808:3928133 [3] NCCL INFO UDS proxyGetFd received handle 0x155200010e00 peer 2 opId 432cdd66c8473ba0
dgx-35:3927808:3928091 [3] NCCL INFO Imported shareable buffer device 3 size 2097152 ptr 0x15523de00000
dgx-35:3927808:3928091 [3] NCCL INFO ProxyCall UDS comm 0x836c610 rank 3 tpRank 0(2332cb032fd0904) reqSize 8 respSize 0 respFd 0x15527c5b0d08 opId 0x93f4243809bf8594
dgx-35:3927808:3928133 [3] NCCL INFO proxyUDSRecvReq::ncclProxyMsgGetFd rank 2 opId 0xf66f00e29c1e52e8 handle=0x1552000124e0
dgx-35:3927808:3928133 [3] NCCL INFO UDS proxyGetFd received handle 0x1552000124e0 peer 2 opId f66f00e29c1e52e8
dgx-35:3927808:3928133 [3] NCCL INFO proxyUDSRecvReq::ncclProxyMsgGetFd rank 2 opId 0x97c1c64a6c9e44d2 handle=0x155200013b80
dgx-35:3927808:3928133 [3] NCCL INFO UDS proxyGetFd received handle 0x155200013b80 peer 2 opId 97c1c64a6c9e44d2
dgx-35:3927808:3928091 [3] NCCL INFO ProxyCall UDS comm 0x836c610 rank 3 tpRank 0(2332cb032fd0904) reqSize 8 respSize 0 respFd 77 opId 0x93f4243809bf8594 - DONE
dgx-35:3927808:3928091 [3] NCCL INFO UDS: ClientGetFd handle 0x154c1c0381b0 tpRank 0 returned fd 77
dgx-35:3927808:3928091 [3] NCCL INFO UDS converted handle 0x154c1c0381b0 to fd 77 on remote peer 0
dgx-35:3927808:3928091 [3] NCCL INFO Imported shareable buffer device 3 size 2097152 ptr 0x15523e000000
dgx-35:3927808:3928091 [3] NCCL INFO ProxyCall UDS comm 0x836c610 rank 3 tpRank 2(19269476ceb72aba) reqSize 8 respSize 0 respFd 0x15527c5b1d38 opId 0x6c49bd7d43b79184
dgx-35:3927808:3928091 [3] NCCL INFO ProxyCall UDS comm 0x836c610 rank 3 tpRank 2(19269476ceb72aba) reqSize 8 respSize 0 respFd 78 opId 0x6c49bd7d43b79184 - DONE
dgx-35:3927808:3928091 [3] NCCL INFO UDS: ClientGetFd handle 0x155200009a80 tpRank 2 returned fd 78
dgx-35:3927808:3928091 [3] NCCL INFO UDS converted handle 0x155200009a80 to fd 78 on remote peer 2
dgx-35:3927808:3928091 [3] NCCL INFO Imported shareable buffer device 3 size 10485760 ptr 0x15523e200000
dgx-35:3927808:3928091 [3] NCCL INFO ProxyCall UDS comm 0x836c610 rank 3 tpRank 2(19269476ceb72aba) reqSize 8 respSize 0 respFd 0x15527c5b1d38 opId 0x797627ec756e95bc
dgx-35:3927808:3928091 [3] NCCL INFO ProxyCall UDS comm 0x836c610 rank 3 tpRank 2(19269476ceb72aba) reqSize 8 respSize 0 respFd 78 opId 0x797627ec756e95bc - DONE
dgx-35:3927808:3928091 [3] NCCL INFO UDS: ClientGetFd handle 0x15520000b220 tpRank 2 returned fd 78
dgx-35:3927808:3928091 [3] NCCL INFO UDS converted handle 0x15520000b220 to fd 78 on remote peer 2
dgx-35:3927808:3928091 [3] NCCL INFO Imported shareable buffer device 3 size 10485760 ptr 0x15523ec00000
dgx-35:3927808:3928091 [3] NCCL INFO ProxyCall UDS comm 0x836c610 rank 3 tpRank 2(19269476ceb72aba) reqSize 8 respSize 0 respFd 0x15527c5b1d38 opId 0x42db20a0aa8b6eb2
dgx-35:3927808:3928091 [3] NCCL INFO ProxyCall UDS comm 0x836c610 rank 3 tpRank 2(19269476ceb72aba) reqSize 8 respSize 0 respFd 78 opId 0x42db20a0aa8b6eb2 - DONE
dgx-35:3927808:3928091 [3] NCCL INFO UDS: ClientGetFd handle 0x15520000c940 tpRank 2 returned fd 78
dgx-35:3927808:3928091 [3] NCCL INFO UDS converted handle 0x15520000c940 to fd 78 on remote peer 2
dgx-35:3927808:3928091 [3] NCCL INFO Imported shareable buffer device 3 size 10485760 ptr 0x15523f600000
dgx-35:3927808:3928091 [3] NCCL INFO ProxyCall UDS comm 0x836c610 rank 3 tpRank 2(19269476ceb72aba) reqSize 8 respSize 0 respFd 0x15527c5b1d38 opId 0xd116805f09c4e3e9
dgx-35:3927808:3928091 [3] NCCL INFO ProxyCall UDS comm 0x836c610 rank 3 tpRank 2(19269476ceb72aba) reqSize 8 respSize 0 respFd 78 opId 0xd116805f09c4e3e9 - DONE
dgx-35:3927808:3928091 [3] NCCL INFO UDS: ClientGetFd handle 0x15520000e040 tpRank 2 returned fd 78
dgx-35:3927808:3928091 [3] NCCL INFO UDS converted handle 0x15520000e040 to fd 78 on remote peer 2
dgx-35:3927808:3928091 [3] NCCL INFO Imported shareable buffer device 3 size 10485760 ptr 0x155240000000
dgx-35:3927808:3928091 [3] NCCL INFO Connected all rings
dgx-35:3927808:3928129 [3] NCCL INFO New proxy recv connection 8 from local rank 3, transport 0
dgx-35:3927808:3928129 [3] NCCL INFO proxyProgressAsync opId=0x155213a97ae0 op.type=1 op.reqBuff=0x155200013b00 op.respSize=16 done
dgx-35:3927808:3928129 [3] NCCL INFO Received and initiated operation=Init res=0
dgx-35:3927808:3928091 [3] NCCL INFO ncclPollProxyResponse Received new opId=0x155213a97ae0
dgx-35:3927808:3928091 [3] NCCL INFO resp.opId=0x155213a97ae0 matches expected opId=0x155213a97ae0
dgx-35:3927808:3928091 [3] NCCL INFO Connected to proxy localRank 3 -> connection 0x155200006170
dgx-35:3927808:3928129 [3] NCCL INFO Allocated shareable buffer 0x155240a00000 size 10485760 ipcDesc 0x1552000151d0
dgx-35:3927808:3928129 [3] NCCL INFO proxyProgressAsync opId=0x155213a97ae0 op.type=3 op.reqBuff=0x1552000151a0 op.respSize=80 done
dgx-35:3927808:3928129 [3] NCCL INFO Received and initiated operation=Setup res=0
dgx-35:3927808:3928091 [3] NCCL INFO ncclPollProxyResponse Received new opId=0x155213a97ae0
dgx-35:3927808:3928091 [3] NCCL INFO resp.opId=0x155213a97ae0 matches expected opId=0x155213a97ae0
dgx-35:3927808:3928129 [3] NCCL INFO New proxy recv connection 9 from local rank 3, transport 0
dgx-35:3927808:3928129 [3] NCCL INFO proxyProgressAsync opId=0x155213a97ae0 op.type=1 op.reqBuff=0x1552000151a0 op.respSize=16 done
dgx-35:3927808:3928129 [3] NCCL INFO Received and initiated operation=Init res=0
dgx-35:3927808:3928091 [3] NCCL INFO ncclPollProxyResponse Received new opId=0x155213a97ae0
dgx-35:3927808:3928091 [3] NCCL INFO resp.opId=0x155213a97ae0 matches expected opId=0x155213a97ae0
dgx-35:3927808:3928091 [3] NCCL INFO Connected to proxy localRank 3 -> connection 0x1552000061e8
dgx-35:3927808:3928129 [3] NCCL INFO Allocated shareable buffer 0x155241400000 size 10485760 ipcDesc 0x155200016870
dgx-35:3927808:3928129 [3] NCCL INFO proxyProgressAsync opId=0x155213a97ae0 op.type=3 op.reqBuff=0x155200016840 op.respSize=80 done
dgx-35:3927808:3928129 [3] NCCL INFO Received and initiated operation=Setup res=0
dgx-35:3927808:3928091 [3] NCCL INFO ncclPollProxyResponse Received new opId=0x155213a97ae0
dgx-35:3927808:3928091 [3] NCCL INFO resp.opId=0x155213a97ae0 matches expected opId=0x155213a97ae0
dgx-35:3927808:3928129 [3] NCCL INFO New proxy recv connection 10 from local rank 3, transport 0
dgx-35:3927808:3928129 [3] NCCL INFO proxyProgressAsync opId=0x155213a97ae0 op.type=1 op.reqBuff=0x155200016840 op.respSize=16 done
dgx-35:3927808:3928129 [3] NCCL INFO Received and initiated operation=Init res=0
dgx-35:3927808:3928091 [3] NCCL INFO ncclPollProxyResponse Received new opId=0x155213a97ae0
dgx-35:3927808:3928091 [3] NCCL INFO resp.opId=0x155213a97ae0 matches expected opId=0x155213a97ae0
dgx-35:3927808:3928091 [3] NCCL INFO Connected to proxy localRank 3 -> connection 0x155200006260
dgx-35:3927808:3928129 [3] NCCL INFO Allocated shareable buffer 0x155241e00000 size 10485760 ipcDesc 0x155200017f10
dgx-35:3927808:3928129 [3] NCCL INFO proxyProgressAsync opId=0x155213a97ae0 op.type=3 op.reqBuff=0x155200017ee0 op.respSize=80 done
dgx-35:3927808:3928129 [3] NCCL INFO Received and initiated operation=Setup res=0
dgx-35:3927808:3928091 [3] NCCL INFO ncclPollProxyResponse Received new opId=0x155213a97ae0
dgx-35:3927808:3928091 [3] NCCL INFO resp.opId=0x155213a97ae0 matches expected opId=0x155213a97ae0
dgx-35:3927808:3928129 [3] NCCL INFO New proxy recv connection 11 from local rank 3, transport 0
dgx-35:3927808:3928129 [3] NCCL INFO proxyProgressAsync opId=0x155213a97ae0 op.type=1 op.reqBuff=0x155200017ee0 op.respSize=16 done
dgx-35:3927808:3928129 [3] NCCL INFO Received and initiated operation=Init res=0
dgx-35:3927808:3928091 [3] NCCL INFO ncclPollProxyResponse Received new opId=0x155213a97ae0
dgx-35:3927808:3928091 [3] NCCL INFO resp.opId=0x155213a97ae0 matches expected opId=0x155213a97ae0
dgx-35:3927808:3928091 [3] NCCL INFO Connected to proxy localRank 3 -> connection 0x1552000062d8
dgx-35:3927808:3928129 [3] NCCL INFO Allocated shareable buffer 0x155242800000 size 10485760 ipcDesc 0x1552000195b0
dgx-35:3927808:3928129 [3] NCCL INFO proxyProgressAsync opId=0x155213a97ae0 op.type=3 op.reqBuff=0x155200019580 op.respSize=80 done
dgx-35:3927808:3928129 [3] NCCL INFO Received and initiated operation=Setup res=0
dgx-35:3927808:3928091 [3] NCCL INFO ncclPollProxyResponse Received new opId=0x155213a97ae0
dgx-35:3927808:3928091 [3] NCCL INFO resp.opId=0x155213a97ae0 matches expected opId=0x155213a97ae0
dgx-35:3927808:3928091 [3] NCCL INFO ProxyCall UDS comm 0x836c610 rank 3 tpRank 2(19269476ceb72aba) reqSize 8 respSize 0 respFd 0x15527c5b0d08 opId 0xe063a886d6267887
dgx-35:3927808:3928133 [3] NCCL INFO proxyUDSRecvReq::ncclProxyMsgGetFd rank 2 opId 0xe2843407290bdfaa handle=0x155200015220
dgx-35:3927808:3928133 [3] NCCL INFO UDS proxyGetFd received handle 0x155200015220 peer 2 opId e2843407290bdfaa
dgx-35:3927808:3928091 [3] NCCL INFO ProxyCall UDS comm 0x836c610 rank 3 tpRank 2(19269476ceb72aba) reqSize 8 respSize 0 respFd 78 opId 0xe063a886d6267887 - DONE
dgx-35:3927808:3928091 [3] NCCL INFO UDS: ClientGetFd handle 0x15520001aca0 tpRank 2 returned fd 78
dgx-35:3927808:3928091 [3] NCCL INFO UDS converted handle 0x15520001aca0 to fd 78 on remote peer 2
dgx-35:3927808:3928091 [3] NCCL INFO Imported shareable buffer device 3 size 2097152 ptr 0x155243200000
dgx-35:3927808:3928091 [3] NCCL INFO ProxyCall UDS comm 0x836c610 rank 3 tpRank 2(19269476ceb72aba) reqSize 8 respSize 0 respFd 0x15527c5b0d08 opId 0xd6d0f335451049d2
dgx-35:3927808:3928091 [3] NCCL INFO ProxyCall UDS comm 0x836c610 rank 3 tpRank 2(19269476ceb72aba) reqSize 8 respSize 0 respFd 77 opId 0xd6d0f335451049d2 - DONE
dgx-35:3927808:3928091 [3] NCCL INFO UDS: ClientGetFd handle 0x15520001c340 tpRank 2 returned fd 77
dgx-35:3927808:3928091 [3] NCCL INFO UDS converted handle 0x15520001c340 to fd 77 on remote peer 2
dgx-35:3927808:3928091 [3] NCCL INFO Imported shareable buffer device 3 size 2097152 ptr 0x155243400000
dgx-35:3927808:3928091 [3] NCCL INFO ProxyCall UDS comm 0x836c610 rank 3 tpRank 2(19269476ceb72aba) reqSize 8 respSize 0 respFd 0x15527c5b0d08 opId 0x851c06a66b6a2216
dgx-35:3927808:3928091 [3] NCCL INFO ProxyCall UDS comm 0x836c610 rank 3 tpRank 2(19269476ceb72aba) reqSize 8 respSize 0 respFd 77 opId 0x851c06a66b6a2216 - DONE
dgx-35:3927808:3928091 [3] NCCL INFO UDS: ClientGetFd handle 0x15520001d9e0 tpRank 2 returned fd 77
dgx-35:3927808:3928091 [3] NCCL INFO UDS converted handle 0x15520001d9e0 to fd 77 on remote peer 2
dgx-35:3927808:3928133 [3] NCCL INFO proxyUDSRecvReq::ncclProxyMsgGetFd rank 2 opId 0x16df6c7135f46a44 handle=0x1552000168c0
dgx-35:3927808:3928133 [3] NCCL INFO UDS proxyGetFd received handle 0x1552000168c0 peer 2 opId 16df6c7135f46a44
dgx-35:3927808:3928091 [3] NCCL INFO Imported shareable buffer device 3 size 2097152 ptr 0x155243600000
dgx-35:3927808:3928091 [3] NCCL INFO ProxyCall UDS comm 0x836c610 rank 3 tpRank 2(19269476ceb72aba) reqSize 8 respSize 0 respFd 0x15527c5b0d08 opId 0x1becfac207936f85
dgx-35:3927808:3928091 [3] NCCL INFO ProxyCall UDS comm 0x836c610 rank 3 tpRank 2(19269476ceb72aba) reqSize 8 respSize 0 respFd 77 opId 0x1becfac207936f85 - DONE
dgx-35:3927808:3928091 [3] NCCL INFO UDS: ClientGetFd handle 0x15520001f080 tpRank 2 returned fd 77
dgx-35:3927808:3928091 [3] NCCL INFO UDS converted handle 0x15520001f080 to fd 77 on remote peer 2
dgx-35:3927808:3928091 [3] NCCL INFO Imported shareable buffer device 3 size 2097152 ptr 0x155243800000
dgx-35:3927808:3928133 [3] NCCL INFO proxyUDSRecvReq::ncclProxyMsgGetFd rank 2 opId 0x1add32f0f770a35f handle=0x155200017f60
dgx-35:3927808:3928133 [3] NCCL INFO UDS proxyGetFd received handle 0x155200017f60 peer 2 opId 1add32f0f770a35f
dgx-35:3927808:3928133 [3] NCCL INFO proxyUDSRecvReq::ncclProxyMsgGetFd rank 2 opId 0xe2829b8e5639d763 handle=0x155200019600
dgx-35:3927808:3928133 [3] NCCL INFO UDS proxyGetFd received handle 0x155200019600 peer 2 opId e2829b8e5639d763
dgx-35:3927808:3928091 [3] NCCL INFO Connected all trees
dgx-35:3927808:3928091 [3] NCCL INFO threadThresholds 8/8/64 | 64/8/64 | 512 | 512
dgx-35:3927808:3928091 [3] NCCL INFO 4 coll channels, 4 collnet channels, 0 nvls channels, 4 p2p channels, 2 p2p channels per peer
dgx-35:3927808:3928129 [3] NCCL INFO Allocated 7340388 bytes of shared memory in /dev/shm/nccl-OI2EtH
dgx-35:3927808:3928129 [3] NCCL INFO New proxy send connection 12 from local rank 3, transport 2
dgx-35:3927808:3928129 [3] NCCL INFO proxyProgressAsync opId=0x155213a97ae0 op.type=1 op.reqBuff=0x155200019580 op.respSize=16 done
dgx-35:3927808:3928129 [3] NCCL INFO Received and initiated operation=Init res=0
dgx-35:3927808:3928091 [3] NCCL INFO ncclPollProxyResponse Received new opId=0x155213a97ae0
dgx-35:3927808:3928091 [3] NCCL INFO resp.opId=0x155213a97ae0 matches expected opId=0x155213a97ae0
dgx-35:3927808:3928091 [3] NCCL INFO Connected to proxy localRank 3 -> connection 0x155200006350
dgx-35:3927808:3928129 [3] NCCL INFO Allocated shareable buffer 0x155243a00000 size 8388608 ipcDesc 0x15520001af38
dgx-35:3927808:3928129 [3] NCCL INFO proxyProgressAsync opId=0x155213a97ae0 op.type=2 op.reqBuff=0x15520001ac20 op.respSize=0 done
dgx-35:3927808:3928129 [3] NCCL INFO Received and initiated operation=SharedInit res=0
dgx-35:3927808:3928091 [3] NCCL INFO ncclPollProxyResponse Received new opId=0x155213a97ae0
dgx-35:3927808:3928091 [3] NCCL INFO resp.opId=0x155213a97ae0 matches expected opId=0x155213a97ae0
dgx-35:3927808:3928091 [3] NCCL INFO GPU Direct RDMA Enabled for GPU 61000 / HCA 0 (distance 4 <= 6), read 1
dgx-35:3927808:3928091 [3] NCCL INFO Mem Realloc old size 0, new size 4 pointer 0x155213a97ae0
dgx-35:3927808:3928091 [3] NCCL INFO GPU Direct RDMA Enabled for GPU 61000 / HCA 0 (distance 4 <= 6), read 1
dgx-35:3927808:3928091 [3] NCCL INFO GPU Direct RDMA Enabled for GPU 61000 / HCA 0 (distance 4 <= 6), read 1
dgx-35:3927808:3928091 [3] NCCL INFO GPU Direct RDMA Enabled for GPU 61000 / HCA 0 (distance 4 <= 6), read 1
dgx-35:3927808:3928091 [3] NCCL INFO GPU Direct RDMA Enabled for GPU 61000 / HCA 0 (distance 4 <= 6), read 1
dgx-35:3927808:3928091 [3] NCCL INFO GPU Direct RDMA Enabled for GPU 61000 / HCA 0 (distance 4 <= 6), read 1
dgx-35:3927808:3928091 [3] NCCL INFO GPU Direct RDMA Enabled for GPU 61000 / HCA 0 (distance 4 <= 6), read 1
dgx-35:3927808:3928091 [3] NCCL INFO GPU Direct RDMA Enabled for GPU 61000 / HCA 0 (distance 4 <= 6), read 1
dgx-35:3927808:3928091 [3] NCCL INFO ncclPollProxyResponse Received new opId=0x155213bf6db0
dgx-35:3927808:3928091 [3] NCCL INFO resp.opId=0x155213bf6db0 matches expected opId=0x155213bf6db0
dgx-35:3927808:3928091 [3] NCCL INFO Connected to proxy localRank 0 -> connection 0x154c1c006ad0
dgx-35:3927808:3928091 [3] NCCL INFO ncclPollProxyResponse Received new opId=0x155213bf6db0
dgx-35:3927808:3928091 [3] NCCL INFO resp.opId=0x155213bf6db0 matches expected opId=0x155213bf6db0
dgx-35:3927808:3928091 [3] NCCL INFO init.cc:402 Cuda Alloc Size 11856 pointer 0x155244200000
dgx-35:3927808:3928091 [3] NCCL INFO init.cc:430 Cuda Host Alloc Size 33554432 pointer 0x155244400000
dgx-35:3927808:3928091 [3] NCCL INFO init.cc:436 Cuda Host Alloc Size 128 pointer 0x155235600200
dgx-35:3927808:3928091 [3] NCCL INFO TUNER/Plugin: Plugin load returned 2 : libnccl-net.so: cannot open shared object file: No such file or directory : when loading libnccl-tuner.so
dgx-35:3927808:3928091 [3] NCCL INFO TUNER/Plugin: Using internal tuner plugin.
dgx-35:3927808:3928091 [3] NCCL INFO ncclCommInitRank comm 0x836c610 rank 3 nranks 8 cudaDev 3 nvmlDev 3 busId 61000 commId 0x79fd8d69287cf8fe - Init COMPLETE
dgx-35:3927808:3927808 [3] NCCL INFO AllReduce: opCount 0 sendbuff 0x15524fe00200 recvbuff 0x15524fe00200 count 1 datatype 7 op 0 root 0 comm 0x836c610 [nranks=8] stream 0x7c4d7f0
dgx-35:3927808:3927808 [3] NCCL INFO misc/utils.cc:235 memory stack hunk malloc(65536)
dgx-35:3927808:3927808 [3] NCCL INFO AllReduce: opCount 1 sendbuff 0x15524fe00000 recvbuff 0x15524fe00000 count 1 datatype 7 op 0 root 0 comm 0x836c610 [nranks=8] stream 0x7c4d7f0
Rank 3: Received model_metadata: {'block_shape': torch.Size([13015864320])}
dgx-35:3927808:3927808 [3] NCCL INFO AllReduce: opCount 2 sendbuff 0x15524fe00200 recvbuff 0x15524fe00200 count 1 datatype 7 op 0 root 0 comm 0x836c610 [nranks=8] stream 0x7c4d7f0
Rank [3]: Block 0 in gpu before brocast: 0.0
Rank [3]: Starting broadcast...
dgx-35:3927808:3927808 [3] NCCL INFO Broadcast: opCount 3 sendbuff 0x154bbc000000 recvbuff 0x154bbc000000 count 26031728640 datatype 0 op 0 root 0 comm 0x836c610 [nranks=8] stream 0x7c4d7f0
dgx-35:3927808:3927808 [3] NCCL INFO AllReduce: opCount 4 sendbuff 0x15524fe00000 recvbuff 0x15524fe00000 count 1 datatype 7 op 0 root 0 comm 0x836c610 [nranks=8] stream 0x7c4d7f0
Rank [3]: Total Broadcast Time 837.640 ms.
Rank [3]: First block after broadcast: -4.887580871582031e-06
dgx-35:3927808:3928129 [3] NCCL INFO [Service thread] Connection closed by localRank 3
dgx-35:3927808:3928133 [3] NCCL INFO [Proxy Service UDS] exit: stop 1 abortFlag 1
dgx-35:3927808:3928202 [3] NCCL INFO comm 0x836c610 rank 3 nranks 8 cudaDev 3 busId 61000 - Abort COMPLETE
