[rank3]:[W105 08:57:46.705960456 ProcessGroupNCCL.cpp:4115] [PG ID 0 PG GUID 0 Rank 3]  using GPU 0 to perform barrier as devices used by this process are currently unknown. This can potentially cause a hang if this rank to GPU mapping is incorrect.Specify device_ids in barrier() to force use of a particular device,or call init_process_group() with a device_id.
dgx-48:645392:645392 [0] NCCL INFO cudaDriverVersion 12020
dgx-48:645392:645392 [0] NCCL INFO Bootstrap : Using ibp24s0:10.23.1.133<0>
dgx-48:645392:645392 [0] NCCL INFO NET/Plugin: No plugin found (libnccl-net.so)
dgx-48:645392:645392 [0] NCCL INFO NET/Plugin: Plugin load returned 2 : libnccl-net.so: cannot open shared object file: No such file or directory : when loading libnccl-net.so
dgx-48:645392:645392 [0] NCCL INFO NET/Plugin: Using internal network plugin.
dgx-48:645392:645392 [0] NCCL INFO init.cc:1785 Cuda Host Alloc Size 4 pointer 0x155235600000
dgx-48:645392:645735 [0] NCCL INFO NCCL_IB_DISABLE set by environment to 0.
dgx-48:645392:645735 [0] NCCL INFO NCCL_IB_HCA set to mlx5_0
dgx-48:645392:645735 [0] NCCL INFO NET/IB : Using [0]mlx5_0:1/IB [RO]; OOB ibp24s0:10.23.1.133<0>
dgx-48:645392:645735 [0] NCCL INFO Using non-device net plugin version 0
dgx-48:645392:645735 [0] NCCL INFO Using network IB
dgx-48:645392:645735 [0] NCCL INFO ncclCommInitRank comm 0x8339610 rank 3 nranks 4 cudaDev 0 nvmlDev 0 busId 1b000 commId 0xb2ea792f3efd1173 - Init START
dgx-48:645392:645735 [0] NCCL INFO NET/IB : GPU Direct RDMA Enabled for HCA 0 'mlx5_0'
dgx-48:645392:645735 [0] NCCL INFO NCCL_NET_GDR_LEVEL set by environment to PHB
dgx-48:645392:645735 [0] NCCL INFO GPU Direct RDMA Enabled for GPU 1b000 / HCA 0 (distance 4 <= 6), read 0
dgx-48:645392:645735 [0] NCCL INFO GPU Direct RDMA Enabled for GPU 1b000 / HCA 0 (distance 4 <= 6), read 0
dgx-48:645392:645735 [0] NCCL INFO === System : maxBw 48.0 totalBw 164.8 ===
dgx-48:645392:645735 [0] NCCL INFO CPU/0-0 (1/1/2)
dgx-48:645392:645735 [0] NCCL INFO + PCI[48.0] - PCI/0-16000 (15b3197900000000)
dgx-48:645392:645735 [0] NCCL INFO               + PCI[48.0] - NIC/0-18000
dgx-48:645392:645735 [0] NCCL INFO                             + NET[50.0] - NET/0 (b408ff0003ae6d94/1/50.000000)
dgx-48:645392:645735 [0] NCCL INFO               + PCI[48.0] - PCI/0-19000 (15b3197900000000)
dgx-48:645392:645735 [0] NCCL INFO                             + PCI[48.0] - GPU/0-1b000 (3)
dgx-48:645392:645735 [0] NCCL INFO                                           + NVL[164.8] - NVS/0
dgx-48:645392:645735 [0] NCCL INFO ==========================================
dgx-48:645392:645735 [0] NCCL INFO GPU/1B000 :GPU/0-1b000 (0/5000.0/LOC) NVS/0-0 (1/164.8/NVL) CPU/0-0 (3/48.0/PHB) NET/0-0 (4/48.0/PXB) 
dgx-48:645392:645735 [0] NCCL INFO NET/0 :GPU/0-1b000 (4/48.0/PXB) CPU/0-0 (3/48.0/PHB) NET/0-0 (0/5000.0/LOC) 
dgx-48:645392:645735 [0] NCCL INFO Setting affinity for GPU 0 to 030000,00000000,00000000,00000003
dgx-48:645392:645735 [0] NCCL INFO Pattern 4, crossNic 0, nChannels 2, bw 24.000000/24.000000, type LOC/PXB, sameChannels 1
dgx-48:645392:645735 [0] NCCL INFO  0 : NET/0 GPU/3 NET/0
dgx-48:645392:645735 [0] NCCL INFO  1 : NET/0 GPU/3 NET/0
dgx-48:645392:645735 [0] NCCL INFO Pattern 3, crossNic 0, nChannels 2, bw 48.000000/24.000000, type LOC/PXB, sameChannels 1
dgx-48:645392:645735 [0] NCCL INFO  0 : NET/0 GPU/3 NET/0
dgx-48:645392:645735 [0] NCCL INFO  1 : NET/0 GPU/3 NET/0
dgx-48:645392:645735 [0] NCCL INFO comm 0x8339610 rank 3 nRanks 4 nNodes 4 localRanks 1 localRank 0 MNNVL 0
dgx-48:645392:645735 [0] NCCL INFO Tree 0 : 2 -> 3 -> -1/-1/-1
dgx-48:645392:645735 [0] NCCL INFO Tree 2 : -1 -> 3 -> 1/-1/-1
dgx-48:645392:645735 [0] NCCL INFO Tree 1 : 2 -> 3 -> -1/-1/-1
dgx-48:645392:645735 [0] NCCL INFO Tree 3 : -1 -> 3 -> 1/-1/-1
dgx-48:645392:645735 [0] NCCL INFO Ring 00 : 2 -> 3 -> 0
dgx-48:645392:645735 [0] NCCL INFO Ring 01 : 2 -> 3 -> 0
dgx-48:645392:645735 [0] NCCL INFO Ring 02 : 2 -> 3 -> 0
dgx-48:645392:645735 [0] NCCL INFO Ring 03 : 2 -> 3 -> 0
dgx-48:645392:645735 [0] NCCL INFO Trees [0] -1/-1/-1->3->2 [1] -1/-1/-1->3->2 [2] 1/-1/-1->3->-1 [3] 1/-1/-1->3->-1
dgx-48:645392:645735 [0] NCCL INFO P2P Chunksize set to 131072
dgx-48:645392:645735 [0] NCCL INFO UDS: Creating service thread comm 0x8339610 rank 3
dgx-48:645392:645735 [0] NCCL INFO misc/utils.cc:235 memory stack hunk malloc(65536)
dgx-48:645392:645735 [0] NCCL INFO channel.cc:41 Cuda Alloc Size 2432 pointer 0x155239400000
dgx-48:645392:645735 [0] NCCL INFO channel.cc:44 Cuda Alloc Size 48 pointer 0x155239600000
dgx-48:645392:645735 [0] NCCL INFO channel.cc:55 Cuda Alloc Size 16 pointer 0x155239800000
dgx-48:645392:645735 [0] NCCL INFO channel.cc:41 Cuda Alloc Size 2432 pointer 0x155239a00000
dgx-48:645392:645735 [0] NCCL INFO channel.cc:44 Cuda Alloc Size 48 pointer 0x155239c00000
dgx-48:645392:645735 [0] NCCL INFO channel.cc:55 Cuda Alloc Size 16 pointer 0x155239e00000
dgx-48:645392:645735 [0] NCCL INFO channel.cc:41 Cuda Alloc Size 2432 pointer 0x15523a000000
dgx-48:645392:645735 [0] NCCL INFO channel.cc:44 Cuda Alloc Size 48 pointer 0x15523a200000
dgx-48:645392:645735 [0] NCCL INFO channel.cc:55 Cuda Alloc Size 16 pointer 0x15523a400000
dgx-48:645392:645735 [0] NCCL INFO channel.cc:41 Cuda Alloc Size 2432 pointer 0x15523a600000
dgx-48:645392:645735 [0] NCCL INFO channel.cc:44 Cuda Alloc Size 48 pointer 0x15523a800000
dgx-48:645392:645735 [0] NCCL INFO channel.cc:55 Cuda Alloc Size 16 pointer 0x15523aa00000
dgx-48:645392:645735 [0] NCCL INFO GPU Direct RDMA Enabled for GPU 1b000 / HCA 0 (distance 4 <= 6), read 0
dgx-48:645392:645738 [0] NCCL INFO Mem Realloc old size 0, new size 8 pointer 0x1551fc002f10
dgx-48:645392:645738 [0] NCCL INFO Allocated 7340388 bytes of shared memory in /dev/shm/nccl-zkt7hf
dgx-48:645392:645738 [0] NCCL INFO New proxy recv connection 0 from local rank 0, transport 2
dgx-48:645392:645738 [0] NCCL INFO proxyProgressAsync opId=0x155213a93de0 op.type=1 op.reqBuff=0x1551fc002ed0 op.respSize=16 done
dgx-48:645392:645735 [0] NCCL INFO ncclPollProxyResponse Received new opId=0x155213a93de0
dgx-48:645392:645735 [0] NCCL INFO resp.opId=0x155213a93de0 matches expected opId=0x155213a93de0
dgx-48:645392:645738 [0] NCCL INFO Received and initiated operation=Init res=0
dgx-48:645392:645735 [0] NCCL INFO Connected to proxy localRank 0 -> connection 0x1551fc005db0
dgx-48:645392:645738 [0] NCCL INFO proxyProgressAsync opId=0x155213a93de0 op.type=3 op.reqBuff=0x1551fc009cd0 op.respSize=128 done
dgx-48:645392:645735 [0] NCCL INFO ncclPollProxyResponse Received new opId=0x155213a93de0
dgx-48:645392:645738 [0] NCCL INFO Received and initiated operation=Setup res=0
dgx-48:645392:645735 [0] NCCL INFO resp.opId=0x155213a93de0 matches expected opId=0x155213a93de0
dgx-48:645392:645735 [0] NCCL INFO Channel 00/0 : 2[0] -> 3[0] [receive] via NET/IB/0/GDRDMA
dgx-48:645392:645735 [0] NCCL INFO GPU Direct RDMA Enabled for GPU 1b000 / HCA 0 (distance 4 <= 6), read 0
dgx-48:645392:645738 [0] NCCL INFO New proxy recv connection 1 from local rank 0, transport 2
dgx-48:645392:645738 [0] NCCL INFO proxyProgressAsync opId=0x155213a93de0 op.type=1 op.reqBuff=0x1551fc00f160 op.respSize=16 done
dgx-48:645392:645735 [0] NCCL INFO ncclPollProxyResponse Received new opId=0x155213a93de0
dgx-48:645392:645738 [0] NCCL INFO Received and initiated operation=Init res=0
dgx-48:645392:645735 [0] NCCL INFO resp.opId=0x155213a93de0 matches expected opId=0x155213a93de0
dgx-48:645392:645735 [0] NCCL INFO Connected to proxy localRank 0 -> connection 0x1551fc005e28
dgx-48:645392:645738 [0] NCCL INFO proxyProgressAsync opId=0x155213a93de0 op.type=3 op.reqBuff=0x1551fc00f1e0 op.respSize=128 done
dgx-48:645392:645735 [0] NCCL INFO ncclPollProxyResponse Received new opId=0x155213a93de0
dgx-48:645392:645738 [0] NCCL INFO Received and initiated operation=Setup res=0
dgx-48:645392:645735 [0] NCCL INFO resp.opId=0x155213a93de0 matches expected opId=0x155213a93de0
dgx-48:645392:645735 [0] NCCL INFO Channel 01/0 : 2[0] -> 3[0] [receive] via NET/IB/0/GDRDMA
dgx-48:645392:645735 [0] NCCL INFO GPU Direct RDMA Enabled for GPU 1b000 / HCA 0 (distance 4 <= 6), read 0
dgx-48:645392:645738 [0] NCCL INFO New proxy recv connection 2 from local rank 0, transport 2
dgx-48:645392:645738 [0] NCCL INFO proxyProgressAsync opId=0x155213a93de0 op.type=1 op.reqBuff=0x1551fc014670 op.respSize=16 done
dgx-48:645392:645735 [0] NCCL INFO ncclPollProxyResponse Received new opId=0x155213a93de0
dgx-48:645392:645738 [0] NCCL INFO Received and initiated operation=Init res=0
dgx-48:645392:645735 [0] NCCL INFO resp.opId=0x155213a93de0 matches expected opId=0x155213a93de0
dgx-48:645392:645735 [0] NCCL INFO Connected to proxy localRank 0 -> connection 0x1551fc005ea0
dgx-48:645392:645738 [0] NCCL INFO proxyProgressAsync opId=0x155213a93de0 op.type=3 op.reqBuff=0x1551fc0146f0 op.respSize=128 done
dgx-48:645392:645735 [0] NCCL INFO ncclPollProxyResponse Received new opId=0x155213a93de0
dgx-48:645392:645738 [0] NCCL INFO Received and initiated operation=Setup res=0
dgx-48:645392:645735 [0] NCCL INFO resp.opId=0x155213a93de0 matches expected opId=0x155213a93de0
dgx-48:645392:645735 [0] NCCL INFO Channel 02/0 : 2[0] -> 3[0] [receive] via NET/IB/0/GDRDMA
dgx-48:645392:645735 [0] NCCL INFO GPU Direct RDMA Enabled for GPU 1b000 / HCA 0 (distance 4 <= 6), read 0
dgx-48:645392:645738 [0] NCCL INFO New proxy recv connection 3 from local rank 0, transport 2
dgx-48:645392:645738 [0] NCCL INFO proxyProgressAsync opId=0x155213a93de0 op.type=1 op.reqBuff=0x1551fc019b80 op.respSize=16 done
dgx-48:645392:645735 [0] NCCL INFO ncclPollProxyResponse Received new opId=0x155213a93de0
dgx-48:645392:645738 [0] NCCL INFO Received and initiated operation=Init res=0
dgx-48:645392:645735 [0] NCCL INFO resp.opId=0x155213a93de0 matches expected opId=0x155213a93de0
dgx-48:645392:645735 [0] NCCL INFO Connected to proxy localRank 0 -> connection 0x1551fc005f18
dgx-48:645392:645738 [0] NCCL INFO proxyProgressAsync opId=0x155213a93de0 op.type=3 op.reqBuff=0x1551fc019c00 op.respSize=128 done
dgx-48:645392:645735 [0] NCCL INFO ncclPollProxyResponse Received new opId=0x155213a93de0
dgx-48:645392:645738 [0] NCCL INFO Received and initiated operation=Setup res=0
dgx-48:645392:645735 [0] NCCL INFO resp.opId=0x155213a93de0 matches expected opId=0x155213a93de0
dgx-48:645392:645735 [0] NCCL INFO Channel 03/0 : 2[0] -> 3[0] [receive] via NET/IB/0/GDRDMA
dgx-48:645392:645735 [0] NCCL INFO GPU Direct RDMA Enabled for GPU 1b000 / HCA 0 (distance 4 <= 6), read 1
dgx-48:645392:645738 [0] NCCL INFO New proxy send connection 4 from local rank 0, transport 2
dgx-48:645392:645738 [0] NCCL INFO proxyProgressAsync opId=0x155213a93de0 op.type=1 op.reqBuff=0x1551fc019ba0 op.respSize=16 done
dgx-48:645392:645735 [0] NCCL INFO ncclPollProxyResponse Received new opId=0x155213a93de0
dgx-48:645392:645738 [0] NCCL INFO Received and initiated operation=Init res=0
dgx-48:645392:645735 [0] NCCL INFO resp.opId=0x155213a93de0 matches expected opId=0x155213a93de0
dgx-48:645392:645735 [0] NCCL INFO Connected to proxy localRank 0 -> connection 0x1551fc005f90
dgx-48:645392:645738 [0] NCCL INFO proxyProgressAsync opId=0x155213a93de0 op.type=3 op.reqBuff=0x1551fc01f070 op.respSize=0 done
dgx-48:645392:645738 [0] NCCL INFO Received and initiated operation=Setup res=0
dgx-48:645392:645735 [0] NCCL INFO ncclPollProxyResponse Received new opId=0x155213a93de0
dgx-48:645392:645735 [0] NCCL INFO resp.opId=0x155213a93de0 matches expected opId=0x155213a93de0
dgx-48:645392:645735 [0] NCCL INFO Channel 00/0 : 3[0] -> 0[0] [send] via NET/IB/0/GDRDMA
dgx-48:645392:645735 [0] NCCL INFO GPU Direct RDMA Enabled for GPU 1b000 / HCA 0 (distance 4 <= 6), read 1
dgx-48:645392:645738 [0] NCCL INFO New proxy send connection 5 from local rank 0, transport 2
dgx-48:645392:645738 [0] NCCL INFO proxyProgressAsync opId=0x155213a93de0 op.type=1 op.reqBuff=0x1551fc01f050 op.respSize=16 done
dgx-48:645392:645735 [0] NCCL INFO ncclPollProxyResponse Received new opId=0x155213a93de0
dgx-48:645392:645738 [0] NCCL INFO Received and initiated operation=Init res=0
dgx-48:645392:645735 [0] NCCL INFO resp.opId=0x155213a93de0 matches expected opId=0x155213a93de0
dgx-48:645392:645735 [0] NCCL INFO Connected to proxy localRank 0 -> connection 0x1551fc006008
dgx-48:645392:645738 [0] NCCL INFO proxyProgressAsync opId=0x155213a93de0 op.type=3 op.reqBuff=0x1551fc024390 op.respSize=0 done
dgx-48:645392:645738 [0] NCCL INFO Received and initiated operation=Setup res=0
dgx-48:645392:645735 [0] NCCL INFO ncclPollProxyResponse Received new opId=0x155213a93de0
dgx-48:645392:645735 [0] NCCL INFO resp.opId=0x155213a93de0 matches expected opId=0x155213a93de0
dgx-48:645392:645735 [0] NCCL INFO Channel 01/0 : 3[0] -> 0[0] [send] via NET/IB/0/GDRDMA
dgx-48:645392:645735 [0] NCCL INFO GPU Direct RDMA Enabled for GPU 1b000 / HCA 0 (distance 4 <= 6), read 1
dgx-48:645392:645738 [0] NCCL INFO New proxy send connection 6 from local rank 0, transport 2
dgx-48:645392:645738 [0] NCCL INFO proxyProgressAsync opId=0x155213a93de0 op.type=1 op.reqBuff=0x1551fc019ba0 op.respSize=16 done
dgx-48:645392:645738 [0] NCCL INFO Received and initiated operation=Init res=0
dgx-48:645392:645735 [0] NCCL INFO ncclPollProxyResponse Received new opId=0x155213a93de0
dgx-48:645392:645735 [0] NCCL INFO resp.opId=0x155213a93de0 matches expected opId=0x155213a93de0
dgx-48:645392:645735 [0] NCCL INFO Connected to proxy localRank 0 -> connection 0x1551fc006080
dgx-48:645392:645738 [0] NCCL INFO proxyProgressAsync opId=0x155213a93de0 op.type=3 op.reqBuff=0x1551fc0296b0 op.respSize=0 done
dgx-48:645392:645738 [0] NCCL INFO Received and initiated operation=Setup res=0
dgx-48:645392:645735 [0] NCCL INFO ncclPollProxyResponse Received new opId=0x155213a93de0
dgx-48:645392:645735 [0] NCCL INFO resp.opId=0x155213a93de0 matches expected opId=0x155213a93de0
dgx-48:645392:645735 [0] NCCL INFO Channel 02/0 : 3[0] -> 0[0] [send] via NET/IB/0/GDRDMA
dgx-48:645392:645735 [0] NCCL INFO GPU Direct RDMA Enabled for GPU 1b000 / HCA 0 (distance 4 <= 6), read 1
dgx-48:645392:645738 [0] NCCL INFO New proxy send connection 7 from local rank 0, transport 2
dgx-48:645392:645738 [0] NCCL INFO proxyProgressAsync opId=0x155213a93de0 op.type=1 op.reqBuff=0x1551fc01f050 op.respSize=16 done
dgx-48:645392:645735 [0] NCCL INFO ncclPollProxyResponse Received new opId=0x155213a93de0
dgx-48:645392:645738 [0] NCCL INFO Received and initiated operation=Init res=0
dgx-48:645392:645735 [0] NCCL INFO resp.opId=0x155213a93de0 matches expected opId=0x155213a93de0
dgx-48:645392:645735 [0] NCCL INFO Connected to proxy localRank 0 -> connection 0x1551fc0060f8
dgx-48:645392:645738 [0] NCCL INFO proxyProgressAsync opId=0x155213a93de0 op.type=3 op.reqBuff=0x1551fc02e9d0 op.respSize=0 done
dgx-48:645392:645738 [0] NCCL INFO Received and initiated operation=Setup res=0
dgx-48:645392:645735 [0] NCCL INFO ncclPollProxyResponse Received new opId=0x155213a93de0
dgx-48:645392:645735 [0] NCCL INFO resp.opId=0x155213a93de0 matches expected opId=0x155213a93de0
dgx-48:645392:645735 [0] NCCL INFO Channel 03/0 : 3[0] -> 0[0] [send] via NET/IB/0/GDRDMA
dgx-48:645392:645735 [0] NCCL INFO sendConnect ncclProxyCallAsync opId=0x155213aba540
dgx-48:645392:645735 [0] NCCL INFO recvConnect ncclProxyCallAsync opId=0x155213abad70 &recv->proxyConn=0x155213abad78 connectInfo=0x155213aded40
dgx-48:645392:645735 [0] NCCL INFO sendConnect ncclProxyCallAsync opId=0x155213acf4d0
dgx-48:645392:645735 [0] NCCL INFO recvConnect ncclProxyCallAsync opId=0x155213acfd00 &recv->proxyConn=0x155213acfd08 connectInfo=0x155213adedc0
dgx-48:645392:645735 [0] NCCL INFO sendConnect ncclProxyCallAsync opId=0x155213ad42f0
dgx-48:645392:645735 [0] NCCL INFO recvConnect ncclProxyCallAsync opId=0x155213ad4b20 &recv->proxyConn=0x155213ad4b28 connectInfo=0x155213adee40
dgx-48:645392:645738 [0] NCCL INFO transport/net_ib.cc:985 Ib Alloc Size 181568 pointer 0x1551fc039000
dgx-48:645392:645735 [0] NCCL INFO sendConnect ncclProxyCallAsync opId=0x155213ad9200
dgx-48:645392:645735 [0] NCCL INFO recvConnect ncclProxyCallAsync opId=0x155213ad9a30 &recv->proxyConn=0x155213ad9a38 connectInfo=0x155213adeec0
dgx-48:645392:645738 [0] NCCL INFO NET/IB: NCCL Dev 0 IbDev 0 Port 1 qpn 24236 mtu 5 LID 319 fifoRkey=0x17e9a9 fifoLkey=0x17e9a9
dgx-48:645392:645738 [0] NCCL INFO transport/net_ib.cc:1077 Ib Alloc Size 3336 pointer 0x1551fc0ac000
dgx-48:645392:645738 [0] NCCL INFO Received and initiated operation=Connect res=0
dgx-48:645392:645738 [0] NCCL INFO transport/net_ib.cc:1191 Ib Alloc Size 164448 pointer 0x1551fc0b3000
dgx-48:645392:645738 [0] NCCL INFO transport/net_ib.cc:1204 Ib Alloc Size 3336 pointer 0x1551fc0dd000
dgx-48:645392:645738 [0] NCCL INFO Received and initiated operation=Connect res=0
dgx-48:645392:645738 [0] NCCL INFO transport/net_ib.cc:985 Ib Alloc Size 181568 pointer 0x1551fc0e4000
dgx-48:645392:645738 [0] NCCL INFO NET/IB: NCCL Dev 0 IbDev 0 Port 1 qpn 24237 mtu 5 LID 319 fifoRkey=0x178140 fifoLkey=0x178140
dgx-48:645392:645738 [0] NCCL INFO transport/net_ib.cc:1077 Ib Alloc Size 3336 pointer 0x1551fc14d000
dgx-48:645392:645738 [0] NCCL INFO Received and initiated operation=Connect res=0
dgx-48:645392:645738 [0] NCCL INFO transport/net_ib.cc:1191 Ib Alloc Size 164448 pointer 0x1551fc154000
dgx-48:645392:645738 [0] NCCL INFO Received and initiated operation=Connect res=0
dgx-48:645392:645738 [0] NCCL INFO transport/net_ib.cc:985 Ib Alloc Size 181568 pointer 0x1551fc183000
dgx-48:645392:645738 [0] NCCL INFO NET/IB: NCCL Dev 0 IbDev 0 Port 1 qpn 24238 mtu 5 LID 319 fifoRkey=0x17d191 fifoLkey=0x17d191
dgx-48:645392:645738 [0] NCCL INFO transport/net_ib.cc:1077 Ib Alloc Size 3336 pointer 0x1551fc1ec000
dgx-48:645392:645738 [0] NCCL INFO Received and initiated operation=Connect res=0
dgx-48:645392:645738 [0] NCCL INFO Allocated shareable buffer 0x15523ac00000 size 10485760 ipcDesc 0x1551fc020130
dgx-48:645392:645738 [0] NCCL INFO transport/net.cc:745 Cuda Host Alloc Size 532480 pointer 0x155235600200
dgx-48:645392:645738 [0] NCCL INFO Mem Realloc old size 0, new size 1024 pointer 0x1551fc14c9f0
dgx-48:645392:645738 [0] NCCL INFO proxyProgressAsync opId=0x155213aba540 op.type=4 op.reqBuff=0x1551fc033cf0 op.respSize=21040 done
dgx-48:645392:645735 [0] NCCL INFO ncclPollProxyResponse Received new opId=0x155213aba540
dgx-48:645392:645735 [0] NCCL INFO Queuing opId=0x155213aba540 respBuff=0x155213b33280 respSize=21040
dgx-48:645392:645735 [0] NCCL INFO ncclPollProxyResponse Dequeued cached opId=0x155213aba540
dgx-48:645392:645735 [0] NCCL INFO sendConnect ncclPollProxyResponse opId=0x155213aba540
dgx-48:645392:645738 [0] NCCL INFO transport/net_ib.cc:1345 Ib Alloc Size 3336 pointer 0x1551fc24f000
dgx-48:645392:645738 [0] NCCL INFO Allocated shareable buffer 0x15523b600000 size 10485760 ipcDesc 0x1551fc025450
dgx-48:645392:645738 [0] NCCL INFO transport/net.cc:745 Cuda Host Alloc Size 532480 pointer 0x155235682200
dgx-48:645392:645738 [0] NCCL INFO proxyProgressAsync opId=0x155213acf4d0 op.type=4 op.reqBuff=0x1551fc0b2690 op.respSize=21040 done
dgx-48:645392:645735 [0] NCCL INFO ncclPollProxyResponse Received new opId=0x155213acf4d0
dgx-48:645392:645735 [0] NCCL INFO Queuing opId=0x155213acf4d0 respBuff=0x155213ae5fd0 respSize=21040
dgx-48:645392:645735 [0] NCCL INFO ncclPollProxyResponse Dequeued cached opId=0x155213acf4d0
dgx-48:645392:645735 [0] NCCL INFO sendConnect ncclPollProxyResponse opId=0x155213acf4d0
dgx-48:645392:645738 [0] NCCL INFO transport/net_ib.cc:1204 Ib Alloc Size 3336 pointer 0x1551fc0df000
dgx-48:645392:645738 [0] NCCL INFO transport/net_ib.cc:1345 Ib Alloc Size 3336 pointer 0x1551fc2b4000
dgx-48:645392:645738 [0] NCCL INFO Allocated shareable buffer 0x15523c000000 size 10485760 ipcDesc 0x1551fc02a770
dgx-48:645392:645738 [0] NCCL INFO transport/net.cc:745 Cuda Host Alloc Size 532480 pointer 0x155235704200
dgx-48:645392:645738 [0] NCCL INFO proxyProgressAsync opId=0x155213ad42f0 op.type=4 op.reqBuff=0x1551fc0b2f60 op.respSize=21040 done
dgx-48:645392:645735 [0] NCCL INFO ncclPollProxyResponse Received new opId=0x155213ad42f0
dgx-48:645392:645735 [0] NCCL INFO Queuing opId=0x155213ad42f0 respBuff=0x155213ae5fd0 respSize=21040
dgx-48:645392:645735 [0] NCCL INFO ncclPollProxyResponse Dequeued cached opId=0x155213ad42f0
dgx-48:645392:645735 [0] NCCL INFO sendConnect ncclPollProxyResponse opId=0x155213ad42f0
dgx-48:645392:645738 [0] NCCL INFO transport/net_ib.cc:1191 Ib Alloc Size 164448 pointer 0x1551fc2b6000
dgx-48:645392:645738 [0] NCCL INFO transport/net_ib.cc:1204 Ib Alloc Size 3336 pointer 0x1551fc2e0000
dgx-48:645392:645738 [0] NCCL INFO transport/net_ib.cc:1345 Ib Alloc Size 3336 pointer 0x1551fc347000
dgx-48:645392:645738 [0] NCCL INFO Received and initiated operation=Connect res=0
dgx-48:645392:645738 [0] NCCL INFO Allocated shareable buffer 0x15523ca00000 size 9633792 ipcDesc 0x1551fc00ae20
dgx-48:645392:645738 [0] NCCL INFO transport/net.cc:894 Cuda Host Alloc Size 8192 pointer 0x155235786200
dgx-48:645392:645738 [0] NCCL INFO proxyProgressAsync opId=0x155213abad70 op.type=4 op.reqBuff=0x1551fc019ba0 op.respSize=21040 done
dgx-48:645392:645735 [0] NCCL INFO ncclPollProxyResponse Received new opId=0x155213abad70
dgx-48:645392:645735 [0] NCCL INFO resp.opId=0x155213abad70 matches expected opId=0x155213abad70
dgx-48:645392:645735 [0] NCCL INFO recvConnect ncclPollProxyResponse opId=0x155213abad70
dgx-48:645392:645738 [0] NCCL INFO Allocated shareable buffer 0x15523d400000 size 9633792 ipcDesc 0x1551fc010330
dgx-48:645392:645738 [0] NCCL INFO transport/net.cc:894 Cuda Host Alloc Size 8192 pointer 0x155235788200
dgx-48:645392:645738 [0] NCCL INFO proxyProgressAsync opId=0x155213acfd00 op.type=4 op.reqBuff=0x1551fc01f050 op.respSize=21040 done
dgx-48:645392:645735 [0] NCCL INFO ncclPollProxyResponse Received new opId=0x155213acfd00
dgx-48:645392:645735 [0] NCCL INFO Queuing opId=0x155213acfd00 respBuff=0x155213afa8d0 respSize=21040
dgx-48:645392:645735 [0] NCCL INFO ncclPollProxyResponse Dequeued cached opId=0x155213acfd00
dgx-48:645392:645735 [0] NCCL INFO recvConnect ncclPollProxyResponse opId=0x155213acfd00
dgx-48:645392:645738 [0] NCCL INFO transport/net_ib.cc:985 Ib Alloc Size 181568 pointer 0x1551fc349000
dgx-48:645392:645738 [0] NCCL INFO NET/IB: NCCL Dev 0 IbDev 0 Port 1 qpn 24245 mtu 5 LID 319 fifoRkey=0x177434 fifoLkey=0x177434
dgx-48:645392:645738 [0] NCCL INFO transport/net_ib.cc:1077 Ib Alloc Size 3336 pointer 0x1551fc3ae000
dgx-48:645392:645738 [0] NCCL INFO Received and initiated operation=Connect res=0
dgx-48:645392:645738 [0] NCCL INFO Allocated shareable buffer 0x15523de00000 size 9633792 ipcDesc 0x1551fc015840
dgx-48:645392:645738 [0] NCCL INFO transport/net.cc:894 Cuda Host Alloc Size 8192 pointer 0x15523578a200
dgx-48:645392:645738 [0] NCCL INFO proxyProgressAsync opId=0x155213ad4b20 op.type=4 op.reqBuff=0x1551fc1c9f50 op.respSize=21040 done
dgx-48:645392:645735 [0] NCCL INFO ncclPollProxyResponse Received new opId=0x155213ad4b20
dgx-48:645392:645735 [0] NCCL INFO resp.opId=0x155213ad4b20 matches expected opId=0x155213ad4b20
dgx-48:645392:645735 [0] NCCL INFO recvConnect ncclPollProxyResponse opId=0x155213ad4b20
dgx-48:645392:645738 [0] NCCL INFO transport/net_ib.cc:1191 Ib Alloc Size 164448 pointer 0x1551fc3b0000
dgx-48:645392:645738 [0] NCCL INFO transport/net_ib.cc:1204 Ib Alloc Size 3336 pointer 0x1551fc3da000
dgx-48:645392:645738 [0] NCCL INFO transport/net_ib.cc:1345 Ib Alloc Size 3336 pointer 0x1551fc441000
dgx-48:645392:645738 [0] NCCL INFO Received and initiated operation=Connect res=0
dgx-48:645392:645738 [0] NCCL INFO Allocated shareable buffer 0x15523e800000 size 10485760 ipcDesc 0x1551fc02fa90
dgx-48:645392:645738 [0] NCCL INFO transport/net.cc:745 Cuda Host Alloc Size 532480 pointer 0x15523f200000
dgx-48:645392:645738 [0] NCCL INFO proxyProgressAsync opId=0x155213ad9200 op.type=4 op.reqBuff=0x1551fc2b5ea0 op.respSize=21040 done
dgx-48:645392:645735 [0] NCCL INFO ncclPollProxyResponse Received new opId=0x155213ad9200
dgx-48:645392:645735 [0] NCCL INFO Queuing opId=0x155213ad9200 respBuff=0x155213ae5fd0 respSize=21040
dgx-48:645392:645735 [0] NCCL INFO ncclPollProxyResponse Dequeued cached opId=0x155213ad9200
dgx-48:645392:645735 [0] NCCL INFO sendConnect ncclPollProxyResponse opId=0x155213ad9200
dgx-48:645392:645738 [0] NCCL INFO Allocated shareable buffer 0x15523f400000 size 9633792 ipcDesc 0x1551fc01ad50
dgx-48:645392:645738 [0] NCCL INFO transport/net.cc:894 Cuda Host Alloc Size 8192 pointer 0x15523578c200
dgx-48:645392:645738 [0] NCCL INFO proxyProgressAsync opId=0x155213ad9a30 op.type=4 op.reqBuff=0x1551fc267870 op.respSize=21040 done
dgx-48:645392:645735 [0] NCCL INFO ncclPollProxyResponse Received new opId=0x155213ad9a30
dgx-48:645392:645735 [0] NCCL INFO resp.opId=0x155213ad9a30 matches expected opId=0x155213ad9a30
dgx-48:645392:645735 [0] NCCL INFO recvConnect ncclPollProxyResponse opId=0x155213ad9a30
dgx-48:645392:645735 [0] NCCL INFO Connected all rings
dgx-48:645392:645735 [0] NCCL INFO GPU Direct RDMA Enabled for GPU 1b000 / HCA 0 (distance 4 <= 6), read 0
dgx-48:645392:645738 [0] NCCL INFO New proxy recv connection 8 from local rank 0, transport 2
dgx-48:645392:645738 [0] NCCL INFO proxyProgressAsync opId=0x155213a93de0 op.type=1 op.reqBuff=0x1551fc3f4fd0 op.respSize=16 done
dgx-48:645392:645735 [0] NCCL INFO ncclPollProxyResponse Received new opId=0x155213a93de0
dgx-48:645392:645738 [0] NCCL INFO Received and initiated operation=Init res=0
dgx-48:645392:645735 [0] NCCL INFO resp.opId=0x155213a93de0 matches expected opId=0x155213a93de0
dgx-48:645392:645735 [0] NCCL INFO Connected to proxy localRank 0 -> connection 0x1551fc006170
dgx-48:645392:645738 [0] NCCL INFO proxyProgressAsync opId=0x155213a93de0 op.type=3 op.reqBuff=0x1551fc3f4fd0 op.respSize=128 done
dgx-48:645392:645735 [0] NCCL INFO ncclPollProxyResponse Received new opId=0x155213a93de0
dgx-48:645392:645738 [0] NCCL INFO Received and initiated operation=Setup res=0
dgx-48:645392:645735 [0] NCCL INFO resp.opId=0x155213a93de0 matches expected opId=0x155213a93de0
dgx-48:645392:645735 [0] NCCL INFO Channel 02/0 : 1[0] -> 3[0] [receive] via NET/IB/0/GDRDMA
dgx-48:645392:645735 [0] NCCL INFO GPU Direct RDMA Enabled for GPU 1b000 / HCA 0 (distance 4 <= 6), read 0
dgx-48:645392:645738 [0] NCCL INFO New proxy recv connection 9 from local rank 0, transport 2
dgx-48:645392:645738 [0] NCCL INFO proxyProgressAsync opId=0x155213a93de0 op.type=1 op.reqBuff=0x1551fc41efe0 op.respSize=16 done
dgx-48:645392:645735 [0] NCCL INFO ncclPollProxyResponse Received new opId=0x155213a93de0
dgx-48:645392:645738 [0] NCCL INFO Received and initiated operation=Init res=0
dgx-48:645392:645735 [0] NCCL INFO resp.opId=0x155213a93de0 matches expected opId=0x155213a93de0
dgx-48:645392:645735 [0] NCCL INFO Connected to proxy localRank 0 -> connection 0x1551fc0061e8
dgx-48:645392:645738 [0] NCCL INFO proxyProgressAsync opId=0x155213a93de0 op.type=3 op.reqBuff=0x1551fc3f4fd0 op.respSize=128 done
dgx-48:645392:645735 [0] NCCL INFO ncclPollProxyResponse Received new opId=0x155213a93de0
dgx-48:645392:645738 [0] NCCL INFO Received and initiated operation=Setup res=0
dgx-48:645392:645735 [0] NCCL INFO resp.opId=0x155213a93de0 matches expected opId=0x155213a93de0
dgx-48:645392:645735 [0] NCCL INFO Channel 03/0 : 1[0] -> 3[0] [receive] via NET/IB/0/GDRDMA
dgx-48:645392:645735 [0] NCCL INFO GPU Direct RDMA Enabled for GPU 1b000 / HCA 0 (distance 4 <= 6), read 1
dgx-48:645392:645738 [0] NCCL INFO New proxy send connection 10 from local rank 0, transport 2
dgx-48:645392:645738 [0] NCCL INFO proxyProgressAsync opId=0x155213a93de0 op.type=1 op.reqBuff=0x1551fc1ec460 op.respSize=16 done
dgx-48:645392:645735 [0] NCCL INFO ncclPollProxyResponse Received new opId=0x155213a93de0
dgx-48:645392:645738 [0] NCCL INFO Received and initiated operation=Init res=0
dgx-48:645392:645735 [0] NCCL INFO resp.opId=0x155213a93de0 matches expected opId=0x155213a93de0
dgx-48:645392:645735 [0] NCCL INFO Connected to proxy localRank 0 -> connection 0x1551fc006260
dgx-48:645392:645738 [0] NCCL INFO proxyProgressAsync opId=0x155213a93de0 op.type=3 op.reqBuff=0x1551fc1ec370 op.respSize=0 done
dgx-48:645392:645738 [0] NCCL INFO Received and initiated operation=Setup res=0
dgx-48:645392:645735 [0] NCCL INFO ncclPollProxyResponse Received new opId=0x155213a93de0
dgx-48:645392:645735 [0] NCCL INFO resp.opId=0x155213a93de0 matches expected opId=0x155213a93de0
dgx-48:645392:645735 [0] NCCL INFO Channel 02/0 : 3[0] -> 1[0] [send] via NET/IB/0/GDRDMA
dgx-48:645392:645735 [0] NCCL INFO GPU Direct RDMA Enabled for GPU 1b000 / HCA 0 (distance 4 <= 6), read 1
dgx-48:645392:645738 [0] NCCL INFO New proxy send connection 11 from local rank 0, transport 2
dgx-48:645392:645738 [0] NCCL INFO proxyProgressAsync opId=0x155213a93de0 op.type=1 op.reqBuff=0x1551fc1ec5b0 op.respSize=16 done
dgx-48:645392:645735 [0] NCCL INFO ncclPollProxyResponse Received new opId=0x155213a93de0
dgx-48:645392:645738 [0] NCCL INFO Received and initiated operation=Init res=0
dgx-48:645392:645735 [0] NCCL INFO resp.opId=0x155213a93de0 matches expected opId=0x155213a93de0
dgx-48:645392:645735 [0] NCCL INFO Connected to proxy localRank 0 -> connection 0x1551fc0062d8
dgx-48:645392:645738 [0] NCCL INFO proxyProgressAsync opId=0x155213a93de0 op.type=3 op.reqBuff=0x1551fc1ec370 op.respSize=0 done
dgx-48:645392:645735 [0] NCCL INFO ncclPollProxyResponse Received new opId=0x155213a93de0
dgx-48:645392:645738 [0] NCCL INFO Received and initiated operation=Setup res=0
dgx-48:645392:645735 [0] NCCL INFO resp.opId=0x155213a93de0 matches expected opId=0x155213a93de0
dgx-48:645392:645735 [0] NCCL INFO Channel 03/0 : 3[0] -> 1[0] [send] via NET/IB/0/GDRDMA
dgx-48:645392:645735 [0] NCCL INFO GPU Direct RDMA Enabled for GPU 1b000 / HCA 0 (distance 4 <= 6), read 1
dgx-48:645392:645738 [0] NCCL INFO New proxy send connection 12 from local rank 0, transport 2
dgx-48:645392:645738 [0] NCCL INFO proxyProgressAsync opId=0x155213a93de0 op.type=1 op.reqBuff=0x1551fc1ec480 op.respSize=16 done
dgx-48:645392:645735 [0] NCCL INFO ncclPollProxyResponse Received new opId=0x155213a93de0
dgx-48:645392:645738 [0] NCCL INFO Received and initiated operation=Init res=0
dgx-48:645392:645735 [0] NCCL INFO resp.opId=0x155213a93de0 matches expected opId=0x155213a93de0
dgx-48:645392:645735 [0] NCCL INFO Connected to proxy localRank 0 -> connection 0x1551fc006350
dgx-48:645392:645738 [0] NCCL INFO proxyProgressAsync opId=0x155213a93de0 op.type=3 op.reqBuff=0x1551fc3f4fd0 op.respSize=0 done
dgx-48:645392:645735 [0] NCCL INFO ncclPollProxyResponse Received new opId=0x155213a93de0
dgx-48:645392:645738 [0] NCCL INFO Received and initiated operation=Setup res=0
dgx-48:645392:645735 [0] NCCL INFO resp.opId=0x155213a93de0 matches expected opId=0x155213a93de0
dgx-48:645392:645735 [0] NCCL INFO Channel 00/0 : 3[0] -> 2[0] [send] via NET/IB/0/GDRDMA
dgx-48:645392:645735 [0] NCCL INFO GPU Direct RDMA Enabled for GPU 1b000 / HCA 0 (distance 4 <= 6), read 1
dgx-48:645392:645738 [0] NCCL INFO New proxy send connection 13 from local rank 0, transport 2
dgx-48:645392:645738 [0] NCCL INFO proxyProgressAsync opId=0x155213a93de0 op.type=1 op.reqBuff=0x1551fc1ec480 op.respSize=16 done
dgx-48:645392:645735 [0] NCCL INFO ncclPollProxyResponse Received new opId=0x155213a93de0
dgx-48:645392:645738 [0] NCCL INFO Received and initiated operation=Init res=0
dgx-48:645392:645735 [0] NCCL INFO resp.opId=0x155213a93de0 matches expected opId=0x155213a93de0
dgx-48:645392:645735 [0] NCCL INFO Connected to proxy localRank 0 -> connection 0x1551fc0063c8
dgx-48:645392:645738 [0] NCCL INFO proxyProgressAsync opId=0x155213a93de0 op.type=3 op.reqBuff=0x1551fc1ec370 op.respSize=0 done
dgx-48:645392:645738 [0] NCCL INFO Received and initiated operation=Setup res=0
dgx-48:645392:645735 [0] NCCL INFO ncclPollProxyResponse Received new opId=0x155213a93de0
dgx-48:645392:645735 [0] NCCL INFO resp.opId=0x155213a93de0 matches expected opId=0x155213a93de0
dgx-48:645392:645735 [0] NCCL INFO Channel 01/0 : 3[0] -> 2[0] [send] via NET/IB/0/GDRDMA
dgx-48:645392:645735 [0] NCCL INFO sendConnect ncclProxyCallAsync opId=0x155213ad4638
dgx-48:645392:645735 [0] NCCL INFO recvConnect ncclProxyCallAsync opId=0x155213ad47d8 &recv->proxyConn=0x155213ad47e0 connectInfo=0x155213af0550
dgx-48:645392:645735 [0] NCCL INFO sendConnect ncclProxyCallAsync opId=0x155213ad9548
dgx-48:645392:645735 [0] NCCL INFO recvConnect ncclProxyCallAsync opId=0x155213ad96e8 &recv->proxyConn=0x155213ad96f0 connectInfo=0x155213af05d0
dgx-48:645392:645735 [0] NCCL INFO sendConnect ncclProxyCallAsync opId=0x155213ababd0
dgx-48:645392:645735 [0] NCCL INFO sendConnect ncclProxyCallAsync opId=0x155213acfb60
dgx-48:645392:645738 [0] NCCL INFO transport/net_ib.cc:985 Ib Alloc Size 181568 pointer 0x1551fc462000
dgx-48:645392:645738 [0] NCCL INFO NET/IB: NCCL Dev 0 IbDev 0 Port 1 qpn 24248 mtu 5 LID 319 fifoRkey=0x17995a fifoLkey=0x17995a
dgx-48:645392:645738 [0] NCCL INFO transport/net_ib.cc:1077 Ib Alloc Size 3336 pointer 0x1551fc4c7000
dgx-48:645392:645738 [0] NCCL INFO Received and initiated operation=Connect res=0
dgx-48:645392:645738 [0] NCCL INFO transport/net_ib.cc:1191 Ib Alloc Size 164448 pointer 0x1551fc4ce000
dgx-48:645392:645738 [0] NCCL INFO transport/net_ib.cc:1204 Ib Alloc Size 3336 pointer 0x1551fc4f8000
dgx-48:645392:645738 [0] NCCL INFO Received and initiated operation=Connect res=0
dgx-48:645392:645738 [0] NCCL INFO transport/net_ib.cc:985 Ib Alloc Size 181568 pointer 0x1551fc4ff000
dgx-48:645392:645738 [0] NCCL INFO NET/IB: NCCL Dev 0 IbDev 0 Port 1 qpn 24249 mtu 5 LID 319 fifoRkey=0x17bc7d fifoLkey=0x17bc7d
dgx-48:645392:645738 [0] NCCL INFO transport/net_ib.cc:1077 Ib Alloc Size 3336 pointer 0x1551fc568000
dgx-48:645392:645738 [0] NCCL INFO Received and initiated operation=Connect res=0
dgx-48:645392:645738 [0] NCCL INFO transport/net_ib.cc:1345 Ib Alloc Size 3336 pointer 0x1551fc5cf000
dgx-48:645392:645738 [0] NCCL INFO transport/net_ib.cc:1191 Ib Alloc Size 164448 pointer 0x1551fc5d6000
dgx-48:645392:645738 [0] NCCL INFO transport/net_ib.cc:1204 Ib Alloc Size 3336 pointer 0x1551fc600000
dgx-48:645392:645738 [0] NCCL INFO Received and initiated operation=Connect res=0
dgx-48:645392:645738 [0] NCCL INFO Allocated shareable buffer 0x15523fe00000 size 10485760 ipcDesc 0x1551fc44d8e0
dgx-48:645392:645738 [0] NCCL INFO transport/net.cc:745 Cuda Host Alloc Size 532480 pointer 0x15523f282000
dgx-48:645392:645738 [0] NCCL INFO proxyProgressAsync opId=0x155213ad4638 op.type=4 op.reqBuff=0x1551fc1ec5f0 op.respSize=21040 done
dgx-48:645392:645735 [0] NCCL INFO ncclPollProxyResponse Received new opId=0x155213ad4638
dgx-48:645392:645735 [0] NCCL INFO Queuing opId=0x155213ad4638 respBuff=0x155213af0450 respSize=21040
dgx-48:645392:645735 [0] NCCL INFO ncclPollProxyResponse Dequeued cached opId=0x155213ad4638
dgx-48:645392:645735 [0] NCCL INFO sendConnect ncclPollProxyResponse opId=0x155213ad4638
dgx-48:645392:645738 [0] NCCL INFO Allocated shareable buffer 0x155240800000 size 9633792 ipcDesc 0x1551fc4432c0
dgx-48:645392:645738 [0] NCCL INFO transport/net.cc:894 Cuda Host Alloc Size 8192 pointer 0x15523578e200
dgx-48:645392:645738 [0] NCCL INFO proxyProgressAsync opId=0x155213ad47d8 op.type=4 op.reqBuff=0x1551fc1ecd40 op.respSize=21040 done
dgx-48:645392:645735 [0] NCCL INFO ncclPollProxyResponse Received new opId=0x155213ad47d8
dgx-48:645392:645735 [0] NCCL INFO Queuing opId=0x155213ad47d8 respBuff=0x155213af0450 respSize=21040
dgx-48:645392:645735 [0] NCCL INFO ncclPollProxyResponse Dequeued cached opId=0x155213ad47d8
dgx-48:645392:645735 [0] NCCL INFO recvConnect ncclPollProxyResponse opId=0x155213ad47d8
dgx-48:645392:645738 [0] NCCL INFO transport/net_ib.cc:1345 Ib Alloc Size 3336 pointer 0x1551fc65f000
dgx-48:645392:645738 [0] NCCL INFO transport/net_ib.cc:985 Ib Alloc Size 181568 pointer 0x1551fc666000
dgx-48:645392:645738 [0] NCCL INFO NET/IB: NCCL Dev 0 IbDev 0 Port 1 qpn 24254 mtu 5 LID 319 fifoRkey=0x176828 fifoLkey=0x176828
dgx-48:645392:645738 [0] NCCL INFO transport/net_ib.cc:1077 Ib Alloc Size 3336 pointer 0x1551fc6cf000
dgx-48:645392:645738 [0] NCCL INFO Received and initiated operation=Connect res=0
dgx-48:645392:645738 [0] NCCL INFO Allocated shareable buffer 0x155241200000 size 10485760 ipcDesc 0x1551fc452bd0
dgx-48:645392:645738 [0] NCCL INFO transport/net.cc:745 Cuda Host Alloc Size 532480 pointer 0x15523f304000
dgx-48:645392:645738 [0] NCCL INFO Mem Realloc old size 1024, new size 2048 pointer 0x1551fc65e0c0
dgx-48:645392:645738 [0] NCCL INFO proxyProgressAsync opId=0x155213ad9548 op.type=4 op.reqBuff=0x1551fc1ecda0 op.respSize=21040 done
dgx-48:645392:645735 [0] NCCL INFO ncclPollProxyResponse Received new opId=0x155213ad9548
dgx-48:645392:645735 [0] NCCL INFO Queuing opId=0x155213ad9548 respBuff=0x155213ae5fd0 respSize=21040
dgx-48:645392:645735 [0] NCCL INFO ncclPollProxyResponse Dequeued cached opId=0x155213ad9548
dgx-48:645392:645735 [0] NCCL INFO sendConnect ncclPollProxyResponse opId=0x155213ad9548
dgx-48:645392:645738 [0] NCCL INFO Allocated shareable buffer 0x155241c00000 size 9633792 ipcDesc 0x1551fc4485d0
dgx-48:645392:645738 [0] NCCL INFO transport/net.cc:894 Cuda Host Alloc Size 8192 pointer 0x155235790200
dgx-48:645392:645738 [0] NCCL INFO proxyProgressAsync opId=0x155213ad96e8 op.type=4 op.reqBuff=0x1551fc4cdfe0 op.respSize=21040 done
dgx-48:645392:645735 [0] NCCL INFO ncclPollProxyResponse Received new opId=0x155213ad96e8
dgx-48:645392:645735 [0] NCCL INFO Queuing opId=0x155213ad96e8 respBuff=0x155213af0450 respSize=21040
dgx-48:645392:645735 [0] NCCL INFO ncclPollProxyResponse Dequeued cached opId=0x155213ad96e8
dgx-48:645392:645735 [0] NCCL INFO recvConnect ncclPollProxyResponse opId=0x155213ad96e8
dgx-48:645392:645738 [0] NCCL INFO Allocated shareable buffer 0x155242600000 size 10485760 ipcDesc 0x1551fc457ec0
dgx-48:645392:645738 [0] NCCL INFO transport/net.cc:745 Cuda Host Alloc Size 532480 pointer 0x155243000000
dgx-48:645392:645738 [0] NCCL INFO proxyProgressAsync opId=0x155213ababd0 op.type=4 op.reqBuff=0x1551fc569d30 op.respSize=21040 done
dgx-48:645392:645735 [0] NCCL INFO ncclPollProxyResponse Received new opId=0x155213ababd0
dgx-48:645392:645735 [0] NCCL INFO Queuing opId=0x155213ababd0 respBuff=0x155213b04d80 respSize=21040
dgx-48:645392:645735 [0] NCCL INFO ncclPollProxyResponse Dequeued cached opId=0x155213ababd0
dgx-48:645392:645735 [0] NCCL INFO sendConnect ncclPollProxyResponse opId=0x155213ababd0
dgx-48:645392:645738 [0] NCCL INFO transport/net_ib.cc:985 Ib Alloc Size 181568 pointer 0x1551fc6d1000
dgx-48:645392:645738 [0] NCCL INFO NET/IB: NCCL Dev 0 IbDev 0 Port 1 qpn 24255 mtu 5 LID 319 fifoRkey=0x17f2b2 fifoLkey=0x17f2b2
dgx-48:645392:645738 [0] NCCL INFO transport/net_ib.cc:1077 Ib Alloc Size 3336 pointer 0x1551fc732000
dgx-48:645392:645738 [0] NCCL INFO Received and initiated operation=Connect res=0
dgx-48:645392:645738 [0] NCCL INFO Allocated shareable buffer 0x155243200000 size 10485760 ipcDesc 0x1551fc45d1b0
dgx-48:645392:645738 [0] NCCL INFO transport/net.cc:745 Cuda Host Alloc Size 532480 pointer 0x155243082000
dgx-48:645392:645738 [0] NCCL INFO proxyProgressAsync opId=0x155213acfb60 op.type=4 op.reqBuff=0x1551fc569d30 op.respSize=21040 done
dgx-48:645392:645735 [0] NCCL INFO ncclPollProxyResponse Received new opId=0x155213acfb60
dgx-48:645392:645735 [0] NCCL INFO resp.opId=0x155213acfb60 matches expected opId=0x155213acfb60
dgx-48:645392:645735 [0] NCCL INFO sendConnect ncclPollProxyResponse opId=0x155213acfb60
dgx-48:645392:645735 [0] NCCL INFO Connected all trees
dgx-48:645392:645735 [0] NCCL INFO threadThresholds 8/8/64 | 32/8/64 | 512 | 512
dgx-48:645392:645735 [0] NCCL INFO 4 coll channels, 4 collnet channels, 0 nvls channels, 4 p2p channels, 2 p2p channels per peer
dgx-48:645392:645738 [0] NCCL INFO New proxy send connection 14 from local rank 0, transport 2
dgx-48:645392:645738 [0] NCCL INFO proxyProgressAsync opId=0x155213a93de0 op.type=1 op.reqBuff=0x1551fc569d70 op.respSize=16 done
dgx-48:645392:645735 [0] NCCL INFO ncclPollProxyResponse Received new opId=0x155213a93de0
dgx-48:645392:645738 [0] NCCL INFO Received and initiated operation=Init res=0
dgx-48:645392:645735 [0] NCCL INFO resp.opId=0x155213a93de0 matches expected opId=0x155213a93de0
dgx-48:645392:645735 [0] NCCL INFO Connected to proxy localRank 0 -> connection 0x1551fc006440
dgx-48:645392:645738 [0] NCCL INFO Allocated shareable buffer 0x155243c00000 size 8388608 ipcDesc 0x1551fc612238
dgx-48:645392:645738 [0] NCCL INFO proxyProgressAsync opId=0x155213a93de0 op.type=2 op.reqBuff=0x1551fc6121e0 op.respSize=0 done
dgx-48:645392:645735 [0] NCCL INFO ncclPollProxyResponse Received new opId=0x155213a93de0
dgx-48:645392:645738 [0] NCCL INFO Received and initiated operation=SharedInit res=0
dgx-48:645392:645735 [0] NCCL INFO resp.opId=0x155213a93de0 matches expected opId=0x155213a93de0
dgx-48:645392:645735 [0] NCCL INFO init.cc:402 Cuda Alloc Size 11856 pointer 0x155244400000
dgx-48:645392:645735 [0] NCCL INFO init.cc:430 Cuda Host Alloc Size 33554432 pointer 0x155244600000
dgx-48:645392:645735 [0] NCCL INFO init.cc:436 Cuda Host Alloc Size 128 pointer 0x155235792200
dgx-48:645392:645735 [0] NCCL INFO TUNER/Plugin: Plugin load returned 2 : libnccl-net.so: cannot open shared object file: No such file or directory : when loading libnccl-tuner.so
dgx-48:645392:645735 [0] NCCL INFO TUNER/Plugin: Using internal tuner plugin.
dgx-48:645392:645735 [0] NCCL INFO ncclCommInitRank comm 0x8339610 rank 3 nranks 4 cudaDev 0 nvmlDev 0 busId 1b000 commId 0xb2ea792f3efd1173 - Init COMPLETE
dgx-48:645392:645392 [0] NCCL INFO AllReduce: opCount 0 sendbuff 0x15524fe00200 recvbuff 0x15524fe00200 count 1 datatype 7 op 0 root 0 comm 0x8339610 [nranks=4] stream 0x7c19f50
dgx-48:645392:645392 [0] NCCL INFO misc/utils.cc:235 memory stack hunk malloc(65536)
dgx-48:645392:645392 [0] NCCL INFO AllReduce: opCount 1 sendbuff 0x15524fe00000 recvbuff 0x15524fe00000 count 1 datatype 7 op 0 root 0 comm 0x8339610 [nranks=4] stream 0x7c19f50
Rank 3: Received model_metadata: {'block_shape': torch.Size([13015864320])}
dgx-48:645392:645392 [0] NCCL INFO AllReduce: opCount 2 sendbuff 0x15524fe00200 recvbuff 0x15524fe00200 count 1 datatype 7 op 0 root 0 comm 0x8339610 [nranks=4] stream 0x7c19f50
Rank [3]: Block 0 in gpu before brocast: 0.0
Rank [3]: Starting broadcast...
dgx-48:645392:645392 [0] NCCL INFO Broadcast: opCount 3 sendbuff 0x154bbe000000 recvbuff 0x154bbe000000 count 26031728640 datatype 0 op 0 root 0 comm 0x8339610 [nranks=4] stream 0x7c19f50
dgx-48:645392:645392 [0] NCCL INFO AllReduce: opCount 4 sendbuff 0x15524fe00000 recvbuff 0x15524fe00000 count 1 datatype 7 op 0 root 0 comm 0x8339610 [nranks=4] stream 0x7c19f50
Rank [3]: Total Broadcast Time 529.204 ms.
Rank [3]: First block after broadcast: -4.887580871582031e-06
dgx-48:645392:645738 [0] NCCL INFO [Service thread] Connection closed by localRank 0
dgx-48:645392:645739 [0] NCCL INFO [Proxy Service UDS] exit: stop 1 abortFlag 1
dgx-48:645392:645741 [0] NCCL INFO comm 0x8339610 rank 3 nranks 4 cudaDev 0 busId 1b000 - Abort COMPLETE
